###############################################################################
#
# IAR ELF Linker V7.80.1.11864/W32 for ARM                07/Oct/2018  10:31:16
# Copyright 2007-2016 IAR Systems AB.
#
#    Output file  =  
#        C:\Users\ASUS\Desktop\Duc Hoc ARM\UART\UART La Ban\EWARM\UART La
#        Ban\Exe\UART La Ban.out
#    Map file     =  
#        C:\Users\ASUS\Desktop\Duc Hoc ARM\UART\UART La Ban\EWARM\UART La
#        Ban\List\UART La Ban.map
#    Command line =  
#        "C:\Users\ASUS\Desktop\Duc Hoc ARM\UART\UART La Ban\EWARM\UART La
#        Ban\Obj\main.o" "C:\Users\ASUS\Desktop\Duc Hoc ARM\UART\UART La
#        Ban\EWARM\UART La Ban\Obj\startup_stm32f407xx.o"
#        "C:\Users\ASUS\Desktop\Duc Hoc ARM\UART\UART La Ban\EWARM\UART La
#        Ban\Obj\stm32f4xx_hal.o" "C:\Users\ASUS\Desktop\Duc Hoc ARM\UART\UART
#        La Ban\EWARM\UART La Ban\Obj\stm32f4xx_hal_cortex.o"
#        "C:\Users\ASUS\Desktop\Duc Hoc ARM\UART\UART La Ban\EWARM\UART La
#        Ban\Obj\stm32f4xx_hal_dma.o" "C:\Users\ASUS\Desktop\Duc Hoc
#        ARM\UART\UART La Ban\EWARM\UART La Ban\Obj\stm32f4xx_hal_dma_ex.o"
#        "C:\Users\ASUS\Desktop\Duc Hoc ARM\UART\UART La Ban\EWARM\UART La
#        Ban\Obj\stm32f4xx_hal_flash.o" "C:\Users\ASUS\Desktop\Duc Hoc
#        ARM\UART\UART La Ban\EWARM\UART La Ban\Obj\stm32f4xx_hal_flash_ex.o"
#        "C:\Users\ASUS\Desktop\Duc Hoc ARM\UART\UART La Ban\EWARM\UART La
#        Ban\Obj\stm32f4xx_hal_flash_ramfunc.o" "C:\Users\ASUS\Desktop\Duc Hoc
#        ARM\UART\UART La Ban\EWARM\UART La Ban\Obj\stm32f4xx_hal_gpio.o"
#        "C:\Users\ASUS\Desktop\Duc Hoc ARM\UART\UART La Ban\EWARM\UART La
#        Ban\Obj\stm32f4xx_hal_msp.o" "C:\Users\ASUS\Desktop\Duc Hoc
#        ARM\UART\UART La Ban\EWARM\UART La Ban\Obj\stm32f4xx_hal_pwr.o"
#        "C:\Users\ASUS\Desktop\Duc Hoc ARM\UART\UART La Ban\EWARM\UART La
#        Ban\Obj\stm32f4xx_hal_pwr_ex.o" "C:\Users\ASUS\Desktop\Duc Hoc
#        ARM\UART\UART La Ban\EWARM\UART La Ban\Obj\stm32f4xx_hal_rcc.o"
#        "C:\Users\ASUS\Desktop\Duc Hoc ARM\UART\UART La Ban\EWARM\UART La
#        Ban\Obj\stm32f4xx_hal_rcc_ex.o" "C:\Users\ASUS\Desktop\Duc Hoc
#        ARM\UART\UART La Ban\EWARM\UART La Ban\Obj\stm32f4xx_hal_uart.o"
#        "C:\Users\ASUS\Desktop\Duc Hoc ARM\UART\UART La Ban\EWARM\UART La
#        Ban\Obj\stm32f4xx_it.o" "C:\Users\ASUS\Desktop\Duc Hoc ARM\UART\UART
#        La Ban\EWARM\UART La Ban\Obj\system_stm32f4xx.o" --redirect
#        _Printf=_PrintfFull --redirect _Scanf=_ScanfFull -o
#        "C:\Users\ASUS\Desktop\Duc Hoc ARM\UART\UART La Ban\EWARM\UART La
#        Ban\Exe\UART La Ban.out" --map "C:\Users\ASUS\Desktop\Duc Hoc
#        ARM\UART\UART La Ban\EWARM\UART La Ban\List\UART La Ban.map" --config
#        "C:\Users\ASUS\Desktop\Duc Hoc ARM\UART\UART La
#        Ban\EWARM/stm32f407xx_flash.icf" --semihosting --entry
#        __iar_program_start --vfe
#
###############################################################################

*******************************************************************************
*** RUNTIME MODEL ATTRIBUTES
***

CppFlavor       = *
__SystemLibrary = DLib


*******************************************************************************
*** PLACEMENT SUMMARY
***

"A0":  place at 0x08000000 { ro section .intvec };
"P1":  place in [from 0x08000000 to 0x080fffff] { ro };
"P2":  place in [from 0x20000000 to 0x2001ffff] { rw, block CSTACK, block HEAP };
initialize by copy { rw };

  Section            Kind        Address    Size  Object
  -------            ----        -------    ----  ------
"A0":                                      0x188
  .intvec            ro code  0x08000000   0x188  startup_stm32f407xx.o [1]
                            - 0x08000188   0x188

"P1":                                     0x179a
  .text              ro code  0x08000188   0x572  stm32f4xx_hal_uart.o [1]
  .text              ro code  0x080006fc   0x1c8  stm32f4xx_hal_msp.o [1]
  .text              ro code  0x080008c4   0x394  stm32f4xx_hal_dma.o [1]
  .text              ro code  0x08000c58     0x2  stm32f4xx_hal_uart.o [1]
  .text              ro code  0x08000c5a     0x2  stm32f4xx_hal_uart.o [1]
  .text              ro code  0x08000c5c   0x1e2  main.o [1]
  .text              ro code  0x08000e3e     0x2  stm32f4xx_hal_uart.o [1]
  .text              ro code  0x08000e40   0x1d0  stm32f4xx_hal_rcc.o [1]
  .text              ro code  0x08001010    0xde  stm32f4xx_hal_cortex.o [1]
  .text              ro code  0x080010f0   0x1d0  stm32f4xx_hal_gpio.o [1]
  .text              ro code  0x080012c0     0xc  stm32f4xx_hal.o [1]
  .text              ro code  0x080012cc    0x34  stm32f4xx_hal.o [1]
  .text              ro code  0x08001300    0x1e  stm32f4xx_hal.o [1]
  .text              ro code  0x08001320   0x298  stm32f4xx_hal_rcc.o [1]
  .text              ro code  0x080015b8    0x28  stm32f4xx_hal.o [1]
  .text              ro code  0x080015e0    0x60  system_stm32f4xx.o [1]
  .text              ro code  0x08001640    0x48  stm32f4xx_it.o [1]
  .text              ro code  0x08001688    0x10  stm32f4xx_hal.o [1]
  .text              ro code  0x08001698    0x40  zero_init3.o [5]
  .text              ro code  0x080016d8    0x38  packbits_init_single.o [5]
  .text              ro code  0x08001710    0x28  data_init.o [5]
  .text              ro code  0x08001738    0x22  fpinit_M.o [4]
  .iar.init_table    const    0x0800175c    0x20  - Linker created -
  .text              ro code  0x0800177c    0x1a  cmain.o [5]
  .text              ro code  0x08001796     0x4  low_level_init.o [3]
  .text              ro code  0x0800179a     0x4  exit.o [3]
  .text              ro code  0x080017a0     0xa  cexit.o [5]
  .text              ro code  0x080017ac    0x14  exit.o [6]
  .text              ro code  0x080017c0    0x10  startup_stm32f407xx.o [1]
  .text              ro code  0x080017d0     0xc  cstartup_M.o [5]
  .rodata            const    0x080017dc     0x8  system_stm32f4xx.o [1]
  .text              ro code  0x080017e4     0x4  startup_stm32f407xx.o [1]
  .text              ro code  0x080017e8     0x4  startup_stm32f407xx.o [1]
  .text              ro code  0x080017ec     0x4  startup_stm32f407xx.o [1]
  .text              ro code  0x080017f0     0x4  startup_stm32f407xx.o [1]
  .text              ro code  0x080017f4     0x4  startup_stm32f407xx.o [1]
  .text              ro code  0x080017f8     0x4  startup_stm32f407xx.o [1]
  .text              ro code  0x080017fc     0x4  startup_stm32f407xx.o [1]
  .text              ro code  0x08001800     0x4  startup_stm32f407xx.o [1]
  .text              ro code  0x08001804     0x4  startup_stm32f407xx.o [1]
  .text              ro code  0x08001808     0x4  startup_stm32f407xx.o [1]
  .text              ro code  0x0800180c     0x4  startup_stm32f407xx.o [1]
  .text              ro code  0x08001810     0x4  startup_stm32f407xx.o [1]
  .text              ro code  0x08001814     0x4  startup_stm32f407xx.o [1]
  .text              ro code  0x08001818     0x4  startup_stm32f407xx.o [1]
  .text              ro code  0x0800181c     0x4  startup_stm32f407xx.o [1]
  .text              ro code  0x08001820     0x4  startup_stm32f407xx.o [1]
  .text              ro code  0x08001824     0x4  startup_stm32f407xx.o [1]
  .text              ro code  0x08001828     0x4  startup_stm32f407xx.o [1]
  .text              ro code  0x0800182c     0x4  startup_stm32f407xx.o [1]
  .text              ro code  0x08001830     0x4  startup_stm32f407xx.o [1]
  .text              ro code  0x08001834     0x4  startup_stm32f407xx.o [1]
  .text              ro code  0x08001838     0x4  startup_stm32f407xx.o [1]
  .text              ro code  0x0800183c     0x4  startup_stm32f407xx.o [1]
  .text              ro code  0x08001840     0x4  startup_stm32f407xx.o [1]
  .text              ro code  0x08001844     0x4  startup_stm32f407xx.o [1]
  .text              ro code  0x08001848     0x4  startup_stm32f407xx.o [1]
  .text              ro code  0x0800184c     0x4  startup_stm32f407xx.o [1]
  .text              ro code  0x08001850     0x4  startup_stm32f407xx.o [1]
  .text              ro code  0x08001854     0x4  startup_stm32f407xx.o [1]
  .text              ro code  0x08001858     0x4  startup_stm32f407xx.o [1]
  .text              ro code  0x0800185c     0x4  startup_stm32f407xx.o [1]
  .text              ro code  0x08001860     0x4  startup_stm32f407xx.o [1]
  .text              ro code  0x08001864     0x4  startup_stm32f407xx.o [1]
  .text              ro code  0x08001868     0x4  startup_stm32f407xx.o [1]
  .text              ro code  0x0800186c     0x4  startup_stm32f407xx.o [1]
  .text              ro code  0x08001870     0x4  startup_stm32f407xx.o [1]
  .text              ro code  0x08001874     0x4  startup_stm32f407xx.o [1]
  .text              ro code  0x08001878     0x4  startup_stm32f407xx.o [1]
  .text              ro code  0x0800187c     0x4  startup_stm32f407xx.o [1]
  .text              ro code  0x08001880     0x4  startup_stm32f407xx.o [1]
  .text              ro code  0x08001884     0x4  startup_stm32f407xx.o [1]
  .text              ro code  0x08001888     0x4  startup_stm32f407xx.o [1]
  .text              ro code  0x0800188c     0x4  startup_stm32f407xx.o [1]
  .text              ro code  0x08001890     0x4  startup_stm32f407xx.o [1]
  .text              ro code  0x08001894     0x4  startup_stm32f407xx.o [1]
  .text              ro code  0x08001898     0x4  startup_stm32f407xx.o [1]
  .text              ro code  0x0800189c     0x4  startup_stm32f407xx.o [1]
  .text              ro code  0x080018a0     0x4  startup_stm32f407xx.o [1]
  .text              ro code  0x080018a4     0x4  startup_stm32f407xx.o [1]
  .text              ro code  0x080018a8     0x4  startup_stm32f407xx.o [1]
  .text              ro code  0x080018ac     0x4  startup_stm32f407xx.o [1]
  .text              ro code  0x080018b0     0x4  startup_stm32f407xx.o [1]
  .text              ro code  0x080018b4     0x4  startup_stm32f407xx.o [1]
  .text              ro code  0x080018b8     0x4  startup_stm32f407xx.o [1]
  .text              ro code  0x080018bc     0x4  startup_stm32f407xx.o [1]
  .text              ro code  0x080018c0     0x4  startup_stm32f407xx.o [1]
  .text              ro code  0x080018c4     0x4  startup_stm32f407xx.o [1]
  .text              ro code  0x080018c8     0x4  startup_stm32f407xx.o [1]
  .text              ro code  0x080018cc     0x4  startup_stm32f407xx.o [1]
  .text              ro code  0x080018d0     0x4  startup_stm32f407xx.o [1]
  .text              ro code  0x080018d4     0x4  startup_stm32f407xx.o [1]
  .text              ro code  0x080018d8     0x4  startup_stm32f407xx.o [1]
  .text              ro code  0x080018dc     0x4  startup_stm32f407xx.o [1]
  .text              ro code  0x080018e0     0x4  startup_stm32f407xx.o [1]
  .text              ro code  0x080018e4     0x4  startup_stm32f407xx.o [1]
  .text              ro code  0x080018e8     0x4  startup_stm32f407xx.o [1]
  .text              ro code  0x080018ec     0x4  startup_stm32f407xx.o [1]
  .text              ro code  0x080018f0     0x4  startup_stm32f407xx.o [1]
  .text              ro code  0x080018f4     0x4  startup_stm32f407xx.o [1]
  .text              ro code  0x080018f8     0x4  startup_stm32f407xx.o [1]
  .text              ro code  0x080018fc     0x4  startup_stm32f407xx.o [1]
  .text              ro code  0x08001900     0x4  startup_stm32f407xx.o [1]
  .text              ro code  0x08001904     0x4  startup_stm32f407xx.o [1]
  .text              ro code  0x08001908     0x4  startup_stm32f407xx.o [1]
  .text              ro code  0x0800190c     0x4  startup_stm32f407xx.o [1]
  .text              ro code  0x08001910     0x4  startup_stm32f407xx.o [1]
  .text              ro code  0x08001914     0x4  startup_stm32f407xx.o [1]
  .rodata            const    0x08001918     0x0  zero_init3.o [5]
  .rodata            const    0x08001918     0x0  packbits_init_single.o [5]
  Initializer bytes  const    0x08001918     0xa  <for P2-1>
                            - 0x08001922  0x179a

"P2", part 1 of 3:                          0x8c
  P2-1                        0x20000000    0x8c  <Init block>
    .data            inited   0x20000000    0x86  main.o [1]
    .data            inited   0x20000088     0x4  system_stm32f4xx.o [1]
                            - 0x2000008c    0x8c

"P2", part 2 of 3:                         0x400
  CSTACK                      0x20000090   0x400  <Block>
    CSTACK           uninit   0x20000090   0x400  <Block tail>
                            - 0x20000490   0x400

"P2", part 3 of 3:                          0xc4
  .bss               zero     0x20000490    0x60  main.o [1]
  .bss               zero     0x200004f0    0x60  main.o [1]
  .bss               zero     0x20000550     0x4  stm32f4xx_hal.o [1]
                            - 0x20000554    0xc4


*******************************************************************************
*** INIT TABLE
***

          Address     Size
          -------     ----
Zero (__iar_zero_init3)
    1 destination range, total size 0xc4:
          0x20000490  0xc4

Copy/packbits (__iar_packbits_init_single3)
    1 source range, total size 0xa (7% of destination):
          0x08001918   0xa
    1 destination range, total size 0x8c:
          0x20000000  0x8c



*******************************************************************************
*** MODULE SUMMARY
***

    Module                  ro code  ro data  rw data
    ------                  -------  -------  -------
C:\Users\ASUS\Desktop\Duc Hoc ARM\UART\UART La Ban\EWARM\UART La Ban\Obj: [1]
    main.o                      482        9      326
    startup_stm32f407xx.o       716
    stm32f4xx_hal.o             150                 4
    stm32f4xx_hal_cortex.o      222
    stm32f4xx_hal_dma.o         916
    stm32f4xx_hal_gpio.o        464
    stm32f4xx_hal_msp.o         456
    stm32f4xx_hal_rcc.o       1 128
    stm32f4xx_hal_uart.o      1 400
    stm32f4xx_it.o               72
    system_stm32f4xx.o           96        9        4
    -------------------------------------------------
    Total:                    6 102       18      334

command line: [2]
    -------------------------------------------------
    Total:

dl7M_tlf.a: [3]
    exit.o                        4
    low_level_init.o              4
    -------------------------------------------------
    Total:                        8

m7M_tls.a: [4]
    fpinit_M.o                   34
    -------------------------------------------------
    Total:                       34

rt7M_tl.a: [5]
    cexit.o                      10
    cmain.o                      26
    cstartup_M.o                 12
    data_init.o                  40
    packbits_init_single.o       56
    zero_init3.o                 64
    -------------------------------------------------
    Total:                      208

shb_l.a: [6]
    exit.o                       20
    -------------------------------------------------
    Total:                       20

    Gaps                         10        2        2
    Linker created                        32    1 024
-----------------------------------------------------
    Grand Total:              6 382       52    1 360


*******************************************************************************
*** ENTRY LIST
***

Entry                      Address   Size  Type      Object
-----                      -------   ----  ----      ------
.iar.init_table$$Base   0x0800175c          --   Gb  - Linker created -
.iar.init_table$$Limit  0x0800177c          --   Gb  - Linker created -
?main                   0x0800177d         Code  Gb  cmain.o [5]
AHBPrescTable           0x08001630   0x10  Data  Gb  system_stm32f4xx.o [1]
APBPrescTable           0x080017dc    0x8  Data  Gb  system_stm32f4xx.o [1]
BusFault_Handler        0x08001647    0x2  Code  Gb  stm32f4xx_it.o [1]
CSTACK$$Base            0x20000090          --   Gb  - Linker created -
CSTACK$$Limit           0x20000490          --   Gb  - Linker created -
DMA1_Stream1_IRQHandler
                        0x0800165f    0x6  Code  Gb  stm32f4xx_it.o [1]
DMA1_Stream5_IRQHandler
                        0x08001665    0x6  Code  Gb  stm32f4xx_it.o [1]
DMA_CalcBaseAndBitshift
                        0x08000c29   0x26  Code  Lc  stm32f4xx_hal_dma.o [1]
DMA_CalcBaseAndBitshift::flagBitshiftOffset
                        0x08000c50    0x8  Data  Lc  stm32f4xx_hal_dma.o [1]
DMA_SetConfig           0x08000c09   0x20  Code  Lc  stm32f4xx_hal_dma.o [1]
DebugMon_Handler        0x0800164d    0x2  Code  Gb  stm32f4xx_it.o [1]
HAL_DMA_Abort_IT        0x08000a27   0x24  Code  Gb  stm32f4xx_hal_dma.o [1]
HAL_DMA_IRQHandler      0x08000a4b  0x18c  Code  Gb  stm32f4xx_hal_dma.o [1]
HAL_DMA_Init            0x080008c5   0xe6  Code  Gb  stm32f4xx_hal_dma.o [1]
HAL_DMA_Start_IT        0x080009ab   0x64  Code  Gb  stm32f4xx_hal_dma.o [1]
HAL_Delay               0x08001301   0x1e  Code  Wk  stm32f4xx_hal.o [1]
HAL_GPIO_Init           0x080010f1  0x1a4  Code  Gb  stm32f4xx_hal_gpio.o [1]
HAL_GetTick             0x080012c1    0xc  Code  Wk  stm32f4xx_hal.o [1]
HAL_IncTick             0x08001689   0x10  Code  Wk  stm32f4xx_hal.o [1]
HAL_Init                0x080012cd   0x30  Code  Gb  stm32f4xx_hal.o [1]
HAL_InitTick            0x080015b9   0x28  Code  Wk  stm32f4xx_hal.o [1]
HAL_MspInit             0x080006fd   0x60  Code  Gb  stm32f4xx_hal_msp.o [1]
HAL_NVIC_EnableIRQ      0x0800107f    0xc  Code  Gb  stm32f4xx_hal_cortex.o [1]
HAL_NVIC_SetPriority    0x08001045   0x3a  Code  Gb  stm32f4xx_hal_cortex.o [1]
HAL_NVIC_SetPriorityGrouping
                        0x0800102b   0x1a  Code  Gb  stm32f4xx_hal_cortex.o [1]
HAL_RCC_ClockConfig     0x08000e41  0x12a  Code  Gb  stm32f4xx_hal_rcc.o [1]
HAL_RCC_GetHCLKFreq     0x08000f79    0x6  Code  Gb  stm32f4xx_hal_rcc.o [1]
HAL_RCC_GetPCLK1Freq    0x08000f7f   0x10  Code  Gb  stm32f4xx_hal_rcc.o [1]
HAL_RCC_GetPCLK2Freq    0x08000f8f    0xe  Code  Gb  stm32f4xx_hal_rcc.o [1]
HAL_RCC_GetSysClockFreq
                        0x08000fbd   0x54  Code  Wk  stm32f4xx_hal_rcc.o [1]
HAL_RCC_OscConfig       0x08001321  0x298  Code  Wk  stm32f4xx_hal_rcc.o [1]
HAL_SYSTICK_CLKSourceConfig
                        0x080010bb   0x14  Code  Gb  stm32f4xx_hal_cortex.o [1]
HAL_SYSTICK_Callback    0x080010ed    0x2  Code  Wk  stm32f4xx_hal_cortex.o [1]
HAL_SYSTICK_Config      0x08001093   0x28  Code  Gb  stm32f4xx_hal_cortex.o [1]
HAL_SYSTICK_IRQHandler  0x080010e9    0x4  Code  Gb  stm32f4xx_hal_cortex.o [1]
HAL_UART_ErrorCallback  0x08000c59    0x2  Code  Wk  stm32f4xx_hal_uart.o [1]
HAL_UART_IRQHandler     0x080002dd  0x14e  Code  Gb  stm32f4xx_hal_uart.o [1]
HAL_UART_Init           0x08000189   0x28  Code  Gb  stm32f4xx_hal_uart.o [1]
HAL_UART_MspInit        0x0800075d   0xcc  Code  Gb  stm32f4xx_hal_msp.o [1]
HAL_UART_Receive_DMA    0x0800023d   0x8e  Code  Gb  stm32f4xx_hal_uart.o [1]
HAL_UART_RxCpltCallback
                        0x08000c5d   0x1a  Code  Gb  main.o [1]
HAL_UART_RxHalfCpltCallback
                        0x08000e3f    0x2  Code  Wk  stm32f4xx_hal_uart.o [1]
HAL_UART_Transmit_IT    0x080001f7   0x40  Code  Gb  stm32f4xx_hal_uart.o [1]
HAL_UART_TxCpltCallback
                        0x08000c5b    0x2  Code  Wk  stm32f4xx_hal_uart.o [1]
HardFault_Handler       0x08001643    0x2  Code  Gb  stm32f4xx_it.o [1]
MemManage_Handler       0x08001645    0x2  Code  Gb  stm32f4xx_it.o [1]
NMI_Handler             0x08001641    0x2  Code  Gb  stm32f4xx_it.o [1]
NVIC_SetPriority        0x08001011   0x1a  Code  Lc  stm32f4xx_hal_cortex.o [1]
PendSV_Handler          0x0800164f    0x2  Code  Gb  stm32f4xx_it.o [1]
Region$$Table$$Base     0x0800175c          --   Gb  - Linker created -
Region$$Table$$Limit    0x0800177c          --   Gb  - Linker created -
SVC_Handler             0x0800164b    0x2  Code  Gb  stm32f4xx_it.o [1]
SysTick_Handler         0x08001651    0xe  Code  Gb  stm32f4xx_it.o [1]
SystemClock_Config      0x08000d75   0xae  Code  Gb  main.o [1]
SystemCoreClock         0x20000088    0x4  Data  Gb  system_stm32f4xx.o [1]
SystemInit              0x080015e1   0x3a  Code  Gb  system_stm32f4xx.o [1]
UART_DMAAbortOnError    0x080004e9    0xc  Code  Lc  stm32f4xx_hal_uart.o [1]
UART_DMAError           0x0800046d   0x4a  Code  Lc  stm32f4xx_hal_uart.o [1]
UART_DMAReceiveCplt     0x0800042d   0x38  Code  Lc  stm32f4xx_hal_uart.o [1]
UART_DMARxHalfCplt      0x08000465    0x6  Code  Lc  stm32f4xx_hal_uart.o [1]
UART_EndRxTransfer      0x080004c9   0x1c  Code  Lc  stm32f4xx_hal_uart.o [1]
UART_EndTxTransfer      0x080004b7   0x12  Code  Lc  stm32f4xx_hal_uart.o [1]
UART_Receive_IT         0x080004f5   0x88  Code  Lc  stm32f4xx_hal_uart.o [1]
UART_SetConfig          0x0800057d  0x13a  Code  Lc  stm32f4xx_hal_uart.o [1]
USART2_IRQHandler       0x0800166b    0x6  Code  Gb  stm32f4xx_it.o [1]
USART3_IRQHandler       0x08001671    0x6  Code  Gb  stm32f4xx_it.o [1]
UsageFault_Handler      0x08001649    0x2  Code  Gb  stm32f4xx_it.o [1]
_Error_Handler          0x08000e3d    0x2  Code  Gb  main.o [1]
__cmain                 0x0800177d         Code  Gb  cmain.o [5]
__exit                  0x080017ad   0x14  Code  Gb  exit.o [6]
__iar_data_init3        0x08001711   0x28  Code  Gb  data_init.o [5]
__iar_init_vfp          0x08001739         Code  Gb  fpinit_M.o [4]
__iar_packbits_init_single3
                        0x080016d9   0x38  Code  Gb  packbits_init_single.o [5]
__iar_program_start     0x080017d1         Code  Gb  cstartup_M.o [5]
__iar_zero_init3        0x08001699   0x40  Code  Gb  zero_init3.o [5]
__low_level_init        0x08001797    0x4  Code  Gb  low_level_init.o [3]
__vector_table          0x08000000         Data  Gb  startup_stm32f407xx.o [1]
_call_main              0x08001789         Code  Gb  cmain.o [5]
_exit                   0x080017a1         Code  Gb  cexit.o [5]
_main                   0x08001793         Code  Gb  cmain.o [5]
echo_receive_data       0x20000085    0x1  Data  Gb  main.o [1]
exit                    0x0800179b    0x4  Code  Gb  exit.o [3]
hdma_usart2_rx          0x20000490   0x60  Data  Gb  main.o [1]
hdma_usart3_rx          0x200004f0   0x60  Data  Gb  main.o [1]
huart2                  0x20000004   0x40  Data  Gb  main.o [1]
huart3                  0x20000044   0x40  Data  Gb  main.o [1]
main                    0x08000c77   0xf2  Code  Gb  main.o [1]
receive_data            0x20000084    0x1  Data  Gb  main.o [1]
send_data               0x20000000    0x1  Data  Gb  main.o [1]
uwTick                  0x20000550    0x4  Data  Gb  stm32f4xx_hal.o [1]


[1] = C:\Users\ASUS\Desktop\Duc Hoc ARM\UART\UART La Ban\EWARM\UART La Ban\Obj
[2] = command line
[3] = dl7M_tlf.a
[4] = m7M_tls.a
[5] = rt7M_tl.a
[6] = shb_l.a

  6 382 bytes of readonly  code memory
     52 bytes of readonly  data memory
  1 360 bytes of readwrite data memory

Errors: none
Warnings: none
