###############################################################################
#
# IAR ELF Linker V8.22.1.15669/W32 for ARM                19/Oct/2018  11:39:15
# Copyright 2007-2018 IAR Systems AB.
#
#    Output file  =  
#        C:\Users\ASUS\Desktop\DucHocARM\ps2\ps2\EWARM\ps2\Exe\ps2.out
#    Map file     =  
#        C:\Users\ASUS\Desktop\DucHocARM\ps2\ps2\EWARM\ps2\List\ps2.map
#    Command line =  
#        -f C:\Users\ASUS\AppData\Local\Temp\EW1FF4.tmp
#        (C:\Users\ASUS\Desktop\DucHocARM\ps2\ps2\EWARM\ps2\Obj\main.o
#        C:\Users\ASUS\Desktop\DucHocARM\ps2\ps2\EWARM\ps2\Obj\startup_stm32f407xx.o
#        C:\Users\ASUS\Desktop\DucHocARM\ps2\ps2\EWARM\ps2\Obj\stm32f4xx_hal.o
#        C:\Users\ASUS\Desktop\DucHocARM\ps2\ps2\EWARM\ps2\Obj\stm32f4xx_hal_cortex.o
#        C:\Users\ASUS\Desktop\DucHocARM\ps2\ps2\EWARM\ps2\Obj\stm32f4xx_hal_dma.o
#        C:\Users\ASUS\Desktop\DucHocARM\ps2\ps2\EWARM\ps2\Obj\stm32f4xx_hal_dma_ex.o
#        C:\Users\ASUS\Desktop\DucHocARM\ps2\ps2\EWARM\ps2\Obj\stm32f4xx_hal_flash.o
#        C:\Users\ASUS\Desktop\DucHocARM\ps2\ps2\EWARM\ps2\Obj\stm32f4xx_hal_flash_ex.o
#        C:\Users\ASUS\Desktop\DucHocARM\ps2\ps2\EWARM\ps2\Obj\stm32f4xx_hal_flash_ramfunc.o
#        C:\Users\ASUS\Desktop\DucHocARM\ps2\ps2\EWARM\ps2\Obj\stm32f4xx_hal_gpio.o
#        C:\Users\ASUS\Desktop\DucHocARM\ps2\ps2\EWARM\ps2\Obj\stm32f4xx_hal_msp.o
#        C:\Users\ASUS\Desktop\DucHocARM\ps2\ps2\EWARM\ps2\Obj\stm32f4xx_hal_pwr.o
#        C:\Users\ASUS\Desktop\DucHocARM\ps2\ps2\EWARM\ps2\Obj\stm32f4xx_hal_pwr_ex.o
#        C:\Users\ASUS\Desktop\DucHocARM\ps2\ps2\EWARM\ps2\Obj\stm32f4xx_hal_rcc.o
#        C:\Users\ASUS\Desktop\DucHocARM\ps2\ps2\EWARM\ps2\Obj\stm32f4xx_hal_rcc_ex.o
#        C:\Users\ASUS\Desktop\DucHocARM\ps2\ps2\EWARM\ps2\Obj\stm32f4xx_hal_tim.o
#        C:\Users\ASUS\Desktop\DucHocARM\ps2\ps2\EWARM\ps2\Obj\stm32f4xx_hal_tim_ex.o
#        C:\Users\ASUS\Desktop\DucHocARM\ps2\ps2\EWARM\ps2\Obj\stm32f4xx_hal_uart.o
#        C:\Users\ASUS\Desktop\DucHocARM\ps2\ps2\EWARM\ps2\Obj\stm32f4xx_it.o
#        C:\Users\ASUS\Desktop\DucHocARM\ps2\ps2\EWARM\ps2\Obj\system_stm32f4xx.o
#        --redirect _Printf=_PrintfFull --redirect _Scanf=_ScanfFull -o
#        C:\Users\ASUS\Desktop\DucHocARM\ps2\ps2\EWARM\ps2\Exe\ps2.out --map
#        C:\Users\ASUS\Desktop\DucHocARM\ps2\ps2\EWARM\ps2\List\ps2.map
#        --config
#        C:\Users\ASUS\Desktop\DucHocARM\ps2\ps2\EWARM/stm32f407xx_flash.icf
#        --semihosting --entry __iar_program_start --vfe --text_out locale)
#
###############################################################################

*******************************************************************************
*** RUNTIME MODEL ATTRIBUTES
***

CppFlavor       = *
__SystemLibrary = DLib
__dlib_version  = 6


*******************************************************************************
*** HEAP SELECTION
***

The basic heap was selected because no calls to memory allocation
functions were found in the application outside of system library
functions, and there are calls to deallocation functions in the
application.


*******************************************************************************
*** PLACEMENT SUMMARY
***

"A0":  place at 0x08000000 { ro section .intvec };
"P1":  place in [from 0x08000000 to 0x080fffff] { ro };
define block CSTACK with size = 1K, alignment = 8 { };
define block HEAP with size = 512, alignment = 8 { };
"P2":  place in [from 0x20000000 to 0x2001ffff] {
          rw, block CSTACK, block HEAP };
initialize by copy { rw };

  Section            Kind        Address    Size  Object
  -------            ----        -------    ----  ------
"A0":                                      0x188
  .intvec            ro code  0x08000000   0x188  startup_stm32f407xx.o [1]
                            - 0x08000188   0x188

"P1":                                     0x1dd8
  .text              ro code  0x08000188   0x6c8  stm32f4xx_hal_uart.o [1]
  .text              ro code  0x08000850   0x18c  stm32f4xx_hal_msp.o [1]
  .text              ro code  0x080009dc   0x498  stm32f4xx_hal_dma.o [1]
  .text              ro code  0x08000e74     0x2  stm32f4xx_hal_uart.o [1]
  .text              ro code  0x08000e76     0x2  stm32f4xx_hal_uart.o [1]
  .text              ro code  0x08000e78     0x2  stm32f4xx_hal_uart.o [1]
  .text              ro code  0x08000e7a     0x2  stm32f4xx_hal_uart.o [1]
  .text              ro code  0x08000e7c   0x1f8  stm32f4xx_hal_rcc.o [1]
  .text              ro code  0x08001074   0x10e  stm32f4xx_hal_cortex.o [1]
  .text              ro code  0x08001184   0x1d4  stm32f4xx_hal_gpio.o [1]
  .text              ro code  0x08001358   0x264  main.o [1]
  .text              ro code  0x080015bc     0xc  stm32f4xx_hal.o [1]
  .text              ro code  0x080015c8    0x28  stm32f4xx_hal.o [1]
  .text              ro code  0x080015f0    0x34  stm32f4xx_hal.o [1]
  .text              ro code  0x08001624   0x2a4  stm32f4xx_hal_tim.o [1]
  .text              ro code  0x080018c8    0x1e  stm32f4xx_hal.o [1]
  .text              ro code  0x080018e8   0x2f0  stm32f4xx_hal_rcc.o [1]
  .text              ro code  0x08001bd8    0x4c  stm32f4xx_hal_tim_ex.o [1]
  .text              ro code  0x08001c24     0x2  stm32f4xx_hal_tim.o [1]
  .text              ro code  0x08001c26     0x2  stm32f4xx_hal_tim.o [1]
  .text              ro code  0x08001c28     0x2  stm32f4xx_hal_tim.o [1]
  .text              ro code  0x08001c2a     0x2  stm32f4xx_hal_tim_ex.o [1]
  .text              ro code  0x08001c2c     0x2  stm32f4xx_hal_tim.o [1]
  .text              ro code  0x08001c2e     0x2  stm32f4xx_hal_tim_ex.o [1]
  .text              ro code  0x08001c30    0x60  system_stm32f4xx.o [1]
  .text              ro code  0x08001c90    0x40  zero_init3.o [5]
  .text              ro code  0x08001cd0    0x3c  stm32f4xx_it.o [1]
  .text              ro code  0x08001d0c    0x10  stm32f4xx_hal.o [1]
  .text              ro code  0x08001d1c    0x2c  copy_init3.o [5]
  .text              ro code  0x08001d48    0x28  data_init.o [5]
  .text              ro code  0x08001d70    0x22  fpinit_M.o [4]
  .iar.init_table    const    0x08001d94    0x24  - Linker created -
  .text              ro code  0x08001db8    0x1e  cmain.o [5]
  .text              ro code  0x08001dd6     0x4  low_level_init.o [3]
  .text              ro code  0x08001dda     0x4  exit.o [3]
  .text              ro code  0x08001de0     0xa  cexit.o [5]
  .text              ro code  0x08001dec    0x14  exit.o [6]
  .text              ro code  0x08001e00    0x10  startup_stm32f407xx.o [1]
  .text              ro code  0x08001e10     0xc  cstartup_M.o [5]
  .rodata            const    0x08001e1c     0x8  system_stm32f4xx.o [1]
  .text              ro code  0x08001e24     0x4  startup_stm32f407xx.o [1]
  .text              ro code  0x08001e28     0x4  startup_stm32f407xx.o [1]
  .text              ro code  0x08001e2c     0x4  startup_stm32f407xx.o [1]
  .text              ro code  0x08001e30     0x4  startup_stm32f407xx.o [1]
  .text              ro code  0x08001e34     0x4  startup_stm32f407xx.o [1]
  .text              ro code  0x08001e38     0x4  startup_stm32f407xx.o [1]
  .text              ro code  0x08001e3c     0x4  startup_stm32f407xx.o [1]
  .text              ro code  0x08001e40     0x4  startup_stm32f407xx.o [1]
  .text              ro code  0x08001e44     0x4  startup_stm32f407xx.o [1]
  .text              ro code  0x08001e48     0x4  startup_stm32f407xx.o [1]
  .text              ro code  0x08001e4c     0x4  startup_stm32f407xx.o [1]
  .text              ro code  0x08001e50     0x4  startup_stm32f407xx.o [1]
  .text              ro code  0x08001e54     0x4  startup_stm32f407xx.o [1]
  .text              ro code  0x08001e58     0x4  startup_stm32f407xx.o [1]
  .text              ro code  0x08001e5c     0x4  startup_stm32f407xx.o [1]
  .text              ro code  0x08001e60     0x4  startup_stm32f407xx.o [1]
  .text              ro code  0x08001e64     0x4  startup_stm32f407xx.o [1]
  .text              ro code  0x08001e68     0x4  startup_stm32f407xx.o [1]
  .text              ro code  0x08001e6c     0x4  startup_stm32f407xx.o [1]
  .text              ro code  0x08001e70     0x4  startup_stm32f407xx.o [1]
  .text              ro code  0x08001e74     0x4  startup_stm32f407xx.o [1]
  .text              ro code  0x08001e78     0x4  startup_stm32f407xx.o [1]
  .text              ro code  0x08001e7c     0x4  startup_stm32f407xx.o [1]
  .text              ro code  0x08001e80     0x4  startup_stm32f407xx.o [1]
  .text              ro code  0x08001e84     0x4  startup_stm32f407xx.o [1]
  .text              ro code  0x08001e88     0x4  startup_stm32f407xx.o [1]
  .text              ro code  0x08001e8c     0x4  startup_stm32f407xx.o [1]
  .text              ro code  0x08001e90     0x4  startup_stm32f407xx.o [1]
  .text              ro code  0x08001e94     0x4  startup_stm32f407xx.o [1]
  .text              ro code  0x08001e98     0x4  startup_stm32f407xx.o [1]
  .text              ro code  0x08001e9c     0x4  startup_stm32f407xx.o [1]
  .text              ro code  0x08001ea0     0x4  startup_stm32f407xx.o [1]
  .text              ro code  0x08001ea4     0x4  startup_stm32f407xx.o [1]
  .text              ro code  0x08001ea8     0x4  startup_stm32f407xx.o [1]
  .text              ro code  0x08001eac     0x4  startup_stm32f407xx.o [1]
  .text              ro code  0x08001eb0     0x4  startup_stm32f407xx.o [1]
  .text              ro code  0x08001eb4     0x4  startup_stm32f407xx.o [1]
  .text              ro code  0x08001eb8     0x4  startup_stm32f407xx.o [1]
  .text              ro code  0x08001ebc     0x4  startup_stm32f407xx.o [1]
  .text              ro code  0x08001ec0     0x4  startup_stm32f407xx.o [1]
  .text              ro code  0x08001ec4     0x4  startup_stm32f407xx.o [1]
  .text              ro code  0x08001ec8     0x4  startup_stm32f407xx.o [1]
  .text              ro code  0x08001ecc     0x4  startup_stm32f407xx.o [1]
  .text              ro code  0x08001ed0     0x4  startup_stm32f407xx.o [1]
  .text              ro code  0x08001ed4     0x4  startup_stm32f407xx.o [1]
  .text              ro code  0x08001ed8     0x4  startup_stm32f407xx.o [1]
  .text              ro code  0x08001edc     0x4  startup_stm32f407xx.o [1]
  .text              ro code  0x08001ee0     0x4  startup_stm32f407xx.o [1]
  .text              ro code  0x08001ee4     0x4  startup_stm32f407xx.o [1]
  .text              ro code  0x08001ee8     0x4  startup_stm32f407xx.o [1]
  .text              ro code  0x08001eec     0x4  startup_stm32f407xx.o [1]
  .text              ro code  0x08001ef0     0x4  startup_stm32f407xx.o [1]
  .text              ro code  0x08001ef4     0x4  startup_stm32f407xx.o [1]
  .text              ro code  0x08001ef8     0x4  startup_stm32f407xx.o [1]
  .text              ro code  0x08001efc     0x4  startup_stm32f407xx.o [1]
  .text              ro code  0x08001f00     0x4  startup_stm32f407xx.o [1]
  .text              ro code  0x08001f04     0x4  startup_stm32f407xx.o [1]
  .text              ro code  0x08001f08     0x4  startup_stm32f407xx.o [1]
  .text              ro code  0x08001f0c     0x4  startup_stm32f407xx.o [1]
  .text              ro code  0x08001f10     0x4  startup_stm32f407xx.o [1]
  .text              ro code  0x08001f14     0x4  startup_stm32f407xx.o [1]
  .text              ro code  0x08001f18     0x4  startup_stm32f407xx.o [1]
  .text              ro code  0x08001f1c     0x4  startup_stm32f407xx.o [1]
  .text              ro code  0x08001f20     0x4  startup_stm32f407xx.o [1]
  .text              ro code  0x08001f24     0x4  startup_stm32f407xx.o [1]
  .text              ro code  0x08001f28     0x4  startup_stm32f407xx.o [1]
  .text              ro code  0x08001f2c     0x4  startup_stm32f407xx.o [1]
  .text              ro code  0x08001f30     0x4  startup_stm32f407xx.o [1]
  .text              ro code  0x08001f34     0x4  startup_stm32f407xx.o [1]
  .text              ro code  0x08001f38     0x4  startup_stm32f407xx.o [1]
  .text              ro code  0x08001f3c     0x4  startup_stm32f407xx.o [1]
  .text              ro code  0x08001f40     0x4  startup_stm32f407xx.o [1]
  .text              ro code  0x08001f44     0x4  startup_stm32f407xx.o [1]
  .text              ro code  0x08001f48     0x4  startup_stm32f407xx.o [1]
  .text              ro code  0x08001f4c     0x4  startup_stm32f407xx.o [1]
  .text              ro code  0x08001f50     0x4  startup_stm32f407xx.o [1]
  .text              ro code  0x08001f54     0x4  startup_stm32f407xx.o [1]
  .text              ro code  0x08001f58     0x4  startup_stm32f407xx.o [1]
  Initializer bytes  const    0x08001f5c     0x4  <for P2-1>
  .rodata            const    0x08001f60     0x0  zero_init3.o [5]
  .rodata            const    0x08001f60     0x0  copy_init3.o [5]
                            - 0x08001f60  0x1dd8

"P2", part 1 of 3:                           0x4
  P2-1                        0x20000000     0x4  <Init block>
    .data            inited   0x20000000     0x4  system_stm32f4xx.o [1]
                            - 0x20000004     0x4

"P2", part 2 of 3:                          0xf0
  .bss               zero     0x20000004    0x60  main.o [1]
  .bss               zero     0x20000064    0x4c  main.o [1]
  .bss               zero     0x200000b0    0x40  main.o [1]
  .bss               zero     0x200000f0     0x4  stm32f4xx_hal.o [1]
                            - 0x200000f4    0xf0

"P2", part 3 of 3:                         0x400
  CSTACK                      0x200000f8   0x400  <Block>
    CSTACK           uninit   0x200000f8   0x400  <Block tail>
                            - 0x200004f8   0x400


*******************************************************************************
*** INIT TABLE
***

          Address     Size
          -------     ----
Zero (__iar_zero_init3)
    1 destination range, total size 0xf0:
          0x20000004  0xf0

Copy (__iar_copy_init3)
    1 source range, total size 0x4:
          0x08001f5c   0x4
    1 destination range, total size 0x4:
          0x20000000   0x4



*******************************************************************************
*** MODULE SUMMARY
***

    Module                  ro code  ro data  rw data
    ------                  -------  -------  -------
C:\Users\ASUS\Desktop\DucHocARM\ps2\ps2\EWARM\ps2\Obj: [1]
    main.o                      612               236
    startup_stm32f407xx.o       720
    stm32f4xx_hal.o             150                 4
    stm32f4xx_hal_cortex.o      270
    stm32f4xx_hal_dma.o       1 176
    stm32f4xx_hal_gpio.o        468
    stm32f4xx_hal_msp.o         396
    stm32f4xx_hal_rcc.o       1 256
    stm32f4xx_hal_tim.o         684
    stm32f4xx_hal_tim_ex.o       80
    stm32f4xx_hal_uart.o      1 744
    stm32f4xx_it.o               60
    system_stm32f4xx.o           96       12        4
    -------------------------------------------------
    Total:                    7 712       12      244

command line: [2]
    -------------------------------------------------
    Total:

dl7M_tlf.a: [3]
    exit.o                        4
    low_level_init.o              4
    -------------------------------------------------
    Total:                        8

m7M_tls.a: [4]
    fpinit_M.o                   34
    -------------------------------------------------
    Total:                       34

rt7M_tl.a: [5]
    cexit.o                      10
    cmain.o                      30
    copy_init3.o                 44
    cstartup_M.o                 12
    data_init.o                  40
    zero_init3.o                 64
    -------------------------------------------------
    Total:                      200

shb_l.a: [6]
    exit.o                       20
    -------------------------------------------------
    Total:                       20

    Gaps                          8        2
    Linker created                        36    1 024
-----------------------------------------------------
    Grand Total:              7 982       50    1 268


*******************************************************************************
*** ENTRY LIST
***

Entry                      Address   Size  Type      Object
-----                      -------   ----  ----      ------
.iar.init_table$$Base   0x08001d94          --   Gb  - Linker created -
.iar.init_table$$Limit  0x08001db8          --   Gb  - Linker created -
?main                   0x08001db9         Code  Gb  cmain.o [5]
AHBPrescTable           0x08001c80   0x10  Data  Gb  system_stm32f4xx.o [1]
APBPrescTable           0x08001e1c    0x8  Data  Gb  system_stm32f4xx.o [1]
BIT1                    0x20000070    0x1  Data  Gb  main.o [1]
BIT2                    0x20000071    0x1  Data  Gb  main.o [1]
BusFault_Handler        0x08001cd7    0x2  Code  Gb  stm32f4xx_it.o [1]
CSTACK$$Base            0x200000f8          --   Gb  - Linker created -
CSTACK$$Limit           0x200004f8          --   Gb  - Linker created -
DMA2_Stream2_IRQHandler
                        0x08001cfb    0x6  Code  Gb  stm32f4xx_it.o [1]
DMA_CalcBaseAndBitshift
                        0x08000dd1   0x28  Code  Lc  stm32f4xx_hal_dma.o [1]
DMA_CalcBaseAndBitshift::flagBitshiftOffset
                        0x08000e6c    0x8  Data  Lc  stm32f4xx_hal_dma.o [1]
DMA_CheckFifoParam      0x08000df9   0x72  Code  Lc  stm32f4xx_hal_dma.o [1]
DMA_SetConfig           0x08000da5   0x2a  Code  Lc  stm32f4xx_hal_dma.o [1]
Data                    0x20000064    0x8  Data  Gb  main.o [1]
DebugMon_Handler        0x08001cdd    0x2  Code  Gb  stm32f4xx_it.o [1]
HAL_DMA_Abort           0x08000b15   0x8a  Code  Gb  stm32f4xx_hal_dma.o [1]
HAL_DMA_Abort_IT        0x08000b9f   0x24  Code  Gb  stm32f4xx_hal_dma.o [1]
HAL_DMA_IRQHandler      0x08000bc3  0x1d0  Code  Gb  stm32f4xx_hal_dma.o [1]
HAL_DMA_Init            0x080009dd   0xc8  Code  Gb  stm32f4xx_hal_dma.o [1]
HAL_DMA_Start_IT        0x08000aa5   0x70  Code  Gb  stm32f4xx_hal_dma.o [1]
HAL_Delay               0x080018c9   0x1e  Code  Wk  stm32f4xx_hal.o [1]
HAL_GPIO_Init           0x08001185  0x1a8  Code  Gb  stm32f4xx_hal_gpio.o [1]
HAL_GetTick             0x080015bd    0xc  Code  Wk  stm32f4xx_hal.o [1]
HAL_IncTick             0x08001d0d   0x10  Code  Wk  stm32f4xx_hal.o [1]
HAL_Init                0x080015f1   0x30  Code  Gb  stm32f4xx_hal.o [1]
HAL_InitTick            0x080015c9   0x28  Code  Wk  stm32f4xx_hal.o [1]
HAL_MspInit             0x08000851   0x60  Code  Gb  stm32f4xx_hal_msp.o [1]
HAL_NVIC_EnableIRQ      0x08001147    0x2  Code  Gb  stm32f4xx_hal_cortex.o [1]
HAL_NVIC_SetPriority    0x08001129   0x1e  Code  Gb  stm32f4xx_hal_cortex.o [1]
HAL_NVIC_SetPriorityGrouping
                        0x08001127    0x2  Code  Gb  stm32f4xx_hal_cortex.o [1]
HAL_RCC_ClockConfig     0x08000e7d  0x14e  Code  Gb  stm32f4xx_hal_rcc.o [1]
HAL_RCC_GetHCLKFreq     0x08000fcb    0x6  Code  Gb  stm32f4xx_hal_rcc.o [1]
HAL_RCC_GetPCLK1Freq    0x08000fd1   0x16  Code  Gb  stm32f4xx_hal_rcc.o [1]
HAL_RCC_GetPCLK2Freq    0x08000fe7   0x16  Code  Gb  stm32f4xx_hal_rcc.o [1]
HAL_RCC_OscConfig       0x080018e9  0x2f0  Code  Wk  stm32f4xx_hal_rcc.o [1]
HAL_SYSTICK_CLKSourceConfig
                        0x0800114b   0x18  Code  Gb  stm32f4xx_hal_cortex.o [1]
HAL_SYSTICK_Config      0x08001149    0x2  Code  Gb  stm32f4xx_hal_cortex.o [1]
HAL_SYSTICK_IRQHandler  0x0800117d    0x4  Code  Gb  stm32f4xx_hal_cortex.o [1]
HAL_TIMEx_BreakCallback
                        0x08001c2b    0x2  Code  Wk  stm32f4xx_hal_tim_ex.o [1]
HAL_TIMEx_CommutationCallback
                        0x08001c2f    0x2  Code  Wk  stm32f4xx_hal_tim_ex.o [1]
HAL_TIMEx_MasterConfigSynchronization
                        0x08001bd9   0x4c  Code  Gb  stm32f4xx_hal_tim_ex.o [1]
HAL_TIM_Base_Init       0x08001625   0x32  Code  Gb  stm32f4xx_hal_tim.o [1]
HAL_TIM_Base_MspInit    0x080008b1   0x38  Code  Gb  stm32f4xx_hal_msp.o [1]
HAL_TIM_Base_Start_IT   0x08001657   0x18  Code  Gb  stm32f4xx_hal_tim.o [1]
HAL_TIM_IRQHandler      0x0800166f  0x152  Code  Gb  stm32f4xx_hal_tim.o [1]
HAL_TIM_PeriodElapsedCallback
                        0x08001359   0x2a  Code  Gb  main.o [1]
HAL_UART_DMAStop        0x08000281   0x64  Code  Gb  stm32f4xx_hal_uart.o [1]
HAL_UART_IRQHandler     0x080002e5  0x10c  Code  Gb  stm32f4xx_hal_uart.o [1]
HAL_UART_Init           0x08000189   0x5e  Code  Gb  stm32f4xx_hal_uart.o [1]
HAL_UART_MspInit        0x080008e9   0x96  Code  Gb  stm32f4xx_hal_msp.o [1]
HAL_UART_Receive_DMA    0x080001e7   0x9a  Code  Gb  stm32f4xx_hal_uart.o [1]
HardFault_Handler       0x08001cd3    0x2  Code  Gb  stm32f4xx_it.o [1]
LX                      0x2000006c    0x1  Data  Gb  main.o [1]
LY                      0x2000006d    0x1  Data  Gb  main.o [1]
MX_DMA_Init             0x08001507   0x2e  Code  Lc  main.o [1]
MX_GPIO_Init            0x08001535   0x34  Code  Lc  main.o [1]
MX_TIM7_Init            0x08001489   0x48  Code  Lc  main.o [1]
MX_USART1_UART_Init     0x080014d1   0x36  Code  Lc  main.o [1]
MemManage_Handler       0x08001cd5    0x2  Code  Gb  stm32f4xx_it.o [1]
NMI_Handler             0x08001cd1    0x2  Code  Gb  stm32f4xx_it.o [1]
NVIC_EnableIRQ          0x08001099   0x12  Code  Lc  stm32f4xx_hal_cortex.o [1]
NVIC_EncodePriority     0x080010c9   0x36  Code  Lc  stm32f4xx_hal_cortex.o [1]
NVIC_GetPriorityGrouping
                        0x0800108f    0xa  Code  Lc  stm32f4xx_hal_cortex.o [1]
NVIC_SetPriority        0x080010ab   0x1e  Code  Lc  stm32f4xx_hal_cortex.o [1]
NVIC_SetPriorityGrouping
                        0x08001075   0x1a  Code  Lc  stm32f4xx_hal_cortex.o [1]
PendSV_Handler          0x08001cdf    0x2  Code  Gb  stm32f4xx_it.o [1]
RX                      0x2000006e    0x1  Data  Gb  main.o [1]
RY                      0x2000006f    0x1  Data  Gb  main.o [1]
Region$$Table$$Base     0x08001d94          --   Gb  - Linker created -
Region$$Table$$Limit    0x08001db8          --   Gb  - Linker created -
SVC_Handler             0x08001cdb    0x2  Code  Gb  stm32f4xx_it.o [1]
SysTick_Config          0x080010ff   0x28  Code  Lc  stm32f4xx_hal_cortex.o [1]
SysTick_Handler         0x08001ce1    0xe  Code  Gb  stm32f4xx_it.o [1]
SystemClock_Config      0x080013c9   0xc0  Code  Gb  main.o [1]
SystemCoreClock         0x20000000    0x4  Data  Gb  system_stm32f4xx.o [1]
SystemInit              0x08001c31   0x3a  Code  Gb  system_stm32f4xx.o [1]
TIM7_IRQHandler         0x08001cf5    0x6  Code  Gb  stm32f4xx_it.o [1]
TIM_Base_SetConfig      0x080017c1   0xda  Code  Gb  stm32f4xx_hal_tim.o [1]
UART_DMAAbortOnError    0x080004b9    0xc  Code  Lc  stm32f4xx_hal_uart.o [1]
UART_DMAError           0x08000431   0x56  Code  Lc  stm32f4xx_hal_uart.o [1]
UART_DMAReceiveCplt     0x080003f1   0x38  Code  Lc  stm32f4xx_hal_uart.o [1]
UART_DMARxHalfCplt      0x08000429    0x6  Code  Lc  stm32f4xx_hal_uart.o [1]
UART_EndRxTransfer      0x08000499   0x1c  Code  Lc  stm32f4xx_hal_uart.o [1]
UART_EndTransmit_IT     0x08000527   0x1a  Code  Lc  stm32f4xx_hal_uart.o [1]
UART_EndTxTransfer      0x08000487   0x12  Code  Lc  stm32f4xx_hal_uart.o [1]
UART_Receive_IT         0x08000541   0x8e  Code  Lc  stm32f4xx_hal_uart.o [1]
UART_SetConfig          0x080005cf  0x274  Code  Lc  stm32f4xx_hal_uart.o [1]
UART_Transmit_IT        0x080004c5   0x62  Code  Lc  stm32f4xx_hal_uart.o [1]
USART1_IRQHandler       0x08001cef    0x6  Code  Gb  stm32f4xx_it.o [1]
UsageFault_Handler      0x08001cd9    0x2  Code  Gb  stm32f4xx_it.o [1]
_Error_Handler          0x08001585    0x2  Code  Gb  main.o [1]
__cmain                 0x08001db9         Code  Gb  cmain.o [5]
__exit                  0x08001ded   0x14  Code  Gb  exit.o [6]
__iar_copy_init3        0x08001d1d   0x2c  Code  Gb  copy_init3.o [5]
__iar_data_init3        0x08001d49   0x28  Code  Gb  data_init.o [5]
__iar_init_vfp          0x08001d71         Code  Gb  fpinit_M.o [4]
__iar_program_start     0x08001e11         Code  Gb  cstartup_M.o [5]
__iar_systems$$module {Abs}
                        0x00000001         Data  Gb  command line/config [2]
__iar_zero_init3        0x08001c91   0x40  Code  Gb  zero_init3.o [5]
__low_level_init        0x08001dd7    0x4  Code  Gb  low_level_init.o [3]
__vector_table          0x08000000         Data  Gb  startup_stm32f407xx.o [1]
_call_main              0x08001dc5         Code  Gb  cmain.o [5]
_exit                   0x08001de1         Code  Gb  cexit.o [5]
_main                   0x08001dd3         Code  Gb  cmain.o [5]
exit                    0x08001ddb    0x4  Code  Gb  exit.o [3]
hdma_usart1_rx          0x20000004   0x60  Data  Gb  main.o [1]
htim7                   0x20000074   0x3c  Data  Gb  main.o [1]
huart1                  0x200000b0   0x40  Data  Gb  main.o [1]
main                    0x08001383   0x44  Code  Gb  main.o [1]
uwTick                  0x200000f0    0x4  Data  Gb  stm32f4xx_hal.o [1]


[1] = C:\Users\ASUS\Desktop\DucHocARM\ps2\ps2\EWARM\ps2\Obj
[2] = command line
[3] = dl7M_tlf.a
[4] = m7M_tls.a
[5] = rt7M_tl.a
[6] = shb_l.a

  7 982 bytes of readonly  code memory
     50 bytes of readonly  data memory
  1 268 bytes of readwrite data memory

Errors: none
Warnings: none
