###############################################################################
#
# IAR ELF Linker V7.80.1.11864/W32 for ARM                07/Oct/2018  11:48:22
# Copyright 2007-2016 IAR Systems AB.
#
#    Output file  =  
#        C:\Users\ASUS\Desktop\Duc Hoc ARM\LABAN\REAL LABAN\EWARM\REAL
#        LABAN\Exe\REAL LABAN.out
#    Map file     =  
#        C:\Users\ASUS\Desktop\Duc Hoc ARM\LABAN\REAL LABAN\EWARM\REAL
#        LABAN\List\REAL LABAN.map
#    Command line =  
#        "C:\Users\ASUS\Desktop\Duc Hoc ARM\LABAN\REAL LABAN\EWARM\REAL
#        LABAN\Obj\main.o" "C:\Users\ASUS\Desktop\Duc Hoc ARM\LABAN\REAL
#        LABAN\EWARM\REAL LABAN\Obj\startup_stm32f407xx.o"
#        "C:\Users\ASUS\Desktop\Duc Hoc ARM\LABAN\REAL LABAN\EWARM\REAL
#        LABAN\Obj\stm32f4xx_hal.o" "C:\Users\ASUS\Desktop\Duc Hoc
#        ARM\LABAN\REAL LABAN\EWARM\REAL LABAN\Obj\stm32f4xx_hal_cortex.o"
#        "C:\Users\ASUS\Desktop\Duc Hoc ARM\LABAN\REAL LABAN\EWARM\REAL
#        LABAN\Obj\stm32f4xx_hal_dma.o" "C:\Users\ASUS\Desktop\Duc Hoc
#        ARM\LABAN\REAL LABAN\EWARM\REAL LABAN\Obj\stm32f4xx_hal_dma_ex.o"
#        "C:\Users\ASUS\Desktop\Duc Hoc ARM\LABAN\REAL LABAN\EWARM\REAL
#        LABAN\Obj\stm32f4xx_hal_flash.o" "C:\Users\ASUS\Desktop\Duc Hoc
#        ARM\LABAN\REAL LABAN\EWARM\REAL LABAN\Obj\stm32f4xx_hal_flash_ex.o"
#        "C:\Users\ASUS\Desktop\Duc Hoc ARM\LABAN\REAL LABAN\EWARM\REAL
#        LABAN\Obj\stm32f4xx_hal_flash_ramfunc.o" "C:\Users\ASUS\Desktop\Duc
#        Hoc ARM\LABAN\REAL LABAN\EWARM\REAL LABAN\Obj\stm32f4xx_hal_gpio.o"
#        "C:\Users\ASUS\Desktop\Duc Hoc ARM\LABAN\REAL LABAN\EWARM\REAL
#        LABAN\Obj\stm32f4xx_hal_msp.o" "C:\Users\ASUS\Desktop\Duc Hoc
#        ARM\LABAN\REAL LABAN\EWARM\REAL LABAN\Obj\stm32f4xx_hal_pwr.o"
#        "C:\Users\ASUS\Desktop\Duc Hoc ARM\LABAN\REAL LABAN\EWARM\REAL
#        LABAN\Obj\stm32f4xx_hal_pwr_ex.o" "C:\Users\ASUS\Desktop\Duc Hoc
#        ARM\LABAN\REAL LABAN\EWARM\REAL LABAN\Obj\stm32f4xx_hal_rcc.o"
#        "C:\Users\ASUS\Desktop\Duc Hoc ARM\LABAN\REAL LABAN\EWARM\REAL
#        LABAN\Obj\stm32f4xx_hal_rcc_ex.o" "C:\Users\ASUS\Desktop\Duc Hoc
#        ARM\LABAN\REAL LABAN\EWARM\REAL LABAN\Obj\stm32f4xx_hal_tim.o"
#        "C:\Users\ASUS\Desktop\Duc Hoc ARM\LABAN\REAL LABAN\EWARM\REAL
#        LABAN\Obj\stm32f4xx_hal_tim_ex.o" "C:\Users\ASUS\Desktop\Duc Hoc
#        ARM\LABAN\REAL LABAN\EWARM\REAL LABAN\Obj\stm32f4xx_hal_uart.o"
#        "C:\Users\ASUS\Desktop\Duc Hoc ARM\LABAN\REAL LABAN\EWARM\REAL
#        LABAN\Obj\stm32f4xx_it.o" "C:\Users\ASUS\Desktop\Duc Hoc
#        ARM\LABAN\REAL LABAN\EWARM\REAL LABAN\Obj\system_stm32f4xx.o"
#        --redirect _Printf=_PrintfFull --redirect _Scanf=_ScanfFull -o
#        "C:\Users\ASUS\Desktop\Duc Hoc ARM\LABAN\REAL LABAN\EWARM\REAL
#        LABAN\Exe\REAL LABAN.out" --map "C:\Users\ASUS\Desktop\Duc Hoc
#        ARM\LABAN\REAL LABAN\EWARM\REAL LABAN\List\REAL LABAN.map" --config
#        "C:\Users\ASUS\Desktop\Duc Hoc ARM\LABAN\REAL
#        LABAN\EWARM/stm32f407xx_flash.icf" --semihosting --entry
#        __iar_program_start --vfe
#
###############################################################################

*******************************************************************************
*** RUNTIME MODEL ATTRIBUTES
***

CppFlavor       = *
__SystemLibrary = DLib


*******************************************************************************
*** PLACEMENT SUMMARY
***

"A0":  place at 0x08000000 { ro section .intvec };
"P1":  place in [from 0x08000000 to 0x080fffff] { ro };
"P2":  place in [from 0x20000000 to 0x2001ffff] { rw, block CSTACK, block HEAP };
initialize by copy { rw };

  Section            Kind        Address    Size  Object
  -------            ----        -------    ----  ------
"A0":                                      0x188
  .intvec            ro code  0x08000000   0x188  startup_stm32f407xx.o [1]
                            - 0x08000188   0x188

"P1":                                     0x1b49
  .text              ro code  0x08000188   0x572  stm32f4xx_hal_uart.o [1]
  .text              ro code  0x080006fc   0x194  stm32f4xx_hal_msp.o [1]
  .text              ro code  0x08000890   0x394  stm32f4xx_hal_dma.o [1]
  .text              ro code  0x08000c24     0x2  stm32f4xx_hal_uart.o [1]
  .text              ro code  0x08000c26     0x2  stm32f4xx_hal_uart.o [1]
  .text              ro code  0x08000c28     0x2  stm32f4xx_hal_uart.o [1]
  .text              ro code  0x08000c2a     0x2  stm32f4xx_hal_uart.o [1]
  .text              ro code  0x08000c2c   0x1d0  stm32f4xx_hal_rcc.o [1]
  .text              ro code  0x08000dfc    0xde  stm32f4xx_hal_cortex.o [1]
  .text              ro code  0x08000edc   0x1d0  stm32f4xx_hal_gpio.o [1]
  .text              ro code  0x080010ac   0x1f2  main.o [1]
  .text              ro code  0x080012a0     0xc  stm32f4xx_hal.o [1]
  .text              ro code  0x080012ac    0x28  stm32f4xx_hal.o [1]
  .text              ro code  0x080012d4    0x34  stm32f4xx_hal.o [1]
  .text              ro code  0x08001308   0x39a  stm32f4xx_hal_tim.o [1]
  .text              ro code  0x080016a4   0x298  stm32f4xx_hal_rcc.o [1]
  .text              ro code  0x0800193c    0x4a  stm32f4xx_hal_tim_ex.o [1]
  .text              ro code  0x08001986     0x2  stm32f4xx_hal_tim.o [1]
  .text              ro code  0x08001988     0x2  stm32f4xx_hal_tim.o [1]
  .text              ro code  0x0800198a     0x2  stm32f4xx_hal_tim_ex.o [1]
  .text              ro code  0x0800198c     0x2  stm32f4xx_hal_tim.o [1]
  .text              ro code  0x0800198e     0x2  stm32f4xx_hal_tim_ex.o [1]
  .text              ro code  0x08001990     0x2  stm32f4xx_hal_tim.o [1]
  .text              ro code  0x08001994    0x60  system_stm32f4xx.o [1]
  .text              ro code  0x080019f4    0x40  zero_init3.o [5]
  .text              ro code  0x08001a34    0x3c  stm32f4xx_it.o [1]
  .text              ro code  0x08001a70    0x10  stm32f4xx_hal.o [1]
  .text              ro code  0x08001a80    0x38  packbits_init_single.o [5]
  .text              ro code  0x08001ab8    0x28  data_init.o [5]
  .text              ro code  0x08001ae0    0x22  fpinit_M.o [4]
  .iar.init_table    const    0x08001b04    0x20  - Linker created -
  .text              ro code  0x08001b24    0x1a  cmain.o [5]
  .text              ro code  0x08001b3e     0x4  low_level_init.o [3]
  .text              ro code  0x08001b42     0x4  exit.o [3]
  .text              ro code  0x08001b48     0xa  cexit.o [5]
  .text              ro code  0x08001b54    0x14  exit.o [6]
  .text              ro code  0x08001b68    0x10  startup_stm32f407xx.o [1]
  .text              ro code  0x08001b78     0xc  cstartup_M.o [5]
  .rodata            const    0x08001b84     0x8  system_stm32f4xx.o [1]
  .text              ro code  0x08001b8c     0x4  startup_stm32f407xx.o [1]
  .text              ro code  0x08001b90     0x4  startup_stm32f407xx.o [1]
  .text              ro code  0x08001b94     0x4  startup_stm32f407xx.o [1]
  .text              ro code  0x08001b98     0x4  startup_stm32f407xx.o [1]
  .text              ro code  0x08001b9c     0x4  startup_stm32f407xx.o [1]
  .text              ro code  0x08001ba0     0x4  startup_stm32f407xx.o [1]
  .text              ro code  0x08001ba4     0x4  startup_stm32f407xx.o [1]
  .text              ro code  0x08001ba8     0x4  startup_stm32f407xx.o [1]
  .text              ro code  0x08001bac     0x4  startup_stm32f407xx.o [1]
  .text              ro code  0x08001bb0     0x4  startup_stm32f407xx.o [1]
  .text              ro code  0x08001bb4     0x4  startup_stm32f407xx.o [1]
  .text              ro code  0x08001bb8     0x4  startup_stm32f407xx.o [1]
  .text              ro code  0x08001bbc     0x4  startup_stm32f407xx.o [1]
  .text              ro code  0x08001bc0     0x4  startup_stm32f407xx.o [1]
  .text              ro code  0x08001bc4     0x4  startup_stm32f407xx.o [1]
  .text              ro code  0x08001bc8     0x4  startup_stm32f407xx.o [1]
  .text              ro code  0x08001bcc     0x4  startup_stm32f407xx.o [1]
  .text              ro code  0x08001bd0     0x4  startup_stm32f407xx.o [1]
  .text              ro code  0x08001bd4     0x4  startup_stm32f407xx.o [1]
  .text              ro code  0x08001bd8     0x4  startup_stm32f407xx.o [1]
  .text              ro code  0x08001bdc     0x4  startup_stm32f407xx.o [1]
  .text              ro code  0x08001be0     0x4  startup_stm32f407xx.o [1]
  .text              ro code  0x08001be4     0x4  startup_stm32f407xx.o [1]
  .text              ro code  0x08001be8     0x4  startup_stm32f407xx.o [1]
  .text              ro code  0x08001bec     0x4  startup_stm32f407xx.o [1]
  .text              ro code  0x08001bf0     0x4  startup_stm32f407xx.o [1]
  .text              ro code  0x08001bf4     0x4  startup_stm32f407xx.o [1]
  .text              ro code  0x08001bf8     0x4  startup_stm32f407xx.o [1]
  .text              ro code  0x08001bfc     0x4  startup_stm32f407xx.o [1]
  .text              ro code  0x08001c00     0x4  startup_stm32f407xx.o [1]
  .text              ro code  0x08001c04     0x4  startup_stm32f407xx.o [1]
  .text              ro code  0x08001c08     0x4  startup_stm32f407xx.o [1]
  .text              ro code  0x08001c0c     0x4  startup_stm32f407xx.o [1]
  .text              ro code  0x08001c10     0x4  startup_stm32f407xx.o [1]
  .text              ro code  0x08001c14     0x4  startup_stm32f407xx.o [1]
  .text              ro code  0x08001c18     0x4  startup_stm32f407xx.o [1]
  .text              ro code  0x08001c1c     0x4  startup_stm32f407xx.o [1]
  .text              ro code  0x08001c20     0x4  startup_stm32f407xx.o [1]
  .text              ro code  0x08001c24     0x4  startup_stm32f407xx.o [1]
  .text              ro code  0x08001c28     0x4  startup_stm32f407xx.o [1]
  .text              ro code  0x08001c2c     0x4  startup_stm32f407xx.o [1]
  .text              ro code  0x08001c30     0x4  startup_stm32f407xx.o [1]
  .text              ro code  0x08001c34     0x4  startup_stm32f407xx.o [1]
  .text              ro code  0x08001c38     0x4  startup_stm32f407xx.o [1]
  .text              ro code  0x08001c3c     0x4  startup_stm32f407xx.o [1]
  .text              ro code  0x08001c40     0x4  startup_stm32f407xx.o [1]
  .text              ro code  0x08001c44     0x4  startup_stm32f407xx.o [1]
  .text              ro code  0x08001c48     0x4  startup_stm32f407xx.o [1]
  .text              ro code  0x08001c4c     0x4  startup_stm32f407xx.o [1]
  .text              ro code  0x08001c50     0x4  startup_stm32f407xx.o [1]
  .text              ro code  0x08001c54     0x4  startup_stm32f407xx.o [1]
  .text              ro code  0x08001c58     0x4  startup_stm32f407xx.o [1]
  .text              ro code  0x08001c5c     0x4  startup_stm32f407xx.o [1]
  .text              ro code  0x08001c60     0x4  startup_stm32f407xx.o [1]
  .text              ro code  0x08001c64     0x4  startup_stm32f407xx.o [1]
  .text              ro code  0x08001c68     0x4  startup_stm32f407xx.o [1]
  .text              ro code  0x08001c6c     0x4  startup_stm32f407xx.o [1]
  .text              ro code  0x08001c70     0x4  startup_stm32f407xx.o [1]
  .text              ro code  0x08001c74     0x4  startup_stm32f407xx.o [1]
  .text              ro code  0x08001c78     0x4  startup_stm32f407xx.o [1]
  .text              ro code  0x08001c7c     0x4  startup_stm32f407xx.o [1]
  .text              ro code  0x08001c80     0x4  startup_stm32f407xx.o [1]
  .text              ro code  0x08001c84     0x4  startup_stm32f407xx.o [1]
  .text              ro code  0x08001c88     0x4  startup_stm32f407xx.o [1]
  .text              ro code  0x08001c8c     0x4  startup_stm32f407xx.o [1]
  .text              ro code  0x08001c90     0x4  startup_stm32f407xx.o [1]
  .text              ro code  0x08001c94     0x4  startup_stm32f407xx.o [1]
  .text              ro code  0x08001c98     0x4  startup_stm32f407xx.o [1]
  .text              ro code  0x08001c9c     0x4  startup_stm32f407xx.o [1]
  .text              ro code  0x08001ca0     0x4  startup_stm32f407xx.o [1]
  .text              ro code  0x08001ca4     0x4  startup_stm32f407xx.o [1]
  .text              ro code  0x08001ca8     0x4  startup_stm32f407xx.o [1]
  .text              ro code  0x08001cac     0x4  startup_stm32f407xx.o [1]
  .text              ro code  0x08001cb0     0x4  startup_stm32f407xx.o [1]
  .text              ro code  0x08001cb4     0x4  startup_stm32f407xx.o [1]
  .text              ro code  0x08001cb8     0x4  startup_stm32f407xx.o [1]
  .text              ro code  0x08001cbc     0x4  startup_stm32f407xx.o [1]
  .text              ro code  0x08001cc0     0x4  startup_stm32f407xx.o [1]
  .rodata            const    0x08001cc4     0x0  zero_init3.o [5]
  .rodata            const    0x08001cc4     0x0  packbits_init_single.o [5]
  Initializer bytes  const    0x08001cc4     0xd  <for P2-1>
                            - 0x08001cd1  0x1b49

"P2", part 1 of 3:                          0x94
  P2-1                        0x20000000    0x94  <Init block>
    .data            inited   0x20000000    0x8e  main.o [1]
    .data            inited   0x20000090     0x4  system_stm32f4xx.o [1]
                            - 0x20000094    0x94

"P2", part 2 of 3:                         0x400
  CSTACK                      0x20000098   0x400  <Block>
    CSTACK           uninit   0x20000098   0x400  <Block tail>
                            - 0x20000498   0x400

"P2", part 3 of 3:                          0x64
  .bss               zero     0x20000498    0x60  main.o [1]
  .bss               zero     0x200004f8     0x4  stm32f4xx_hal.o [1]
                            - 0x200004fc    0x64


*******************************************************************************
*** INIT TABLE
***

          Address     Size
          -------     ----
Zero (__iar_zero_init3)
    1 destination range, total size 0x64:
          0x20000498  0x64

Copy/packbits (__iar_packbits_init_single3)
    1 source range, total size 0xd (8% of destination):
          0x08001cc4   0xd
    1 destination range, total size 0x94:
          0x20000000  0x94



*******************************************************************************
*** MODULE SUMMARY
***

    Module                  ro code  ro data  rw data
    ------                  -------  -------  -------
C:\Users\ASUS\Desktop\Duc Hoc ARM\LABAN\REAL LABAN\EWARM\REAL LABAN\Obj: [1]
    main.o                      498       12      238
    startup_stm32f407xx.o       720
    stm32f4xx_hal.o             120                 4
    stm32f4xx_hal_cortex.o      222
    stm32f4xx_hal_dma.o         916
    stm32f4xx_hal_gpio.o        464
    stm32f4xx_hal_msp.o         404
    stm32f4xx_hal_rcc.o       1 128
    stm32f4xx_hal_tim.o         930
    stm32f4xx_hal_tim_ex.o       78
    stm32f4xx_hal_uart.o      1 402
    stm32f4xx_it.o               60
    system_stm32f4xx.o           96        9        4
    -------------------------------------------------
    Total:                    7 038       21      246

command line: [2]
    -------------------------------------------------
    Total:

dl7M_tlf.a: [3]
    exit.o                        4
    low_level_init.o              4
    -------------------------------------------------
    Total:                        8

m7M_tls.a: [4]
    fpinit_M.o                   34
    -------------------------------------------------
    Total:                       34

rt7M_tl.a: [5]
    cexit.o                      10
    cmain.o                      26
    cstartup_M.o                 12
    data_init.o                  40
    packbits_init_single.o       56
    zero_init3.o                 64
    -------------------------------------------------
    Total:                      208

shb_l.a: [6]
    exit.o                       20
    -------------------------------------------------
    Total:                       20

    Gaps                         14        2        2
    Linker created                        32    1 024
-----------------------------------------------------
    Grand Total:              7 322       55    1 272


*******************************************************************************
*** ENTRY LIST
***

Entry                      Address   Size  Type      Object
-----                      -------   ----  ----      ------
.iar.init_table$$Base   0x08001b04          --   Gb  - Linker created -
.iar.init_table$$Limit  0x08001b24          --   Gb  - Linker created -
?main                   0x08001b25         Code  Gb  cmain.o [5]
AHBPrescTable           0x080019e4   0x10  Data  Gb  system_stm32f4xx.o [1]
APBPrescTable           0x08001b84    0x8  Data  Gb  system_stm32f4xx.o [1]
BusFault_Handler        0x08001a3b    0x2  Code  Gb  stm32f4xx_it.o [1]
CSTACK$$Base            0x20000098          --   Gb  - Linker created -
CSTACK$$Limit           0x20000498          --   Gb  - Linker created -
DMA2_Stream2_IRQHandler
                        0x08001a5f    0x6  Code  Gb  stm32f4xx_it.o [1]
DMA_CalcBaseAndBitshift
                        0x08000bf5   0x26  Code  Lc  stm32f4xx_hal_dma.o [1]
DMA_CalcBaseAndBitshift::flagBitshiftOffset
                        0x08000c1c    0x8  Data  Lc  stm32f4xx_hal_dma.o [1]
DMA_SetConfig           0x08000bd5   0x20  Code  Lc  stm32f4xx_hal_dma.o [1]
Data                    0x20000000    0xc  Data  Gb  main.o [1]
DebugMon_Handler        0x08001a41    0x2  Code  Gb  stm32f4xx_it.o [1]
HAL_DMA_Abort_IT        0x080009f3   0x24  Code  Gb  stm32f4xx_hal_dma.o [1]
HAL_DMA_IRQHandler      0x08000a17  0x18c  Code  Gb  stm32f4xx_hal_dma.o [1]
HAL_DMA_Init            0x08000891   0xe6  Code  Gb  stm32f4xx_hal_dma.o [1]
HAL_DMA_Start_IT        0x08000977   0x64  Code  Gb  stm32f4xx_hal_dma.o [1]
HAL_GPIO_Init           0x08000edd  0x1a4  Code  Gb  stm32f4xx_hal_gpio.o [1]
HAL_GetTick             0x080012a1    0xc  Code  Wk  stm32f4xx_hal.o [1]
HAL_IncTick             0x08001a71   0x10  Code  Wk  stm32f4xx_hal.o [1]
HAL_Init                0x080012d5   0x30  Code  Gb  stm32f4xx_hal.o [1]
HAL_InitTick            0x080012ad   0x28  Code  Wk  stm32f4xx_hal.o [1]
HAL_MspInit             0x080006fd   0x60  Code  Gb  stm32f4xx_hal_msp.o [1]
HAL_NVIC_EnableIRQ      0x08000e6b    0xc  Code  Gb  stm32f4xx_hal_cortex.o [1]
HAL_NVIC_SetPriority    0x08000e31   0x3a  Code  Gb  stm32f4xx_hal_cortex.o [1]
HAL_NVIC_SetPriorityGrouping
                        0x08000e17   0x1a  Code  Gb  stm32f4xx_hal_cortex.o [1]
HAL_RCC_ClockConfig     0x08000c2d  0x12a  Code  Gb  stm32f4xx_hal_rcc.o [1]
HAL_RCC_GetHCLKFreq     0x08000d65    0x6  Code  Gb  stm32f4xx_hal_rcc.o [1]
HAL_RCC_GetPCLK1Freq    0x08000d6b   0x10  Code  Gb  stm32f4xx_hal_rcc.o [1]
HAL_RCC_GetPCLK2Freq    0x08000d7b    0xe  Code  Gb  stm32f4xx_hal_rcc.o [1]
HAL_RCC_GetSysClockFreq
                        0x08000da9   0x54  Code  Wk  stm32f4xx_hal_rcc.o [1]
HAL_RCC_OscConfig       0x080016a5  0x298  Code  Wk  stm32f4xx_hal_rcc.o [1]
HAL_SYSTICK_CLKSourceConfig
                        0x08000ea7   0x14  Code  Gb  stm32f4xx_hal_cortex.o [1]
HAL_SYSTICK_Callback    0x08000ed9    0x2  Code  Wk  stm32f4xx_hal_cortex.o [1]
HAL_SYSTICK_Config      0x08000e7f   0x28  Code  Gb  stm32f4xx_hal_cortex.o [1]
HAL_SYSTICK_IRQHandler  0x08000ed5    0x4  Code  Gb  stm32f4xx_hal_cortex.o [1]
HAL_TIMEx_BreakCallback
                        0x0800198b    0x2  Code  Wk  stm32f4xx_hal_tim_ex.o [1]
HAL_TIMEx_CommutationCallback
                        0x0800198f    0x2  Code  Wk  stm32f4xx_hal_tim_ex.o [1]
HAL_TIMEx_MasterConfigSynchronization
                        0x0800193d   0x4a  Code  Gb  stm32f4xx_hal_tim_ex.o [1]
HAL_TIM_Base_Init       0x08001309   0x1a  Code  Gb  stm32f4xx_hal_tim.o [1]
HAL_TIM_Base_MspInit    0x0800075d   0x38  Code  Gb  stm32f4xx_hal_msp.o [1]
HAL_TIM_Base_Start_IT   0x08001323   0x16  Code  Gb  stm32f4xx_hal_tim.o [1]
HAL_TIM_ConfigClockSource
                        0x080014a7   0xa8  Code  Gb  stm32f4xx_hal_tim.o [1]
HAL_TIM_IC_CaptureCallback
                        0x08001987    0x2  Code  Wk  stm32f4xx_hal_tim.o [1]
HAL_TIM_IRQHandler      0x08001355  0x142  Code  Gb  stm32f4xx_hal_tim.o [1]
HAL_TIM_OC_DelayElapsedCallback
                        0x08001989    0x2  Code  Wk  stm32f4xx_hal_tim.o [1]
HAL_TIM_PWM_PulseFinishedCallback
                        0x08001991    0x2  Code  Wk  stm32f4xx_hal_tim.o [1]
HAL_TIM_PeriodElapsedCallback
                        0x080010ad   0x26  Code  Gb  main.o [1]
HAL_TIM_TriggerCallback
                        0x0800198d    0x2  Code  Wk  stm32f4xx_hal_tim.o [1]
HAL_UART_ErrorCallback  0x08000c25    0x2  Code  Wk  stm32f4xx_hal_uart.o [1]
HAL_UART_IRQHandler     0x080002dd  0x14e  Code  Gb  stm32f4xx_hal_uart.o [1]
HAL_UART_Init           0x08000189   0x28  Code  Gb  stm32f4xx_hal_uart.o [1]
HAL_UART_MspInit        0x08000795   0x98  Code  Gb  stm32f4xx_hal_msp.o [1]
HAL_UART_Receive_DMA    0x0800023d   0x8e  Code  Gb  stm32f4xx_hal_uart.o [1]
HAL_UART_RxCpltCallback
                        0x08000c29    0x2  Code  Wk  stm32f4xx_hal_uart.o [1]
HAL_UART_RxHalfCpltCallback
                        0x08000c2b    0x2  Code  Wk  stm32f4xx_hal_uart.o [1]
HAL_UART_Transmit_IT    0x080001f7   0x40  Code  Gb  stm32f4xx_hal_uart.o [1]
HAL_UART_TxCpltCallback
                        0x08000c27    0x2  Code  Wk  stm32f4xx_hal_uart.o [1]
HardFault_Handler       0x08001a37    0x2  Code  Gb  stm32f4xx_it.o [1]
MX_TIM2_Init            0x08001233   0x54  Code  Lc  main.o [1]
MemManage_Handler       0x08001a39    0x2  Code  Gb  stm32f4xx_it.o [1]
NMI_Handler             0x08001a35    0x2  Code  Gb  stm32f4xx_it.o [1]
NVIC_SetPriority        0x08000dfd   0x1a  Code  Lc  stm32f4xx_hal_cortex.o [1]
PendSV_Handler          0x08001a43    0x2  Code  Gb  stm32f4xx_it.o [1]
Region$$Table$$Base     0x08001b04          --   Gb  - Linker created -
Region$$Table$$Limit    0x08001b24          --   Gb  - Linker created -
SVC_Handler             0x08001a3f    0x2  Code  Gb  stm32f4xx_it.o [1]
SysTick_Handler         0x08001a45    0xe  Code  Gb  stm32f4xx_it.o [1]
SystemClock_Config      0x08001185   0xae  Code  Gb  main.o [1]
SystemCoreClock         0x20000090    0x4  Data  Gb  system_stm32f4xx.o [1]
SystemInit              0x08001995   0x3a  Code  Gb  system_stm32f4xx.o [1]
TIM2_IRQHandler         0x08001a53    0x6  Code  Gb  stm32f4xx_it.o [1]
TIM_Base_SetConfig      0x08001577   0x90  Code  Gb  stm32f4xx_hal_tim.o [1]
TIM_ETR_SetConfig       0x0800168f   0x14  Code  Lc  stm32f4xx_hal_tim.o [1]
TIM_ITRx_SetConfig      0x0800167f   0x10  Code  Lc  stm32f4xx_hal_tim.o [1]
TIM_TI1_ConfigInputStage
                        0x08001639   0x22  Code  Lc  stm32f4xx_hal_tim.o [1]
TIM_TI2_ConfigInputStage
                        0x0800165b   0x24  Code  Lc  stm32f4xx_hal_tim.o [1]
UART_DMAAbortOnError    0x080004e9    0xc  Code  Lc  stm32f4xx_hal_uart.o [1]
UART_DMAError           0x0800046d   0x4a  Code  Lc  stm32f4xx_hal_uart.o [1]
UART_DMAReceiveCplt     0x0800042d   0x38  Code  Lc  stm32f4xx_hal_uart.o [1]
UART_DMARxHalfCplt      0x08000465    0x6  Code  Lc  stm32f4xx_hal_uart.o [1]
UART_EndRxTransfer      0x080004c9   0x1c  Code  Lc  stm32f4xx_hal_uart.o [1]
UART_EndTxTransfer      0x080004b7   0x12  Code  Lc  stm32f4xx_hal_uart.o [1]
UART_Receive_IT         0x080004f5   0x88  Code  Lc  stm32f4xx_hal_uart.o [1]
UART_SetConfig          0x0800057d  0x13a  Code  Lc  stm32f4xx_hal_uart.o [1]
USART1_IRQHandler       0x08001a59    0x6  Code  Gb  stm32f4xx_it.o [1]
UsageFault_Handler      0x08001a3d    0x2  Code  Gb  stm32f4xx_it.o [1]
_Error_Handler          0x0800129d    0x2  Code  Gb  main.o [1]
__cmain                 0x08001b25         Code  Gb  cmain.o [5]
__exit                  0x08001b55   0x14  Code  Gb  exit.o [6]
__iar_data_init3        0x08001ab9   0x28  Code  Gb  data_init.o [5]
__iar_init_vfp          0x08001ae1         Code  Gb  fpinit_M.o [4]
__iar_packbits_init_single3
                        0x08001a81   0x38  Code  Gb  packbits_init_single.o [5]
__iar_program_start     0x08001b79         Code  Gb  cstartup_M.o [5]
__iar_zero_init3        0x080019f5   0x40  Code  Gb  zero_init3.o [5]
__low_level_init        0x08001b3f    0x4  Code  Gb  low_level_init.o [3]
__vector_table          0x08000000         Data  Gb  startup_stm32f407xx.o [1]
_call_main              0x08001b31         Code  Gb  cmain.o [5]
_exit                   0x08001b49         Code  Gb  cexit.o [5]
_main                   0x08001b3b         Code  Gb  cmain.o [5]
exit                    0x08001b43    0x4  Code  Gb  exit.o [3]
hdma_usart1_rx          0x20000498   0x60  Data  Gb  main.o [1]
htim2                   0x20000050   0x3c  Data  Gb  main.o [1]
huart1                  0x20000010   0x40  Data  Gb  main.o [1]
laban                   0x2000000c    0x2  Data  Gb  main.o [1]
main                    0x080010d3   0xa6  Code  Gb  main.o [1]
send_data_g             0x2000008d    0x1  Data  Gb  main.o [1]
send_data_rst           0x2000008c    0x1  Data  Gb  main.o [1]
uwTick                  0x200004f8    0x4  Data  Gb  stm32f4xx_hal.o [1]


[1] = C:\Users\ASUS\Desktop\Duc Hoc ARM\LABAN\REAL LABAN\EWARM\REAL LABAN\Obj
[2] = command line
[3] = dl7M_tlf.a
[4] = m7M_tls.a
[5] = rt7M_tl.a
[6] = shb_l.a

  7 322 bytes of readonly  code memory
     55 bytes of readonly  data memory
  1 272 bytes of readwrite data memory

Errors: none
Warnings: none
