###############################################################################
#
# IAR ELF Linker V8.22.1.15669/W32 for ARM                27/Oct/2018  23:10:01
# Copyright 2007-2018 IAR Systems AB.
#
#    Output file  =  
#        C:\Users\ASUS\Desktop\DucHocARM\Robot_v1\HOT\EWARM\HOT\Exe\HOT.out
#    Map file     =  
#        C:\Users\ASUS\Desktop\DucHocARM\Robot_v1\HOT\EWARM\HOT\List\HOT.map
#    Command line =  
#        -f C:\Users\ASUS\AppData\Local\Temp\EW556B.tmp
#        (C:\Users\ASUS\Desktop\DucHocARM\Robot_v1\HOT\EWARM\HOT\Obj\main.o
#        C:\Users\ASUS\Desktop\DucHocARM\Robot_v1\HOT\EWARM\HOT\Obj\startup_stm32f407xx.o
#        C:\Users\ASUS\Desktop\DucHocARM\Robot_v1\HOT\EWARM\HOT\Obj\stm32f4xx_hal.o
#        C:\Users\ASUS\Desktop\DucHocARM\Robot_v1\HOT\EWARM\HOT\Obj\stm32f4xx_hal_cortex.o
#        C:\Users\ASUS\Desktop\DucHocARM\Robot_v1\HOT\EWARM\HOT\Obj\stm32f4xx_hal_dma.o
#        C:\Users\ASUS\Desktop\DucHocARM\Robot_v1\HOT\EWARM\HOT\Obj\stm32f4xx_hal_dma_ex.o
#        C:\Users\ASUS\Desktop\DucHocARM\Robot_v1\HOT\EWARM\HOT\Obj\stm32f4xx_hal_flash.o
#        C:\Users\ASUS\Desktop\DucHocARM\Robot_v1\HOT\EWARM\HOT\Obj\stm32f4xx_hal_flash_ex.o
#        C:\Users\ASUS\Desktop\DucHocARM\Robot_v1\HOT\EWARM\HOT\Obj\stm32f4xx_hal_flash_ramfunc.o
#        C:\Users\ASUS\Desktop\DucHocARM\Robot_v1\HOT\EWARM\HOT\Obj\stm32f4xx_hal_gpio.o
#        C:\Users\ASUS\Desktop\DucHocARM\Robot_v1\HOT\EWARM\HOT\Obj\stm32f4xx_hal_msp.o
#        C:\Users\ASUS\Desktop\DucHocARM\Robot_v1\HOT\EWARM\HOT\Obj\stm32f4xx_hal_pwr.o
#        C:\Users\ASUS\Desktop\DucHocARM\Robot_v1\HOT\EWARM\HOT\Obj\stm32f4xx_hal_pwr_ex.o
#        C:\Users\ASUS\Desktop\DucHocARM\Robot_v1\HOT\EWARM\HOT\Obj\stm32f4xx_hal_rcc.o
#        C:\Users\ASUS\Desktop\DucHocARM\Robot_v1\HOT\EWARM\HOT\Obj\stm32f4xx_hal_rcc_ex.o
#        C:\Users\ASUS\Desktop\DucHocARM\Robot_v1\HOT\EWARM\HOT\Obj\stm32f4xx_hal_tim.o
#        C:\Users\ASUS\Desktop\DucHocARM\Robot_v1\HOT\EWARM\HOT\Obj\stm32f4xx_hal_tim_ex.o
#        C:\Users\ASUS\Desktop\DucHocARM\Robot_v1\HOT\EWARM\HOT\Obj\stm32f4xx_hal_uart.o
#        C:\Users\ASUS\Desktop\DucHocARM\Robot_v1\HOT\EWARM\HOT\Obj\stm32f4xx_it.o
#        C:\Users\ASUS\Desktop\DucHocARM\Robot_v1\HOT\EWARM\HOT\Obj\system_stm32f4xx.o
#        --redirect _Printf=_PrintfFull --redirect _Scanf=_ScanfFull -o
#        C:\Users\ASUS\Desktop\DucHocARM\Robot_v1\HOT\EWARM\HOT\Exe\HOT.out
#        --map
#        C:\Users\ASUS\Desktop\DucHocARM\Robot_v1\HOT\EWARM\HOT\List\HOT.map
#        --config
#        C:\Users\ASUS\Desktop\DucHocARM\Robot_v1\HOT\EWARM/stm32f407xx_flash.icf
#        --semihosting --entry __iar_program_start --vfe --text_out locale)
#
###############################################################################

*******************************************************************************
*** RUNTIME MODEL ATTRIBUTES
***

CppFlavor       = *
__SystemLibrary = DLib
__dlib_version  = 6


*******************************************************************************
*** HEAP SELECTION
***

The basic heap was selected because no calls to memory allocation
functions were found in the application outside of system library
functions, and there are calls to deallocation functions in the
application.


*******************************************************************************
*** PLACEMENT SUMMARY
***

"A0":  place at 0x08000000 { ro section .intvec };
"P1":  place in [from 0x08000000 to 0x080fffff] { ro };
define block CSTACK with size = 1K, alignment = 8 { };
define block HEAP with size = 512, alignment = 8 { };
"P2":  place in [from 0x20000000 to 0x2001ffff] {
          rw, block CSTACK, block HEAP };
initialize by copy { rw };

  Section            Kind        Address    Size  Object
  -------            ----        -------    ----  ------
"A0":                                      0x188
  .intvec            ro code  0x08000000   0x188  startup_stm32f407xx.o [1]
                            - 0x08000188   0x188

"P1":                                     0x22f0
  .text              ro code  0x08000188   0x63e  stm32f4xx_hal_tim.o [1]
  .text              ro code  0x080007c8   0x234  stm32f4xx_hal_msp.o [1]
  .text              ro code  0x080009fc     0x2  stm32f4xx_hal_tim.o [1]
  .text              ro code  0x080009fe     0x2  stm32f4xx_hal_tim.o [1]
  .text              ro code  0x08000a00     0x2  stm32f4xx_hal_tim.o [1]
  .text              ro code  0x08000a04   0x32e  main.o [1]
  .text              ro code  0x08000d32     0x2  stm32f4xx_hal_tim_ex.o [1]
  .text              ro code  0x08000d34     0x2  stm32f4xx_hal_tim.o [1]
  .text              ro code  0x08000d36     0x2  stm32f4xx_hal_tim_ex.o [1]
  .text              ro code  0x08000d38     0x2  stm32f4xx_hal_tim.o [1]
  .text              ro code  0x08000d3c    0xe6  stm32f4xx_hal_cortex.o [1]
  .text              ro code  0x08000e24   0x1ec  stm32f4xx_hal_gpio.o [1]
  .text              ro code  0x08001010   0x400  stm32f4xx_hal_dma.o [1]
  .text              ro code  0x08001410   0x58e  stm32f4xx_hal_uart.o [1]
  .text              ro code  0x080019a0    0x34  stm32f4xx_hal.o [1]
  .text              ro code  0x080019d4    0x4a  stm32f4xx_hal_tim_ex.o [1]
  .text              ro code  0x08001a20   0x2f0  stm32f4xx_hal_rcc.o [1]
  .text              ro code  0x08001d10   0x1a4  stm32f4xx_hal_rcc.o [1]
  .text              ro code  0x08001eb4     0xc  stm32f4xx_hal.o [1]
  .text              ro code  0x08001ec0     0x2  stm32f4xx_hal_uart.o [1]
  .text              ro code  0x08001ec2     0x2  stm32f4xx_hal_uart.o [1]
  .text              ro code  0x08001ec4     0x2  stm32f4xx_hal_uart.o [1]
  .text              ro code  0x08001ec6     0x2  stm32f4xx_hal_uart.o [1]
  .text              ro code  0x08001ec8    0x40  stm32f4xx_hal.o [1]
  .text              ro code  0x08001f08   0x22e  I64DivMod.o [5]
  .text              ro code  0x08002138     0x2  I64DivZer.o [5]
  .text              ro code  0x0800213c    0x60  system_stm32f4xx.o [1]
  .text              ro code  0x0800219c    0x40  zero_init3.o [5]
  .text              ro code  0x080021dc    0x3c  stm32f4xx_it.o [1]
  .text              ro code  0x08002218    0x10  stm32f4xx_hal.o [1]
  .text              ro code  0x08002228    0x2c  copy_init3.o [5]
  .text              ro code  0x08002254    0x28  data_init.o [5]
  .text              ro code  0x0800227c    0x22  fpinit_M.o [4]
  .iar.init_table    const    0x080022a0    0x24  - Linker created -
  .text              ro code  0x080022c4    0x1e  cmain.o [5]
  .text              ro code  0x080022e2     0x4  low_level_init.o [3]
  .text              ro code  0x080022e6     0x4  exit.o [3]
  .text              ro code  0x080022ec     0xa  cexit.o [5]
  .text              ro code  0x080022f8    0x14  exit.o [6]
  .text              ro code  0x0800230c    0x10  startup_stm32f407xx.o [1]
  Initializer bytes  const    0x0800231c    0x10  <for P2-1>
  .text              ro code  0x0800232c     0xc  cstartup_M.o [5]
  .rodata            const    0x08002338     0x8  system_stm32f4xx.o [1]
  .text              ro code  0x08002340     0x4  startup_stm32f407xx.o [1]
  .text              ro code  0x08002344     0x4  startup_stm32f407xx.o [1]
  .text              ro code  0x08002348     0x4  startup_stm32f407xx.o [1]
  .text              ro code  0x0800234c     0x4  startup_stm32f407xx.o [1]
  .text              ro code  0x08002350     0x4  startup_stm32f407xx.o [1]
  .text              ro code  0x08002354     0x4  startup_stm32f407xx.o [1]
  .text              ro code  0x08002358     0x4  startup_stm32f407xx.o [1]
  .text              ro code  0x0800235c     0x4  startup_stm32f407xx.o [1]
  .text              ro code  0x08002360     0x4  startup_stm32f407xx.o [1]
  .text              ro code  0x08002364     0x4  startup_stm32f407xx.o [1]
  .text              ro code  0x08002368     0x4  startup_stm32f407xx.o [1]
  .text              ro code  0x0800236c     0x4  startup_stm32f407xx.o [1]
  .text              ro code  0x08002370     0x4  startup_stm32f407xx.o [1]
  .text              ro code  0x08002374     0x4  startup_stm32f407xx.o [1]
  .text              ro code  0x08002378     0x4  startup_stm32f407xx.o [1]
  .text              ro code  0x0800237c     0x4  startup_stm32f407xx.o [1]
  .text              ro code  0x08002380     0x4  startup_stm32f407xx.o [1]
  .text              ro code  0x08002384     0x4  startup_stm32f407xx.o [1]
  .text              ro code  0x08002388     0x4  startup_stm32f407xx.o [1]
  .text              ro code  0x0800238c     0x4  startup_stm32f407xx.o [1]
  .text              ro code  0x08002390     0x4  startup_stm32f407xx.o [1]
  .text              ro code  0x08002394     0x4  startup_stm32f407xx.o [1]
  .text              ro code  0x08002398     0x4  startup_stm32f407xx.o [1]
  .text              ro code  0x0800239c     0x4  startup_stm32f407xx.o [1]
  .text              ro code  0x080023a0     0x4  startup_stm32f407xx.o [1]
  .text              ro code  0x080023a4     0x4  startup_stm32f407xx.o [1]
  .text              ro code  0x080023a8     0x4  startup_stm32f407xx.o [1]
  .text              ro code  0x080023ac     0x4  startup_stm32f407xx.o [1]
  .text              ro code  0x080023b0     0x4  startup_stm32f407xx.o [1]
  .text              ro code  0x080023b4     0x4  startup_stm32f407xx.o [1]
  .text              ro code  0x080023b8     0x4  startup_stm32f407xx.o [1]
  .text              ro code  0x080023bc     0x4  startup_stm32f407xx.o [1]
  .text              ro code  0x080023c0     0x4  startup_stm32f407xx.o [1]
  .text              ro code  0x080023c4     0x4  startup_stm32f407xx.o [1]
  .text              ro code  0x080023c8     0x4  startup_stm32f407xx.o [1]
  .text              ro code  0x080023cc     0x4  startup_stm32f407xx.o [1]
  .text              ro code  0x080023d0     0x4  startup_stm32f407xx.o [1]
  .text              ro code  0x080023d4     0x4  startup_stm32f407xx.o [1]
  .text              ro code  0x080023d8     0x4  startup_stm32f407xx.o [1]
  .text              ro code  0x080023dc     0x4  startup_stm32f407xx.o [1]
  .text              ro code  0x080023e0     0x4  startup_stm32f407xx.o [1]
  .text              ro code  0x080023e4     0x4  startup_stm32f407xx.o [1]
  .text              ro code  0x080023e8     0x4  startup_stm32f407xx.o [1]
  .text              ro code  0x080023ec     0x4  startup_stm32f407xx.o [1]
  .text              ro code  0x080023f0     0x4  startup_stm32f407xx.o [1]
  .text              ro code  0x080023f4     0x4  startup_stm32f407xx.o [1]
  .text              ro code  0x080023f8     0x4  startup_stm32f407xx.o [1]
  .text              ro code  0x080023fc     0x4  startup_stm32f407xx.o [1]
  .text              ro code  0x08002400     0x4  startup_stm32f407xx.o [1]
  .text              ro code  0x08002404     0x4  startup_stm32f407xx.o [1]
  .text              ro code  0x08002408     0x4  startup_stm32f407xx.o [1]
  .text              ro code  0x0800240c     0x4  startup_stm32f407xx.o [1]
  .text              ro code  0x08002410     0x4  startup_stm32f407xx.o [1]
  .text              ro code  0x08002414     0x4  startup_stm32f407xx.o [1]
  .text              ro code  0x08002418     0x4  startup_stm32f407xx.o [1]
  .text              ro code  0x0800241c     0x4  startup_stm32f407xx.o [1]
  .text              ro code  0x08002420     0x4  startup_stm32f407xx.o [1]
  .text              ro code  0x08002424     0x4  startup_stm32f407xx.o [1]
  .text              ro code  0x08002428     0x4  startup_stm32f407xx.o [1]
  .text              ro code  0x0800242c     0x4  startup_stm32f407xx.o [1]
  .text              ro code  0x08002430     0x4  startup_stm32f407xx.o [1]
  .text              ro code  0x08002434     0x4  startup_stm32f407xx.o [1]
  .text              ro code  0x08002438     0x4  startup_stm32f407xx.o [1]
  .text              ro code  0x0800243c     0x4  startup_stm32f407xx.o [1]
  .text              ro code  0x08002440     0x4  startup_stm32f407xx.o [1]
  .text              ro code  0x08002444     0x4  startup_stm32f407xx.o [1]
  .text              ro code  0x08002448     0x4  startup_stm32f407xx.o [1]
  .text              ro code  0x0800244c     0x4  startup_stm32f407xx.o [1]
  .text              ro code  0x08002450     0x4  startup_stm32f407xx.o [1]
  .text              ro code  0x08002454     0x4  startup_stm32f407xx.o [1]
  .text              ro code  0x08002458     0x4  startup_stm32f407xx.o [1]
  .text              ro code  0x0800245c     0x4  startup_stm32f407xx.o [1]
  .text              ro code  0x08002460     0x4  startup_stm32f407xx.o [1]
  .text              ro code  0x08002464     0x4  startup_stm32f407xx.o [1]
  .text              ro code  0x08002468     0x4  startup_stm32f407xx.o [1]
  .text              ro code  0x0800246c     0x4  startup_stm32f407xx.o [1]
  .text              ro code  0x08002470     0x4  startup_stm32f407xx.o [1]
  .text              ro code  0x08002474     0x4  startup_stm32f407xx.o [1]
  .rodata            const    0x08002478     0x0  zero_init3.o [5]
  .rodata            const    0x08002478     0x0  copy_init3.o [5]
                            - 0x08002478  0x22f0

"P2", part 1 of 3:                          0x10
  P2-1                        0x20000000    0x10  <Init block>
    .data            inited   0x20000000     0xc  stm32f4xx_hal.o [1]
    .data            inited   0x2000000c     0x4  system_stm32f4xx.o [1]
                            - 0x20000010    0x10

"P2", part 2 of 3:                         0x168
  .bss               zero     0x20000010    0x60  main.o [1]
  .bss               zero     0x20000070    0x4c  main.o [1]
  .bss               zero     0x200000bc    0x40  main.o [1]
  .bss               zero     0x200000fc    0x40  main.o [1]
  .bss               zero     0x2000013c    0x3c  main.o [1]
                            - 0x20000178   0x168

"P2", part 3 of 3:                         0x400
  CSTACK                      0x20000178   0x400  <Block>
    CSTACK           uninit   0x20000178   0x400  <Block tail>
                            - 0x20000578   0x400


*******************************************************************************
*** INIT TABLE
***

          Address     Size
          -------     ----
Zero (__iar_zero_init3)
    1 destination range, total size 0x168:
          0x20000010  0x168

Copy (__iar_copy_init3)
    1 source range, total size 0x10:
          0x0800231c   0x10
    1 destination range, total size 0x10:
          0x20000000   0x10



*******************************************************************************
*** MODULE SUMMARY
***

    Module                  ro code  ro data  rw data
    ------                  -------  -------  -------
C:\Users\ASUS\Desktop\DucHocARM\Robot_v1\HOT\EWARM\HOT\Obj: [1]
    main.o                      814               360
    startup_stm32f407xx.o       720
    stm32f4xx_hal.o             144       12       12
    stm32f4xx_hal_cortex.o      230
    stm32f4xx_hal_dma.o       1 024
    stm32f4xx_hal_gpio.o        492
    stm32f4xx_hal_msp.o         564
    stm32f4xx_hal_rcc.o       1 172
    stm32f4xx_hal_tim.o       1 608
    stm32f4xx_hal_tim_ex.o       78
    stm32f4xx_hal_uart.o      1 430
    stm32f4xx_it.o               60
    system_stm32f4xx.o           96       12        4
    -------------------------------------------------
    Total:                    8 432       24      376

command line: [2]
    -------------------------------------------------
    Total:

dl7M_tlf.a: [3]
    exit.o                        4
    low_level_init.o              4
    -------------------------------------------------
    Total:                        8

m7M_tls.a: [4]
    fpinit_M.o                   34
    -------------------------------------------------
    Total:                       34

rt7M_tl.a: [5]
    I64DivMod.o                 558
    I64DivZer.o                   2
    cexit.o                      10
    cmain.o                      30
    copy_init3.o                 44
    cstartup_M.o                 12
    data_init.o                  40
    zero_init3.o                 64
    -------------------------------------------------
    Total:                      760

shb_l.a: [6]
    exit.o                       20
    -------------------------------------------------
    Total:                       20

    Gaps                         20        2
    Linker created                        36    1 024
-----------------------------------------------------
    Grand Total:              9 274       62    1 400


*******************************************************************************
*** ENTRY LIST
***

Entry                      Address   Size  Type      Object
-----                      -------   ----  ----      ------
.iar.init_table$$Base   0x080022a0          --   Gb  - Linker created -
.iar.init_table$$Limit  0x080022c4          --   Gb  - Linker created -
?main                   0x080022c5         Code  Gb  cmain.o [5]
AHBPrescTable           0x0800218c   0x10  Data  Gb  system_stm32f4xx.o [1]
APBPrescTable           0x08002338    0x8  Data  Gb  system_stm32f4xx.o [1]
BIT1                    0x2000007c    0x1  Data  Gb  main.o [1]
BIT2                    0x2000007d    0x1  Data  Gb  main.o [1]
BusFault_Handler        0x080021e3    0x2  Code  Gb  stm32f4xx_it.o [1]
CSTACK$$Base            0x20000178          --   Gb  - Linker created -
CSTACK$$Limit           0x20000578          --   Gb  - Linker created -
DMA2_Stream2_IRQHandler
                        0x08002207    0x6  Code  Gb  stm32f4xx_it.o [1]
DMA_CalcBaseAndBitshift
                        0x080013e1   0x28  Code  Lc  stm32f4xx_hal_dma.o [1]
DMA_CalcBaseAndBitshift::flagBitshiftOffset
                        0x08001408    0x8  Data  Lc  stm32f4xx_hal_dma.o [1]
DMA_SetConfig           0x080013c1   0x20  Code  Lc  stm32f4xx_hal_dma.o [1]
Data                    0x20000070    0x8  Data  Gb  main.o [1]
DebugMon_Handler        0x080021e9    0x2  Code  Gb  stm32f4xx_it.o [1]
HAL_DMA_Abort           0x08001161   0x8a  Code  Gb  stm32f4xx_hal_dma.o [1]
HAL_DMA_Abort_IT        0x080011eb   0x24  Code  Gb  stm32f4xx_hal_dma.o [1]
HAL_DMA_IRQHandler      0x0800120f  0x188  Code  Gb  stm32f4xx_hal_dma.o [1]
HAL_DMA_Init            0x08001011   0xe6  Code  Gb  stm32f4xx_hal_dma.o [1]
HAL_DMA_Start_IT        0x080010f7   0x6a  Code  Gb  stm32f4xx_hal_dma.o [1]
HAL_GPIO_Init           0x08000e25  0x1b2  Code  Gb  stm32f4xx_hal_gpio.o [1]
HAL_GPIO_WritePin       0x08000fd7    0xc  Code  Gb  stm32f4xx_hal_gpio.o [1]
HAL_GetTick             0x08001eb5    0xc  Code  Wk  stm32f4xx_hal.o [1]
HAL_IncTick             0x08002219   0x10  Code  Wk  stm32f4xx_hal.o [1]
HAL_Init                0x080019a1   0x30  Code  Gb  stm32f4xx_hal.o [1]
HAL_InitTick            0x08001ec9   0x40  Code  Wk  stm32f4xx_hal.o [1]
HAL_MspInit             0x080007c9   0x8e  Code  Gb  stm32f4xx_hal_msp.o [1]
HAL_NVIC_EnableIRQ      0x08000daf    0xa  Code  Gb  stm32f4xx_hal_cortex.o [1]
HAL_NVIC_SetPriority    0x08000d75   0x3a  Code  Gb  stm32f4xx_hal_cortex.o [1]
HAL_NVIC_SetPriorityGrouping
                        0x08000d5b   0x1a  Code  Gb  stm32f4xx_hal_cortex.o [1]
HAL_RCC_ClockConfig     0x08001d11   0xfe  Code  Gb  stm32f4xx_hal_rcc.o [1]
HAL_RCC_GetHCLKFreq     0x08001e1b    0x6  Code  Gb  stm32f4xx_hal_rcc.o [1]
HAL_RCC_GetPCLK1Freq    0x08001e21   0x10  Code  Gb  stm32f4xx_hal_rcc.o [1]
HAL_RCC_GetPCLK2Freq    0x08001e31    0xe  Code  Gb  stm32f4xx_hal_rcc.o [1]
HAL_RCC_OscConfig       0x08001a21  0x2f0  Code  Wk  stm32f4xx_hal_rcc.o [1]
HAL_SYSTICK_CLKSourceConfig
                        0x08000deb   0x1a  Code  Gb  stm32f4xx_hal_cortex.o [1]
HAL_SYSTICK_Config      0x08000dc3   0x28  Code  Gb  stm32f4xx_hal_cortex.o [1]
HAL_SYSTICK_IRQHandler  0x08000e1d    0x4  Code  Gb  stm32f4xx_hal_cortex.o [1]
HAL_TIMEx_BreakCallback
                        0x08000d33    0x2  Code  Wk  stm32f4xx_hal_tim_ex.o [1]
HAL_TIMEx_CommutationCallback
                        0x08000d37    0x2  Code  Wk  stm32f4xx_hal_tim_ex.o [1]
HAL_TIMEx_MasterConfigSynchronization
                        0x080019d5   0x4a  Code  Gb  stm32f4xx_hal_tim_ex.o [1]
HAL_TIM_Base_Init       0x08000189   0x1a  Code  Gb  stm32f4xx_hal_tim.o [1]
HAL_TIM_Base_MspInit    0x08000857   0x6e  Code  Gb  stm32f4xx_hal_msp.o [1]
HAL_TIM_Base_Start_IT   0x080001a3   0x16  Code  Gb  stm32f4xx_hal_tim.o [1]
HAL_TIM_ConfigClockSource
                        0x0800046d   0xac  Code  Gb  stm32f4xx_hal_tim.o [1]
HAL_TIM_IRQHandler      0x0800023d  0x142  Code  Gb  stm32f4xx_hal_tim.o [1]
HAL_TIM_MspPostInit     0x080008c5   0x30  Code  Gb  stm32f4xx_hal_msp.o [1]
HAL_TIM_PWM_ConfigChannel
                        0x08000385   0xc0  Code  Gb  stm32f4xx_hal_tim.o [1]
HAL_TIM_PWM_Init        0x080001e3   0x1a  Code  Gb  stm32f4xx_hal_tim.o [1]
HAL_TIM_PWM_Start       0x080001fd   0x14  Code  Gb  stm32f4xx_hal_tim.o [1]
HAL_TIM_PeriodElapsedCallback
                        0x08000a05   0x3e  Code  Gb  main.o [1]
HAL_UART_DMAStop        0x0800151b   0x48  Code  Gb  stm32f4xx_hal_uart.o [1]
HAL_UART_IRQHandler     0x0800157b  0x152  Code  Gb  stm32f4xx_hal_uart.o [1]
HAL_UART_Init           0x08001411   0x1e  Code  Gb  stm32f4xx_hal_uart.o [1]
HAL_UART_MspInit        0x080008f5   0x96  Code  Gb  stm32f4xx_hal_msp.o [1]
HAL_UART_Receive_DMA    0x08001489   0x92  Code  Gb  stm32f4xx_hal_uart.o [1]
HardFault_Handler       0x080021df    0x2  Code  Gb  stm32f4xx_it.o [1]
LX                      0x20000078    0x1  Data  Gb  main.o [1]
LY                      0x20000079    0x1  Data  Gb  main.o [1]
MX_TIM4_Init            0x08000c5d   0x8c  Code  Lc  main.o [1]
MemManage_Handler       0x080021e1    0x2  Code  Gb  stm32f4xx_it.o [1]
NMI_Handler             0x080021dd    0x2  Code  Gb  stm32f4xx_it.o [1]
NVIC_SetPriority        0x08000d3d   0x1e  Code  Lc  stm32f4xx_hal_cortex.o [1]
PendSV_Handler          0x080021eb    0x2  Code  Gb  stm32f4xx_it.o [1]
RX                      0x2000007a    0x1  Data  Gb  main.o [1]
RY                      0x2000007b    0x1  Data  Gb  main.o [1]
Region$$Table$$Base     0x080022a0          --   Gb  - Linker created -
Region$$Table$$Limit    0x080022c4          --   Gb  - Linker created -
SVC_Handler             0x080021e7    0x2  Code  Gb  stm32f4xx_it.o [1]
SysTick_Handler         0x080021ed    0xe  Code  Gb  stm32f4xx_it.o [1]
SystemClock_Config      0x08000baf   0xae  Code  Gb  main.o [1]
SystemCoreClock         0x2000000c    0x4  Data  Gb  system_stm32f4xx.o [1]
SystemInit              0x0800213d   0x3a  Code  Gb  system_stm32f4xx.o [1]
TIM6_DAC_IRQHandler     0x08002201    0x6  Code  Gb  stm32f4xx_it.o [1]
TIM_Base_SetConfig      0x08000541   0x8e  Code  Gb  stm32f4xx_hal_tim.o [1]
TIM_CCxChannelCmd       0x0800062b   0x14  Code  Gb  stm32f4xx_hal_tim.o [1]
TIM_ETR_SetConfig       0x080007b3   0x14  Code  Lc  stm32f4xx_hal_tim.o [1]
TIM_ITRx_SetConfig      0x080007a3   0x10  Code  Lc  stm32f4xx_hal_tim.o [1]
TIM_OC1_SetConfig       0x0800063f   0x4a  Code  Lc  stm32f4xx_hal_tim.o [1]
TIM_OC2_SetConfig       0x080005d1   0x58  Code  Gb  stm32f4xx_hal_tim.o [1]
TIM_OC3_SetConfig       0x08000689   0x50  Code  Lc  stm32f4xx_hal_tim.o [1]
TIM_OC4_SetConfig       0x080006e5   0x46  Code  Lc  stm32f4xx_hal_tim.o [1]
TIM_TI1_ConfigInputStage
                        0x0800075d   0x1c  Code  Lc  stm32f4xx_hal_tim.o [1]
TIM_TI2_ConfigInputStage
                        0x0800077f   0x24  Code  Lc  stm32f4xx_hal_tim.o [1]
UART_DMAAbortOnError    0x08001785    0xc  Code  Lc  stm32f4xx_hal_uart.o [1]
UART_DMAError           0x0800170d   0x4a  Code  Lc  stm32f4xx_hal_uart.o [1]
UART_DMAReceiveCplt     0x080016cd   0x38  Code  Lc  stm32f4xx_hal_uart.o [1]
UART_DMARxHalfCplt      0x08001705    0x6  Code  Lc  stm32f4xx_hal_uart.o [1]
UART_EndRxTransfer      0x08001769   0x1c  Code  Lc  stm32f4xx_hal_uart.o [1]
UART_EndTxTransfer      0x08001757   0x12  Code  Lc  stm32f4xx_hal_uart.o [1]
UART_Receive_IT         0x08001791   0x8c  Code  Lc  stm32f4xx_hal_uart.o [1]
UART_SetConfig          0x0800181d  0x13a  Code  Lc  stm32f4xx_hal_uart.o [1]
USART1_IRQHandler       0x080021fb    0x6  Code  Gb  stm32f4xx_it.o [1]
UsageFault_Handler      0x080021e5    0x2  Code  Gb  stm32f4xx_it.o [1]
_Error_Handler          0x08000d31    0x2  Code  Gb  main.o [1]
__aeabi_ldiv0           0x08002139         Code  Gb  I64DivZer.o [5]
__aeabi_uldivmod        0x08001f09         Code  Gb  I64DivMod.o [5]
__cmain                 0x080022c5         Code  Gb  cmain.o [5]
__exit                  0x080022f9   0x14  Code  Gb  exit.o [6]
__iar_copy_init3        0x08002229   0x2c  Code  Gb  copy_init3.o [5]
__iar_data_init3        0x08002255   0x28  Code  Gb  data_init.o [5]
__iar_init_vfp          0x0800227d         Code  Gb  fpinit_M.o [4]
__iar_program_start     0x0800232d         Code  Gb  cstartup_M.o [5]
__iar_systems$$module {Abs}
                        0x00000001         Data  Gb  command line/config [2]
__iar_zero_init3        0x0800219d   0x40  Code  Gb  zero_init3.o [5]
__low_level_init        0x080022e3    0x4  Code  Gb  low_level_init.o [3]
__vector_table          0x08000000         Data  Gb  startup_stm32f407xx.o [1]
_call_main              0x080022d1         Code  Gb  cmain.o [5]
_exit                   0x080022ed         Code  Gb  cexit.o [5]
_main                   0x080022df         Code  Gb  cmain.o [5]
exit                    0x080022e7    0x4  Code  Gb  exit.o [3]
hdma_usart1_rx          0x20000010   0x60  Data  Gb  main.o [1]
htim4                   0x200000c0   0x3c  Data  Gb  main.o [1]
htim6                   0x2000013c   0x3c  Data  Gb  main.o [1]
htim7                   0x20000080   0x3c  Data  Gb  main.o [1]
huart1                  0x200000fc   0x40  Data  Gb  main.o [1]
main                    0x08000a43  0x156  Code  Gb  main.o [1]
speed                   0x200000bc    0x2  Data  Gb  main.o [1]
uwTick                  0x20000004    0x4  Data  Gb  stm32f4xx_hal.o [1]
uwTickFreq              0x20000000    0x1  Data  Gb  stm32f4xx_hal.o [1]
uwTickPrio              0x20000008    0x4  Data  Gb  stm32f4xx_hal.o [1]


[1] = C:\Users\ASUS\Desktop\DucHocARM\Robot_v1\HOT\EWARM\HOT\Obj
[2] = command line
[3] = dl7M_tlf.a
[4] = m7M_tls.a
[5] = rt7M_tl.a
[6] = shb_l.a

  9 274 bytes of readonly  code memory
     62 bytes of readonly  data memory
  1 400 bytes of readwrite data memory

Errors: none
Warnings: none
