###############################################################################
#
# IAR ELF Linker V7.80.1.11864/W32 for ARM                07/Oct/2018  03:32:50
# Copyright 2007-2016 IAR Systems AB.
#
#    Output file  =  
#        C:\Users\ASUS\Desktop\Duc Hoc
#        ARM\Timer\Timer\EWARM\Timer\Exe\Timer.out
#    Map file     =  
#        C:\Users\ASUS\Desktop\Duc Hoc
#        ARM\Timer\Timer\EWARM\Timer\List\Timer.map
#    Command line =  
#        "C:\Users\ASUS\Desktop\Duc Hoc ARM\Timer\Timer\EWARM\Timer\Obj\main.o"
#        "C:\Users\ASUS\Desktop\Duc Hoc
#        ARM\Timer\Timer\EWARM\Timer\Obj\startup_stm32f407xx.o"
#        "C:\Users\ASUS\Desktop\Duc Hoc
#        ARM\Timer\Timer\EWARM\Timer\Obj\stm32f4xx_hal.o"
#        "C:\Users\ASUS\Desktop\Duc Hoc
#        ARM\Timer\Timer\EWARM\Timer\Obj\stm32f4xx_hal_cortex.o"
#        "C:\Users\ASUS\Desktop\Duc Hoc
#        ARM\Timer\Timer\EWARM\Timer\Obj\stm32f4xx_hal_dma.o"
#        "C:\Users\ASUS\Desktop\Duc Hoc
#        ARM\Timer\Timer\EWARM\Timer\Obj\stm32f4xx_hal_dma_ex.o"
#        "C:\Users\ASUS\Desktop\Duc Hoc
#        ARM\Timer\Timer\EWARM\Timer\Obj\stm32f4xx_hal_flash.o"
#        "C:\Users\ASUS\Desktop\Duc Hoc
#        ARM\Timer\Timer\EWARM\Timer\Obj\stm32f4xx_hal_flash_ex.o"
#        "C:\Users\ASUS\Desktop\Duc Hoc
#        ARM\Timer\Timer\EWARM\Timer\Obj\stm32f4xx_hal_flash_ramfunc.o"
#        "C:\Users\ASUS\Desktop\Duc Hoc
#        ARM\Timer\Timer\EWARM\Timer\Obj\stm32f4xx_hal_gpio.o"
#        "C:\Users\ASUS\Desktop\Duc Hoc
#        ARM\Timer\Timer\EWARM\Timer\Obj\stm32f4xx_hal_msp.o"
#        "C:\Users\ASUS\Desktop\Duc Hoc
#        ARM\Timer\Timer\EWARM\Timer\Obj\stm32f4xx_hal_pwr.o"
#        "C:\Users\ASUS\Desktop\Duc Hoc
#        ARM\Timer\Timer\EWARM\Timer\Obj\stm32f4xx_hal_pwr_ex.o"
#        "C:\Users\ASUS\Desktop\Duc Hoc
#        ARM\Timer\Timer\EWARM\Timer\Obj\stm32f4xx_hal_rcc.o"
#        "C:\Users\ASUS\Desktop\Duc Hoc
#        ARM\Timer\Timer\EWARM\Timer\Obj\stm32f4xx_hal_rcc_ex.o"
#        "C:\Users\ASUS\Desktop\Duc Hoc
#        ARM\Timer\Timer\EWARM\Timer\Obj\stm32f4xx_hal_tim.o"
#        "C:\Users\ASUS\Desktop\Duc Hoc
#        ARM\Timer\Timer\EWARM\Timer\Obj\stm32f4xx_hal_tim_ex.o"
#        "C:\Users\ASUS\Desktop\Duc Hoc
#        ARM\Timer\Timer\EWARM\Timer\Obj\stm32f4xx_it.o"
#        "C:\Users\ASUS\Desktop\Duc Hoc
#        ARM\Timer\Timer\EWARM\Timer\Obj\system_stm32f4xx.o" --redirect
#        _Printf=_PrintfFull --redirect _Scanf=_ScanfFull -o
#        "C:\Users\ASUS\Desktop\Duc Hoc
#        ARM\Timer\Timer\EWARM\Timer\Exe\Timer.out" --map
#        "C:\Users\ASUS\Desktop\Duc Hoc
#        ARM\Timer\Timer\EWARM\Timer\List\Timer.map" --config
#        "C:\Users\ASUS\Desktop\Duc Hoc
#        ARM\Timer\Timer\EWARM/stm32f407xx_flash.icf" --semihosting --entry
#        __iar_program_start --vfe
#
###############################################################################

*******************************************************************************
*** RUNTIME MODEL ATTRIBUTES
***

CppFlavor       = *
__SystemLibrary = DLib


*******************************************************************************
*** PLACEMENT SUMMARY
***

"A0":  place at 0x08000000 { ro section .intvec };
"P1":  place in [from 0x08000000 to 0x080fffff] { ro };
"P2":  place in [from 0x20000000 to 0x2001ffff] { rw, block CSTACK, block HEAP };
initialize by copy { rw };

  Section            Kind        Address    Size  Object
  -------            ----        -------    ----  ------
"A0":                                      0x188
  .intvec            ro code  0x08000000   0x188  startup_stm32f407xx.o [1]
                            - 0x08000188   0x188

"P1":                                     0x1124
  .text              ro code  0x08000188   0x39a  stm32f4xx_hal_tim.o [1]
  .text              ro code  0x08000524    0xcc  stm32f4xx_hal_msp.o [1]
  .text              ro code  0x080005f0     0x2  stm32f4xx_hal_tim.o [1]
  .text              ro code  0x080005f2     0x2  stm32f4xx_hal_tim.o [1]
  .text              ro code  0x080005f4   0x1e0  main.o [1]
  .text              ro code  0x080007d4     0x2  stm32f4xx_hal_tim_ex.o [1]
  .text              ro code  0x080007d6     0x2  stm32f4xx_hal_tim.o [1]
  .text              ro code  0x080007d8     0x2  stm32f4xx_hal_tim_ex.o [1]
  .text              ro code  0x080007da     0x2  stm32f4xx_hal_tim.o [1]
  .text              ro code  0x080007dc    0xde  stm32f4xx_hal_cortex.o [1]
  .text              ro code  0x080008bc   0x1e0  stm32f4xx_hal_gpio.o [1]
  .text              ro code  0x08000a9c    0x34  stm32f4xx_hal.o [1]
  .text              ro code  0x08000ad0   0x298  stm32f4xx_hal_rcc.o [1]
  .text              ro code  0x08000d68   0x1a4  stm32f4xx_hal_rcc.o [1]
  .text              ro code  0x08000f0c    0x4a  stm32f4xx_hal_tim_ex.o [1]
  .text              ro code  0x08000f58    0x28  stm32f4xx_hal.o [1]
  .text              ro code  0x08000f80     0xc  stm32f4xx_hal.o [1]
  .text              ro code  0x08000f8c    0x60  system_stm32f4xx.o [1]
  .text              ro code  0x08000fec    0x40  zero_init3.o [5]
  .text              ro code  0x0800102c    0x34  stm32f4xx_it.o [1]
  .text              ro code  0x08001060    0x10  stm32f4xx_hal.o [1]
  .text              ro code  0x08001070    0x2c  copy_init3.o [5]
  .text              ro code  0x0800109c    0x28  data_init.o [5]
  .text              ro code  0x080010c4    0x22  fpinit_M.o [4]
  .iar.init_table    const    0x080010e8    0x24  - Linker created -
  .text              ro code  0x0800110c    0x1a  cmain.o [5]
  .text              ro code  0x08001126     0x4  low_level_init.o [3]
  .text              ro code  0x0800112a     0x4  exit.o [3]
  .text              ro code  0x08001130     0xa  cexit.o [5]
  .text              ro code  0x0800113c    0x14  exit.o [6]
  .text              ro code  0x08001150    0x10  startup_stm32f407xx.o [1]
  .text              ro code  0x08001160     0xc  cstartup_M.o [5]
  .text              ro code  0x0800116c     0x4  startup_stm32f407xx.o [1]
  .text              ro code  0x08001170     0x4  startup_stm32f407xx.o [1]
  .text              ro code  0x08001174     0x4  startup_stm32f407xx.o [1]
  .text              ro code  0x08001178     0x4  startup_stm32f407xx.o [1]
  .text              ro code  0x0800117c     0x4  startup_stm32f407xx.o [1]
  .text              ro code  0x08001180     0x4  startup_stm32f407xx.o [1]
  .text              ro code  0x08001184     0x4  startup_stm32f407xx.o [1]
  .text              ro code  0x08001188     0x4  startup_stm32f407xx.o [1]
  .text              ro code  0x0800118c     0x4  startup_stm32f407xx.o [1]
  .text              ro code  0x08001190     0x4  startup_stm32f407xx.o [1]
  .text              ro code  0x08001194     0x4  startup_stm32f407xx.o [1]
  .text              ro code  0x08001198     0x4  startup_stm32f407xx.o [1]
  .text              ro code  0x0800119c     0x4  startup_stm32f407xx.o [1]
  .text              ro code  0x080011a0     0x4  startup_stm32f407xx.o [1]
  .text              ro code  0x080011a4     0x4  startup_stm32f407xx.o [1]
  .text              ro code  0x080011a8     0x4  startup_stm32f407xx.o [1]
  .text              ro code  0x080011ac     0x4  startup_stm32f407xx.o [1]
  .text              ro code  0x080011b0     0x4  startup_stm32f407xx.o [1]
  .text              ro code  0x080011b4     0x4  startup_stm32f407xx.o [1]
  .text              ro code  0x080011b8     0x4  startup_stm32f407xx.o [1]
  .text              ro code  0x080011bc     0x4  startup_stm32f407xx.o [1]
  .text              ro code  0x080011c0     0x4  startup_stm32f407xx.o [1]
  .text              ro code  0x080011c4     0x4  startup_stm32f407xx.o [1]
  .text              ro code  0x080011c8     0x4  startup_stm32f407xx.o [1]
  .text              ro code  0x080011cc     0x4  startup_stm32f407xx.o [1]
  .text              ro code  0x080011d0     0x4  startup_stm32f407xx.o [1]
  .text              ro code  0x080011d4     0x4  startup_stm32f407xx.o [1]
  .text              ro code  0x080011d8     0x4  startup_stm32f407xx.o [1]
  .text              ro code  0x080011dc     0x4  startup_stm32f407xx.o [1]
  .text              ro code  0x080011e0     0x4  startup_stm32f407xx.o [1]
  .text              ro code  0x080011e4     0x4  startup_stm32f407xx.o [1]
  .text              ro code  0x080011e8     0x4  startup_stm32f407xx.o [1]
  .text              ro code  0x080011ec     0x4  startup_stm32f407xx.o [1]
  .text              ro code  0x080011f0     0x4  startup_stm32f407xx.o [1]
  .text              ro code  0x080011f4     0x4  startup_stm32f407xx.o [1]
  .text              ro code  0x080011f8     0x4  startup_stm32f407xx.o [1]
  .text              ro code  0x080011fc     0x4  startup_stm32f407xx.o [1]
  .text              ro code  0x08001200     0x4  startup_stm32f407xx.o [1]
  .text              ro code  0x08001204     0x4  startup_stm32f407xx.o [1]
  .text              ro code  0x08001208     0x4  startup_stm32f407xx.o [1]
  .text              ro code  0x0800120c     0x4  startup_stm32f407xx.o [1]
  .text              ro code  0x08001210     0x4  startup_stm32f407xx.o [1]
  .text              ro code  0x08001214     0x4  startup_stm32f407xx.o [1]
  .text              ro code  0x08001218     0x4  startup_stm32f407xx.o [1]
  .text              ro code  0x0800121c     0x4  startup_stm32f407xx.o [1]
  .text              ro code  0x08001220     0x4  startup_stm32f407xx.o [1]
  .text              ro code  0x08001224     0x4  startup_stm32f407xx.o [1]
  .text              ro code  0x08001228     0x4  startup_stm32f407xx.o [1]
  .text              ro code  0x0800122c     0x4  startup_stm32f407xx.o [1]
  .text              ro code  0x08001230     0x4  startup_stm32f407xx.o [1]
  .text              ro code  0x08001234     0x4  startup_stm32f407xx.o [1]
  .text              ro code  0x08001238     0x4  startup_stm32f407xx.o [1]
  .text              ro code  0x0800123c     0x4  startup_stm32f407xx.o [1]
  .text              ro code  0x08001240     0x4  startup_stm32f407xx.o [1]
  .text              ro code  0x08001244     0x4  startup_stm32f407xx.o [1]
  .text              ro code  0x08001248     0x4  startup_stm32f407xx.o [1]
  .text              ro code  0x0800124c     0x4  startup_stm32f407xx.o [1]
  .text              ro code  0x08001250     0x4  startup_stm32f407xx.o [1]
  .text              ro code  0x08001254     0x4  startup_stm32f407xx.o [1]
  .text              ro code  0x08001258     0x4  startup_stm32f407xx.o [1]
  .text              ro code  0x0800125c     0x4  startup_stm32f407xx.o [1]
  .text              ro code  0x08001260     0x4  startup_stm32f407xx.o [1]
  .text              ro code  0x08001264     0x4  startup_stm32f407xx.o [1]
  .text              ro code  0x08001268     0x4  startup_stm32f407xx.o [1]
  .text              ro code  0x0800126c     0x4  startup_stm32f407xx.o [1]
  .text              ro code  0x08001270     0x4  startup_stm32f407xx.o [1]
  .text              ro code  0x08001274     0x4  startup_stm32f407xx.o [1]
  .text              ro code  0x08001278     0x4  startup_stm32f407xx.o [1]
  .text              ro code  0x0800127c     0x4  startup_stm32f407xx.o [1]
  .text              ro code  0x08001280     0x4  startup_stm32f407xx.o [1]
  .text              ro code  0x08001284     0x4  startup_stm32f407xx.o [1]
  .text              ro code  0x08001288     0x4  startup_stm32f407xx.o [1]
  .text              ro code  0x0800128c     0x4  startup_stm32f407xx.o [1]
  .text              ro code  0x08001290     0x4  startup_stm32f407xx.o [1]
  .text              ro code  0x08001294     0x4  startup_stm32f407xx.o [1]
  .text              ro code  0x08001298     0x4  startup_stm32f407xx.o [1]
  .text              ro code  0x0800129c     0x4  startup_stm32f407xx.o [1]
  .text              ro code  0x080012a0     0x4  startup_stm32f407xx.o [1]
  .text              ro code  0x080012a4     0x4  startup_stm32f407xx.o [1]
  Initializer bytes  const    0x080012a8     0x4  <for P2-1>
  .rodata            const    0x080012ac     0x0  zero_init3.o [5]
  .rodata            const    0x080012ac     0x0  copy_init3.o [5]
                            - 0x080012ac  0x1124

"P2", part 1 of 3:                           0x4
  P2-1                        0x20000000     0x4  <Init block>
    .data            inited   0x20000000     0x4  system_stm32f4xx.o [1]
                            - 0x20000004     0x4

"P2", part 2 of 3:                         0x400
  CSTACK                      0x20000008   0x400  <Block>
    CSTACK           uninit   0x20000008   0x400  <Block tail>
                            - 0x20000408   0x400

"P2", part 3 of 3:                          0x7c
  .bss               zero     0x20000408    0x3c  main.o [1]
  .bss               zero     0x20000444    0x3c  main.o [1]
  .bss               zero     0x20000480     0x4  stm32f4xx_hal.o [1]
                            - 0x20000484    0x7c


*******************************************************************************
*** INIT TABLE
***

          Address     Size
          -------     ----
Zero (__iar_zero_init3)
    1 destination range, total size 0x7c:
          0x20000408  0x7c

Copy (__iar_copy_init3)
    1 source range, total size 0x4:
          0x080012a8   0x4
    1 destination range, total size 0x4:
          0x20000000   0x4



*******************************************************************************
*** MODULE SUMMARY
***

    Module                  ro code  ro data  rw data
    ------                  -------  -------  -------
C:\Users\ASUS\Desktop\Duc Hoc ARM\Timer\Timer\EWARM\Timer\Obj: [1]
    main.o                      480               120
    startup_stm32f407xx.o       724
    stm32f4xx_hal.o             120                 4
    stm32f4xx_hal_cortex.o      222
    stm32f4xx_hal_gpio.o        480
    stm32f4xx_hal_msp.o         204
    stm32f4xx_hal_rcc.o       1 084
    stm32f4xx_hal_tim.o         930
    stm32f4xx_hal_tim_ex.o       78
    stm32f4xx_it.o               52
    system_stm32f4xx.o           96        4        4
    -------------------------------------------------
    Total:                    4 470        4      128

command line: [2]
    -------------------------------------------------
    Total:

dl7M_tlf.a: [3]
    exit.o                        4
    low_level_init.o              4
    -------------------------------------------------
    Total:                        8

m7M_tls.a: [4]
    fpinit_M.o                   34
    -------------------------------------------------
    Total:                       34

rt7M_tl.a: [5]
    cexit.o                      10
    cmain.o                      26
    copy_init3.o                 44
    cstartup_M.o                 12
    data_init.o                  40
    zero_init3.o                 64
    -------------------------------------------------
    Total:                      196

shb_l.a: [6]
    exit.o                       20
    -------------------------------------------------
    Total:                       20

    Gaps                         10        2
    Linker created                        36    1 024
-----------------------------------------------------
    Grand Total:              4 738       42    1 152


*******************************************************************************
*** ENTRY LIST
***

Entry                      Address   Size  Type      Object
-----                      -------   ----  ----      ------
.iar.init_table$$Base   0x080010e8          --   Gb  - Linker created -
.iar.init_table$$Limit  0x0800110c          --   Gb  - Linker created -
?main                   0x0800110d         Code  Gb  cmain.o [5]
AHBPrescTable           0x08000fdc   0x10  Data  Gb  system_stm32f4xx.o [1]
BusFault_Handler        0x08001033    0x2  Code  Gb  stm32f4xx_it.o [1]
CSTACK$$Base            0x20000008          --   Gb  - Linker created -
CSTACK$$Limit           0x20000408          --   Gb  - Linker created -
DebugMon_Handler        0x08001039    0x2  Code  Gb  stm32f4xx_it.o [1]
HAL_GPIO_Init           0x080008bd  0x1a4  Code  Gb  stm32f4xx_hal_gpio.o [1]
HAL_GPIO_TogglePin      0x08000a69    0x8  Code  Gb  stm32f4xx_hal_gpio.o [1]
HAL_GPIO_WritePin       0x08000a61    0x8  Code  Gb  stm32f4xx_hal_gpio.o [1]
HAL_GetTick             0x08000f81    0xc  Code  Wk  stm32f4xx_hal.o [1]
HAL_IncTick             0x08001061   0x10  Code  Wk  stm32f4xx_hal.o [1]
HAL_Init                0x08000a9d   0x30  Code  Gb  stm32f4xx_hal.o [1]
HAL_InitTick            0x08000f59   0x28  Code  Wk  stm32f4xx_hal.o [1]
HAL_MspInit             0x08000525   0x60  Code  Gb  stm32f4xx_hal_msp.o [1]
HAL_NVIC_EnableIRQ      0x0800084b    0xc  Code  Gb  stm32f4xx_hal_cortex.o [1]
HAL_NVIC_SetPriority    0x08000811   0x3a  Code  Gb  stm32f4xx_hal_cortex.o [1]
HAL_NVIC_SetPriorityGrouping
                        0x080007f7   0x1a  Code  Gb  stm32f4xx_hal_cortex.o [1]
HAL_RCC_ClockConfig     0x08000d69  0x12a  Code  Gb  stm32f4xx_hal_rcc.o [1]
HAL_RCC_GetHCLKFreq     0x08000ea1    0x6  Code  Gb  stm32f4xx_hal_rcc.o [1]
HAL_RCC_GetSysClockFreq
                        0x08000eb9   0x54  Code  Wk  stm32f4xx_hal_rcc.o [1]
HAL_RCC_OscConfig       0x08000ad1  0x298  Code  Wk  stm32f4xx_hal_rcc.o [1]
HAL_SYSTICK_CLKSourceConfig
                        0x08000887   0x14  Code  Gb  stm32f4xx_hal_cortex.o [1]
HAL_SYSTICK_Callback    0x080008b9    0x2  Code  Wk  stm32f4xx_hal_cortex.o [1]
HAL_SYSTICK_Config      0x0800085f   0x28  Code  Gb  stm32f4xx_hal_cortex.o [1]
HAL_SYSTICK_IRQHandler  0x080008b5    0x4  Code  Gb  stm32f4xx_hal_cortex.o [1]
HAL_TIMEx_BreakCallback
                        0x080007d5    0x2  Code  Wk  stm32f4xx_hal_tim_ex.o [1]
HAL_TIMEx_CommutationCallback
                        0x080007d9    0x2  Code  Wk  stm32f4xx_hal_tim_ex.o [1]
HAL_TIMEx_MasterConfigSynchronization
                        0x08000f0d   0x4a  Code  Gb  stm32f4xx_hal_tim_ex.o [1]
HAL_TIM_Base_Init       0x08000189   0x1a  Code  Gb  stm32f4xx_hal_tim.o [1]
HAL_TIM_Base_MspInit    0x08000585   0x62  Code  Gb  stm32f4xx_hal_msp.o [1]
HAL_TIM_Base_Start_IT   0x080001a3   0x16  Code  Gb  stm32f4xx_hal_tim.o [1]
HAL_TIM_ConfigClockSource
                        0x08000327   0xa8  Code  Gb  stm32f4xx_hal_tim.o [1]
HAL_TIM_IC_CaptureCallback
                        0x080005f1    0x2  Code  Wk  stm32f4xx_hal_tim.o [1]
HAL_TIM_IRQHandler      0x080001d5  0x142  Code  Gb  stm32f4xx_hal_tim.o [1]
HAL_TIM_OC_DelayElapsedCallback
                        0x080005f3    0x2  Code  Wk  stm32f4xx_hal_tim.o [1]
HAL_TIM_PWM_PulseFinishedCallback
                        0x080007db    0x2  Code  Wk  stm32f4xx_hal_tim.o [1]
HAL_TIM_PeriodElapsedCallback
                        0x080005f5   0x30  Code  Gb  main.o [1]
HAL_TIM_TriggerCallback
                        0x080007d7    0x2  Code  Wk  stm32f4xx_hal_tim.o [1]
HardFault_Handler       0x0800102f    0x2  Code  Gb  stm32f4xx_it.o [1]
MX_TIM2_Init            0x08000747   0x1c  Code  Lc  main.o [1]
MX_TIM3_Init            0x0800077d   0x22  Code  Lc  main.o [1]
MemManage_Handler       0x08001031    0x2  Code  Gb  stm32f4xx_it.o [1]
NMI_Handler             0x0800102d    0x2  Code  Gb  stm32f4xx_it.o [1]
NVIC_SetPriority        0x080007dd   0x1a  Code  Lc  stm32f4xx_hal_cortex.o [1]
PendSV_Handler          0x0800103b    0x2  Code  Gb  stm32f4xx_it.o [1]
Region$$Table$$Base     0x080010e8          --   Gb  - Linker created -
Region$$Table$$Limit    0x0800110c          --   Gb  - Linker created -
SVC_Handler             0x08001037    0x2  Code  Gb  stm32f4xx_it.o [1]
SysTick_Handler         0x0800103d    0xe  Code  Gb  stm32f4xx_it.o [1]
SystemClock_Config      0x08000699   0xae  Code  Gb  main.o [1]
SystemCoreClock         0x20000000    0x4  Data  Gb  system_stm32f4xx.o [1]
SystemInit              0x08000f8d   0x3a  Code  Gb  system_stm32f4xx.o [1]
TIM2_IRQHandler         0x0800104b    0x6  Code  Gb  stm32f4xx_it.o [1]
TIM3_IRQHandler         0x08001051    0x6  Code  Gb  stm32f4xx_it.o [1]
TIM_Base_SetConfig      0x080003f7   0x90  Code  Gb  stm32f4xx_hal_tim.o [1]
TIM_ETR_SetConfig       0x0800050f   0x14  Code  Lc  stm32f4xx_hal_tim.o [1]
TIM_ITRx_SetConfig      0x080004ff   0x10  Code  Lc  stm32f4xx_hal_tim.o [1]
TIM_TI1_ConfigInputStage
                        0x080004b9   0x22  Code  Lc  stm32f4xx_hal_tim.o [1]
TIM_TI2_ConfigInputStage
                        0x080004db   0x24  Code  Lc  stm32f4xx_hal_tim.o [1]
UsageFault_Handler      0x08001035    0x2  Code  Gb  stm32f4xx_it.o [1]
__cmain                 0x0800110d         Code  Gb  cmain.o [5]
__exit                  0x0800113d   0x14  Code  Gb  exit.o [6]
__iar_copy_init3        0x08001071   0x2c  Code  Gb  copy_init3.o [5]
__iar_data_init3        0x0800109d   0x28  Code  Gb  data_init.o [5]
__iar_init_vfp          0x080010c5         Code  Gb  fpinit_M.o [4]
__iar_program_start     0x08001161         Code  Gb  cstartup_M.o [5]
__iar_zero_init3        0x08000fed   0x40  Code  Gb  zero_init3.o [5]
__low_level_init        0x08001127    0x4  Code  Gb  low_level_init.o [3]
__vector_table          0x08000000         Data  Gb  startup_stm32f407xx.o [1]
_call_main              0x08001119         Code  Gb  cmain.o [5]
_exit                   0x08001131         Code  Gb  cexit.o [5]
_main                   0x08001123         Code  Gb  cmain.o [5]
exit                    0x0800112b    0x4  Code  Gb  exit.o [3]
htim2                   0x20000408   0x3c  Data  Gb  main.o [1]
htim3                   0x20000444   0x3c  Data  Gb  main.o [1]
main                    0x08000625   0x74  Code  Gb  main.o [1]
uwTick                  0x20000480    0x4  Data  Gb  stm32f4xx_hal.o [1]


[1] = C:\Users\ASUS\Desktop\Duc Hoc ARM\Timer\Timer\EWARM\Timer\Obj
[2] = command line
[3] = dl7M_tlf.a
[4] = m7M_tls.a
[5] = rt7M_tl.a
[6] = shb_l.a

  4 738 bytes of readonly  code memory
     42 bytes of readonly  data memory
  1 152 bytes of readwrite data memory

Errors: none
Warnings: none
