###############################################################################
#
# IAR ELF Linker V7.80.1.11864/W32 for ARM                07/Oct/2018  04:04:59
# Copyright 2007-2016 IAR Systems AB.
#
#    Output file  =  
#        C:\Users\ASUS\Desktop\Duc Hoc ARM\Dem Xung\Dem xung dauvao\EWARM\Dem
#        xung dauvao\Exe\Dem xung dauvao.out
#    Map file     =  
#        C:\Users\ASUS\Desktop\Duc Hoc ARM\Dem Xung\Dem xung dauvao\EWARM\Dem
#        xung dauvao\List\Dem xung dauvao.map
#    Command line =  
#        "C:\Users\ASUS\Desktop\Duc Hoc ARM\Dem Xung\Dem xung dauvao\EWARM\Dem
#        xung dauvao\Obj\main.o" "C:\Users\ASUS\Desktop\Duc Hoc ARM\Dem
#        Xung\Dem xung dauvao\EWARM\Dem xung dauvao\Obj\startup_stm32f407xx.o"
#        "C:\Users\ASUS\Desktop\Duc Hoc ARM\Dem Xung\Dem xung dauvao\EWARM\Dem
#        xung dauvao\Obj\stm32f4xx_hal.o" "C:\Users\ASUS\Desktop\Duc Hoc
#        ARM\Dem Xung\Dem xung dauvao\EWARM\Dem xung
#        dauvao\Obj\stm32f4xx_hal_cortex.o" "C:\Users\ASUS\Desktop\Duc Hoc
#        ARM\Dem Xung\Dem xung dauvao\EWARM\Dem xung
#        dauvao\Obj\stm32f4xx_hal_dma.o" "C:\Users\ASUS\Desktop\Duc Hoc ARM\Dem
#        Xung\Dem xung dauvao\EWARM\Dem xung dauvao\Obj\stm32f4xx_hal_dma_ex.o"
#        "C:\Users\ASUS\Desktop\Duc Hoc ARM\Dem Xung\Dem xung dauvao\EWARM\Dem
#        xung dauvao\Obj\stm32f4xx_hal_flash.o" "C:\Users\ASUS\Desktop\Duc Hoc
#        ARM\Dem Xung\Dem xung dauvao\EWARM\Dem xung
#        dauvao\Obj\stm32f4xx_hal_flash_ex.o" "C:\Users\ASUS\Desktop\Duc Hoc
#        ARM\Dem Xung\Dem xung dauvao\EWARM\Dem xung
#        dauvao\Obj\stm32f4xx_hal_flash_ramfunc.o" "C:\Users\ASUS\Desktop\Duc
#        Hoc ARM\Dem Xung\Dem xung dauvao\EWARM\Dem xung
#        dauvao\Obj\stm32f4xx_hal_gpio.o" "C:\Users\ASUS\Desktop\Duc Hoc
#        ARM\Dem Xung\Dem xung dauvao\EWARM\Dem xung
#        dauvao\Obj\stm32f4xx_hal_msp.o" "C:\Users\ASUS\Desktop\Duc Hoc ARM\Dem
#        Xung\Dem xung dauvao\EWARM\Dem xung dauvao\Obj\stm32f4xx_hal_pwr.o"
#        "C:\Users\ASUS\Desktop\Duc Hoc ARM\Dem Xung\Dem xung dauvao\EWARM\Dem
#        xung dauvao\Obj\stm32f4xx_hal_pwr_ex.o" "C:\Users\ASUS\Desktop\Duc Hoc
#        ARM\Dem Xung\Dem xung dauvao\EWARM\Dem xung
#        dauvao\Obj\stm32f4xx_hal_rcc.o" "C:\Users\ASUS\Desktop\Duc Hoc ARM\Dem
#        Xung\Dem xung dauvao\EWARM\Dem xung dauvao\Obj\stm32f4xx_hal_rcc_ex.o"
#        "C:\Users\ASUS\Desktop\Duc Hoc ARM\Dem Xung\Dem xung dauvao\EWARM\Dem
#        xung dauvao\Obj\stm32f4xx_hal_tim.o" "C:\Users\ASUS\Desktop\Duc Hoc
#        ARM\Dem Xung\Dem xung dauvao\EWARM\Dem xung
#        dauvao\Obj\stm32f4xx_hal_tim_ex.o" "C:\Users\ASUS\Desktop\Duc Hoc
#        ARM\Dem Xung\Dem xung dauvao\EWARM\Dem xung dauvao\Obj\stm32f4xx_it.o"
#        "C:\Users\ASUS\Desktop\Duc Hoc ARM\Dem Xung\Dem xung dauvao\EWARM\Dem
#        xung dauvao\Obj\system_stm32f4xx.o" --redirect _Printf=_PrintfFull
#        --redirect _Scanf=_ScanfFull -o "C:\Users\ASUS\Desktop\Duc Hoc ARM\Dem
#        Xung\Dem xung dauvao\EWARM\Dem xung dauvao\Exe\Dem xung dauvao.out"
#        --map "C:\Users\ASUS\Desktop\Duc Hoc ARM\Dem Xung\Dem xung
#        dauvao\EWARM\Dem xung dauvao\List\Dem xung dauvao.map" --config
#        "C:\Users\ASUS\Desktop\Duc Hoc ARM\Dem Xung\Dem xung
#        dauvao\EWARM/stm32f407xx_flash.icf" --semihosting --entry
#        __iar_program_start --vfe
#
###############################################################################

*******************************************************************************
*** RUNTIME MODEL ATTRIBUTES
***

CppFlavor       = *
__SystemLibrary = DLib


*******************************************************************************
*** PLACEMENT SUMMARY
***

"A0":  place at 0x08000000 { ro section .intvec };
"P1":  place in [from 0x08000000 to 0x080fffff] { ro };
"P2":  place in [from 0x20000000 to 0x2001ffff] { rw, block CSTACK, block HEAP };
initialize by copy { rw };

  Section            Kind        Address    Size  Object
  -------            ----        -------    ----  ------
"A0":                                      0x188
  .intvec            ro code  0x08000000   0x188  startup_stm32f407xx.o [1]
                            - 0x08000188   0x188

"P1":                                     0x103a
  .text              ro code  0x08000188   0x350  stm32f4xx_hal_tim.o [1]
  .text              ro code  0x080004d8    0xc0  stm32f4xx_hal_msp.o [1]
  .text              ro code  0x08000598     0x2  stm32f4xx_hal_tim.o [1]
  .text              ro code  0x0800059a     0x2  stm32f4xx_hal_tim.o [1]
  .text              ro code  0x0800059c   0x19c  main.o [1]
  .text              ro code  0x08000738     0x2  stm32f4xx_hal_tim_ex.o [1]
  .text              ro code  0x0800073a     0x2  stm32f4xx_hal_tim.o [1]
  .text              ro code  0x0800073c     0x2  stm32f4xx_hal_tim_ex.o [1]
  .text              ro code  0x0800073e     0x2  stm32f4xx_hal_tim.o [1]
  .text              ro code  0x08000740    0xde  stm32f4xx_hal_cortex.o [1]
  .text              ro code  0x08000820   0x1e0  stm32f4xx_hal_gpio.o [1]
  .text              ro code  0x08000a00    0x34  stm32f4xx_hal.o [1]
  .text              ro code  0x08000a34   0x298  stm32f4xx_hal_rcc.o [1]
  .text              ro code  0x08000ccc   0x1a4  stm32f4xx_hal_rcc.o [1]
  .text              ro code  0x08000e70    0x4a  stm32f4xx_hal_tim_ex.o [1]
  .text              ro code  0x08000ebc    0x28  stm32f4xx_hal.o [1]
  .text              ro code  0x08000ee4     0xc  stm32f4xx_hal.o [1]
  .text              ro code  0x08000ef0    0x60  system_stm32f4xx.o [1]
  .text              ro code  0x08000f50    0x38  packbits_init_single.o [5]
  .text              ro code  0x08000f88    0x28  stm32f4xx_it.o [1]
  .text              ro code  0x08000fb0    0x10  stm32f4xx_hal.o [1]
  .text              ro code  0x08000fc0    0x28  data_init.o [5]
  .text              ro code  0x08000fe8    0x22  fpinit_M.o [4]
  .iar.init_table    const    0x0800100c    0x10  - Linker created -
  .text              ro code  0x0800101c    0x1a  cmain.o [5]
  .text              ro code  0x08001036     0x4  low_level_init.o [3]
  .text              ro code  0x0800103a     0x4  exit.o [3]
  .text              ro code  0x08001040     0xa  cexit.o [5]
  .text              ro code  0x0800104c    0x14  exit.o [6]
  .text              ro code  0x08001060    0x10  startup_stm32f407xx.o [1]
  .text              ro code  0x08001070     0xc  cstartup_M.o [5]
  .text              ro code  0x0800107c     0x4  startup_stm32f407xx.o [1]
  .text              ro code  0x08001080     0x4  startup_stm32f407xx.o [1]
  .text              ro code  0x08001084     0x4  startup_stm32f407xx.o [1]
  .text              ro code  0x08001088     0x4  startup_stm32f407xx.o [1]
  .text              ro code  0x0800108c     0x4  startup_stm32f407xx.o [1]
  .text              ro code  0x08001090     0x4  startup_stm32f407xx.o [1]
  .text              ro code  0x08001094     0x4  startup_stm32f407xx.o [1]
  .text              ro code  0x08001098     0x4  startup_stm32f407xx.o [1]
  .text              ro code  0x0800109c     0x4  startup_stm32f407xx.o [1]
  .text              ro code  0x080010a0     0x4  startup_stm32f407xx.o [1]
  .text              ro code  0x080010a4     0x4  startup_stm32f407xx.o [1]
  .text              ro code  0x080010a8     0x4  startup_stm32f407xx.o [1]
  .text              ro code  0x080010ac     0x4  startup_stm32f407xx.o [1]
  .text              ro code  0x080010b0     0x4  startup_stm32f407xx.o [1]
  .text              ro code  0x080010b4     0x4  startup_stm32f407xx.o [1]
  .text              ro code  0x080010b8     0x4  startup_stm32f407xx.o [1]
  .text              ro code  0x080010bc     0x4  startup_stm32f407xx.o [1]
  .text              ro code  0x080010c0     0x4  startup_stm32f407xx.o [1]
  .text              ro code  0x080010c4     0x4  startup_stm32f407xx.o [1]
  .text              ro code  0x080010c8     0x4  startup_stm32f407xx.o [1]
  .text              ro code  0x080010cc     0x4  startup_stm32f407xx.o [1]
  .text              ro code  0x080010d0     0x4  startup_stm32f407xx.o [1]
  .text              ro code  0x080010d4     0x4  startup_stm32f407xx.o [1]
  .text              ro code  0x080010d8     0x4  startup_stm32f407xx.o [1]
  .text              ro code  0x080010dc     0x4  startup_stm32f407xx.o [1]
  .text              ro code  0x080010e0     0x4  startup_stm32f407xx.o [1]
  .text              ro code  0x080010e4     0x4  startup_stm32f407xx.o [1]
  .text              ro code  0x080010e8     0x4  startup_stm32f407xx.o [1]
  .text              ro code  0x080010ec     0x4  startup_stm32f407xx.o [1]
  .text              ro code  0x080010f0     0x4  startup_stm32f407xx.o [1]
  .text              ro code  0x080010f4     0x4  startup_stm32f407xx.o [1]
  .text              ro code  0x080010f8     0x4  startup_stm32f407xx.o [1]
  .text              ro code  0x080010fc     0x4  startup_stm32f407xx.o [1]
  .text              ro code  0x08001100     0x4  startup_stm32f407xx.o [1]
  .text              ro code  0x08001104     0x4  startup_stm32f407xx.o [1]
  .text              ro code  0x08001108     0x4  startup_stm32f407xx.o [1]
  .text              ro code  0x0800110c     0x4  startup_stm32f407xx.o [1]
  .text              ro code  0x08001110     0x4  startup_stm32f407xx.o [1]
  .text              ro code  0x08001114     0x4  startup_stm32f407xx.o [1]
  .text              ro code  0x08001118     0x4  startup_stm32f407xx.o [1]
  .text              ro code  0x0800111c     0x4  startup_stm32f407xx.o [1]
  .text              ro code  0x08001120     0x4  startup_stm32f407xx.o [1]
  .text              ro code  0x08001124     0x4  startup_stm32f407xx.o [1]
  .text              ro code  0x08001128     0x4  startup_stm32f407xx.o [1]
  .text              ro code  0x0800112c     0x4  startup_stm32f407xx.o [1]
  .text              ro code  0x08001130     0x4  startup_stm32f407xx.o [1]
  .text              ro code  0x08001134     0x4  startup_stm32f407xx.o [1]
  .text              ro code  0x08001138     0x4  startup_stm32f407xx.o [1]
  .text              ro code  0x0800113c     0x4  startup_stm32f407xx.o [1]
  .text              ro code  0x08001140     0x4  startup_stm32f407xx.o [1]
  .text              ro code  0x08001144     0x4  startup_stm32f407xx.o [1]
  .text              ro code  0x08001148     0x4  startup_stm32f407xx.o [1]
  .text              ro code  0x0800114c     0x4  startup_stm32f407xx.o [1]
  .text              ro code  0x08001150     0x4  startup_stm32f407xx.o [1]
  .text              ro code  0x08001154     0x4  startup_stm32f407xx.o [1]
  .text              ro code  0x08001158     0x4  startup_stm32f407xx.o [1]
  .text              ro code  0x0800115c     0x4  startup_stm32f407xx.o [1]
  .text              ro code  0x08001160     0x4  startup_stm32f407xx.o [1]
  .text              ro code  0x08001164     0x4  startup_stm32f407xx.o [1]
  .text              ro code  0x08001168     0x4  startup_stm32f407xx.o [1]
  .text              ro code  0x0800116c     0x4  startup_stm32f407xx.o [1]
  .text              ro code  0x08001170     0x4  startup_stm32f407xx.o [1]
  .text              ro code  0x08001174     0x4  startup_stm32f407xx.o [1]
  .text              ro code  0x08001178     0x4  startup_stm32f407xx.o [1]
  .text              ro code  0x0800117c     0x4  startup_stm32f407xx.o [1]
  .text              ro code  0x08001180     0x4  startup_stm32f407xx.o [1]
  .text              ro code  0x08001184     0x4  startup_stm32f407xx.o [1]
  .text              ro code  0x08001188     0x4  startup_stm32f407xx.o [1]
  .text              ro code  0x0800118c     0x4  startup_stm32f407xx.o [1]
  .text              ro code  0x08001190     0x4  startup_stm32f407xx.o [1]
  .text              ro code  0x08001194     0x4  startup_stm32f407xx.o [1]
  .text              ro code  0x08001198     0x4  startup_stm32f407xx.o [1]
  .text              ro code  0x0800119c     0x4  startup_stm32f407xx.o [1]
  .text              ro code  0x080011a0     0x4  startup_stm32f407xx.o [1]
  .text              ro code  0x080011a4     0x4  startup_stm32f407xx.o [1]
  .text              ro code  0x080011a8     0x4  startup_stm32f407xx.o [1]
  .text              ro code  0x080011ac     0x4  startup_stm32f407xx.o [1]
  .text              ro code  0x080011b0     0x4  startup_stm32f407xx.o [1]
  .text              ro code  0x080011b4     0x4  startup_stm32f407xx.o [1]
  .text              ro code  0x080011b8     0x4  startup_stm32f407xx.o [1]
  .rodata            const    0x080011bc     0x0  packbits_init_single.o [5]
  Initializer bytes  const    0x080011bc     0x6  <for P2-1>
                            - 0x080011c2  0x103a

"P2", part 1 of 2:                          0x44
  P2-1                        0x20000000    0x44  <Init block>
    .data            inited   0x20000000     0x4  system_stm32f4xx.o [1]
    .bss             inited   0x20000004    0x3c  main.o [1]
    .bss             inited   0x20000040     0x4  stm32f4xx_hal.o [1]
                            - 0x20000044    0x44

"P2", part 2 of 2:                         0x400
  CSTACK                      0x20000048   0x400  <Block>
    CSTACK           uninit   0x20000048   0x400  <Block tail>
                            - 0x20000448   0x400


*******************************************************************************
*** INIT TABLE
***

          Address     Size
          -------     ----
Copy/packbits (__iar_packbits_init_single3)
    1 source range, total size 0x6 (8% of destination):
          0x080011bc   0x6
    1 destination range, total size 0x44:
          0x20000000  0x44



*******************************************************************************
*** MODULE SUMMARY
***

    Module                  ro code  ro data  rw data
    ------                  -------  -------  -------
C:\Users\ASUS\Desktop\Duc Hoc ARM\Dem Xung\Dem xung dauvao\EWARM\Dem xung dauvao\Obj: [1]
    main.o                      412        5       60
    startup_stm32f407xx.o       728
    stm32f4xx_hal.o             120        1        4
    stm32f4xx_hal_cortex.o      222
    stm32f4xx_hal_gpio.o        480
    stm32f4xx_hal_msp.o         192
    stm32f4xx_hal_rcc.o       1 084
    stm32f4xx_hal_tim.o         856
    stm32f4xx_hal_tim_ex.o       78
    stm32f4xx_it.o               40
    system_stm32f4xx.o           96                 4
    -------------------------------------------------
    Total:                    4 308        6       68

command line: [2]
    -------------------------------------------------
    Total:

dl7M_tlf.a: [3]
    exit.o                        4
    low_level_init.o              4
    -------------------------------------------------
    Total:                        8

m7M_tls.a: [4]
    fpinit_M.o                   34
    -------------------------------------------------
    Total:                       34

rt7M_tl.a: [5]
    cexit.o                      10
    cmain.o                      26
    cstartup_M.o                 12
    data_init.o                  40
    packbits_init_single.o       56
    -------------------------------------------------
    Total:                      144

shb_l.a: [6]
    exit.o                       20
    -------------------------------------------------
    Total:                       20

    Gaps                          8        2
    Linker created                        16    1 024
-----------------------------------------------------
    Grand Total:              4 522       24    1 092


*******************************************************************************
*** ENTRY LIST
***

Entry                      Address   Size  Type      Object
-----                      -------   ----  ----      ------
.iar.init_table$$Base   0x0800100c          --   Gb  - Linker created -
.iar.init_table$$Limit  0x0800101c          --   Gb  - Linker created -
?main                   0x0800101d         Code  Gb  cmain.o [5]
AHBPrescTable           0x08000f40   0x10  Data  Gb  system_stm32f4xx.o [1]
BusFault_Handler        0x08000f8f    0x2  Code  Gb  stm32f4xx_it.o [1]
CSTACK$$Base            0x20000048          --   Gb  - Linker created -
CSTACK$$Limit           0x20000448          --   Gb  - Linker created -
DebugMon_Handler        0x08000f95    0x2  Code  Gb  stm32f4xx_it.o [1]
HAL_GPIO_Init           0x08000821  0x1a4  Code  Gb  stm32f4xx_hal_gpio.o [1]
HAL_GPIO_TogglePin      0x080009cd    0x8  Code  Gb  stm32f4xx_hal_gpio.o [1]
HAL_GPIO_WritePin       0x080009c5    0x8  Code  Gb  stm32f4xx_hal_gpio.o [1]
HAL_GetTick             0x08000ee5    0xc  Code  Wk  stm32f4xx_hal.o [1]
HAL_IncTick             0x08000fb1   0x10  Code  Wk  stm32f4xx_hal.o [1]
HAL_Init                0x08000a01   0x30  Code  Gb  stm32f4xx_hal.o [1]
HAL_InitTick            0x08000ebd   0x28  Code  Wk  stm32f4xx_hal.o [1]
HAL_MspInit             0x080004d9   0x60  Code  Gb  stm32f4xx_hal_msp.o [1]
HAL_NVIC_EnableIRQ      0x080007af    0xc  Code  Gb  stm32f4xx_hal_cortex.o [1]
HAL_NVIC_SetPriority    0x08000775   0x3a  Code  Gb  stm32f4xx_hal_cortex.o [1]
HAL_NVIC_SetPriorityGrouping
                        0x0800075b   0x1a  Code  Gb  stm32f4xx_hal_cortex.o [1]
HAL_RCC_ClockConfig     0x08000ccd  0x12a  Code  Gb  stm32f4xx_hal_rcc.o [1]
HAL_RCC_GetHCLKFreq     0x08000e05    0x6  Code  Gb  stm32f4xx_hal_rcc.o [1]
HAL_RCC_GetSysClockFreq
                        0x08000e1d   0x54  Code  Wk  stm32f4xx_hal_rcc.o [1]
HAL_RCC_OscConfig       0x08000a35  0x298  Code  Wk  stm32f4xx_hal_rcc.o [1]
HAL_SYSTICK_CLKSourceConfig
                        0x080007eb   0x14  Code  Gb  stm32f4xx_hal_cortex.o [1]
HAL_SYSTICK_Callback    0x0800081d    0x2  Code  Wk  stm32f4xx_hal_cortex.o [1]
HAL_SYSTICK_Config      0x080007c3   0x28  Code  Gb  stm32f4xx_hal_cortex.o [1]
HAL_SYSTICK_IRQHandler  0x08000819    0x4  Code  Gb  stm32f4xx_hal_cortex.o [1]
HAL_TIMEx_BreakCallback
                        0x08000739    0x2  Code  Wk  stm32f4xx_hal_tim_ex.o [1]
HAL_TIMEx_CommutationCallback
                        0x0800073d    0x2  Code  Wk  stm32f4xx_hal_tim_ex.o [1]
HAL_TIMEx_MasterConfigSynchronization
                        0x08000e71   0x4a  Code  Gb  stm32f4xx_hal_tim_ex.o [1]
HAL_TIM_Base_Init       0x08000189   0x1a  Code  Gb  stm32f4xx_hal_tim.o [1]
HAL_TIM_Base_MspInit    0x08000539   0x56  Code  Gb  stm32f4xx_hal_msp.o [1]
HAL_TIM_Base_Start_IT   0x080001a3   0x16  Code  Gb  stm32f4xx_hal_tim.o [1]
HAL_TIM_IC_CaptureCallback
                        0x08000599    0x2  Code  Wk  stm32f4xx_hal_tim.o [1]
HAL_TIM_IRQHandler      0x080001d5  0x142  Code  Gb  stm32f4xx_hal_tim.o [1]
HAL_TIM_OC_DelayElapsedCallback
                        0x0800059b    0x2  Code  Wk  stm32f4xx_hal_tim.o [1]
HAL_TIM_PWM_PulseFinishedCallback
                        0x0800073f    0x2  Code  Wk  stm32f4xx_hal_tim.o [1]
HAL_TIM_PeriodElapsedCallback
                        0x0800059d   0x14  Code  Gb  main.o [1]
HAL_TIM_SlaveConfigSynchronization
                        0x0800031d   0x1a  Code  Gb  stm32f4xx_hal_tim.o [1]
HAL_TIM_TriggerCallback
                        0x0800073b    0x2  Code  Wk  stm32f4xx_hal_tim.o [1]
HardFault_Handler       0x08000f8b    0x2  Code  Gb  stm32f4xx_it.o [1]
MX_TIM2_Init            0x080006cf   0x54  Code  Lc  main.o [1]
MemManage_Handler       0x08000f8d    0x2  Code  Gb  stm32f4xx_it.o [1]
NMI_Handler             0x08000f89    0x2  Code  Gb  stm32f4xx_it.o [1]
NVIC_SetPriority        0x08000741   0x1a  Code  Lc  stm32f4xx_hal_cortex.o [1]
PendSV_Handler          0x08000f97    0x2  Code  Gb  stm32f4xx_it.o [1]
Region$$Table$$Base     0x0800100c          --   Gb  - Linker created -
Region$$Table$$Limit    0x0800101c          --   Gb  - Linker created -
SVC_Handler             0x08000f93    0x2  Code  Gb  stm32f4xx_it.o [1]
SysTick_Handler         0x08000f99    0xe  Code  Gb  stm32f4xx_it.o [1]
SystemClock_Config      0x08000621   0xae  Code  Gb  main.o [1]
SystemCoreClock         0x20000000    0x4  Data  Gb  system_stm32f4xx.o [1]
SystemInit              0x08000ef1   0x3a  Code  Gb  system_stm32f4xx.o [1]
TIM2_IRQHandler         0x08000fa7    0x6  Code  Gb  stm32f4xx_it.o [1]
TIM_Base_SetConfig      0x08000365   0x90  Code  Gb  stm32f4xx_hal_tim.o [1]
TIM_ETR_SetConfig       0x080004c5   0x14  Code  Lc  stm32f4xx_hal_tim.o [1]
TIM_SlaveTimer_SetConfig
                        0x08000425   0x5a  Code  Lc  stm32f4xx_hal_tim.o [1]
TIM_TI1_ConfigInputStage
                        0x0800047f   0x22  Code  Lc  stm32f4xx_hal_tim.o [1]
TIM_TI2_ConfigInputStage
                        0x080004a1   0x24  Code  Lc  stm32f4xx_hal_tim.o [1]
UsageFault_Handler      0x08000f91    0x2  Code  Gb  stm32f4xx_it.o [1]
__cmain                 0x0800101d         Code  Gb  cmain.o [5]
__exit                  0x0800104d   0x14  Code  Gb  exit.o [6]
__iar_data_init3        0x08000fc1   0x28  Code  Gb  data_init.o [5]
__iar_init_vfp          0x08000fe9         Code  Gb  fpinit_M.o [4]
__iar_packbits_init_single3
                        0x08000f51   0x38  Code  Gb  packbits_init_single.o [5]
__iar_program_start     0x08001071         Code  Gb  cstartup_M.o [5]
__low_level_init        0x08001037    0x4  Code  Gb  low_level_init.o [3]
__vector_table          0x08000000         Data  Gb  startup_stm32f407xx.o [1]
_call_main              0x08001029         Code  Gb  cmain.o [5]
_exit                   0x08001041         Code  Gb  cexit.o [5]
_main                   0x08001033         Code  Gb  cmain.o [5]
exit                    0x0800103b    0x4  Code  Gb  exit.o [3]
htim2                   0x20000004   0x3c  Data  Gb  main.o [1]
main                    0x080005b1   0x70  Code  Gb  main.o [1]
uwTick                  0x20000040    0x4  Data  Gb  stm32f4xx_hal.o [1]


[1] = C:\Users\ASUS\Desktop\Duc Hoc ARM\Dem Xung\Dem xung dauvao\EWARM\Dem xung dauvao\Obj
[2] = command line
[3] = dl7M_tlf.a
[4] = m7M_tls.a
[5] = rt7M_tl.a
[6] = shb_l.a

  4 522 bytes of readonly  code memory
     24 bytes of readonly  data memory
  1 092 bytes of readwrite data memory

Errors: none
Warnings: none
