###############################################################################
#
# IAR ELF Linker V7.80.1.11864/W32 for ARM                14/Oct/2018  15:00:23
# Copyright 2007-2016 IAR Systems AB.
#
#    Output file  =  
#        C:\Users\ASUS\Desktop\Duc Hoc ARM\DC\dc\EWARM\dc\Exe\dc.out
#    Map file     =  
#        C:\Users\ASUS\Desktop\Duc Hoc ARM\DC\dc\EWARM\dc\List\dc.map
#    Command line =  
#        "C:\Users\ASUS\Desktop\Duc Hoc ARM\DC\dc\EWARM\dc\Obj\main.o"
#        "C:\Users\ASUS\Desktop\Duc Hoc
#        ARM\DC\dc\EWARM\dc\Obj\startup_stm32f407xx.o"
#        "C:\Users\ASUS\Desktop\Duc Hoc ARM\DC\dc\EWARM\dc\Obj\stm32f4xx_hal.o"
#        "C:\Users\ASUS\Desktop\Duc Hoc
#        ARM\DC\dc\EWARM\dc\Obj\stm32f4xx_hal_cortex.o"
#        "C:\Users\ASUS\Desktop\Duc Hoc
#        ARM\DC\dc\EWARM\dc\Obj\stm32f4xx_hal_dma.o" "C:\Users\ASUS\Desktop\Duc
#        Hoc ARM\DC\dc\EWARM\dc\Obj\stm32f4xx_hal_dma_ex.o"
#        "C:\Users\ASUS\Desktop\Duc Hoc
#        ARM\DC\dc\EWARM\dc\Obj\stm32f4xx_hal_flash.o"
#        "C:\Users\ASUS\Desktop\Duc Hoc
#        ARM\DC\dc\EWARM\dc\Obj\stm32f4xx_hal_flash_ex.o"
#        "C:\Users\ASUS\Desktop\Duc Hoc
#        ARM\DC\dc\EWARM\dc\Obj\stm32f4xx_hal_flash_ramfunc.o"
#        "C:\Users\ASUS\Desktop\Duc Hoc
#        ARM\DC\dc\EWARM\dc\Obj\stm32f4xx_hal_gpio.o"
#        "C:\Users\ASUS\Desktop\Duc Hoc
#        ARM\DC\dc\EWARM\dc\Obj\stm32f4xx_hal_msp.o" "C:\Users\ASUS\Desktop\Duc
#        Hoc ARM\DC\dc\EWARM\dc\Obj\stm32f4xx_hal_pwr.o"
#        "C:\Users\ASUS\Desktop\Duc Hoc
#        ARM\DC\dc\EWARM\dc\Obj\stm32f4xx_hal_pwr_ex.o"
#        "C:\Users\ASUS\Desktop\Duc Hoc
#        ARM\DC\dc\EWARM\dc\Obj\stm32f4xx_hal_rcc.o" "C:\Users\ASUS\Desktop\Duc
#        Hoc ARM\DC\dc\EWARM\dc\Obj\stm32f4xx_hal_rcc_ex.o"
#        "C:\Users\ASUS\Desktop\Duc Hoc
#        ARM\DC\dc\EWARM\dc\Obj\stm32f4xx_hal_tim.o" "C:\Users\ASUS\Desktop\Duc
#        Hoc ARM\DC\dc\EWARM\dc\Obj\stm32f4xx_hal_tim_ex.o"
#        "C:\Users\ASUS\Desktop\Duc Hoc ARM\DC\dc\EWARM\dc\Obj\stm32f4xx_it.o"
#        "C:\Users\ASUS\Desktop\Duc Hoc
#        ARM\DC\dc\EWARM\dc\Obj\system_stm32f4xx.o" --redirect
#        _Printf=_PrintfFull --redirect _Scanf=_ScanfFull -o
#        "C:\Users\ASUS\Desktop\Duc Hoc ARM\DC\dc\EWARM\dc\Exe\dc.out" --map
#        "C:\Users\ASUS\Desktop\Duc Hoc ARM\DC\dc\EWARM\dc\List\dc.map"
#        --config "C:\Users\ASUS\Desktop\Duc Hoc
#        ARM\DC\dc\EWARM/stm32f407xx_flash.icf" --semihosting --entry
#        __iar_program_start --vfe
#
###############################################################################

*******************************************************************************
*** RUNTIME MODEL ATTRIBUTES
***

CppFlavor       = *
__SystemLibrary = DLib


*******************************************************************************
*** PLACEMENT SUMMARY
***

"A0":  place at 0x08000000 { ro section .intvec };
"P1":  place in [from 0x08000000 to 0x080fffff] { ro };
"P2":  place in [from 0x20000000 to 0x2001ffff] { rw, block CSTACK, block HEAP };
initialize by copy { rw };

  Section            Kind        Address    Size  Object
  -------            ----        -------    ----  ------
"A0":                                      0x188
  .intvec            ro code  0x08000000   0x188  startup_stm32f407xx.o [1]
                            - 0x08000188   0x188

"P1":                                     0x148b
  .text              ro code  0x08000188   0x626  stm32f4xx_hal_tim.o [1]
  .text              ro code  0x080007b0    0xf8  stm32f4xx_hal_msp.o [1]
  .text              ro code  0x080008a8     0x2  stm32f4xx_hal_tim.o [1]
  .text              ro code  0x080008aa     0x2  stm32f4xx_hal_tim.o [1]
  .text              ro code  0x080008ac     0x2  stm32f4xx_hal_tim.o [1]
  .text              ro code  0x080008b0   0x280  main.o [1]
  .text              ro code  0x08000b30     0x2  stm32f4xx_hal_tim_ex.o [1]
  .text              ro code  0x08000b32     0x2  stm32f4xx_hal_tim.o [1]
  .text              ro code  0x08000b34     0x2  stm32f4xx_hal_tim_ex.o [1]
  .text              ro code  0x08000b36     0x2  stm32f4xx_hal_tim.o [1]
  .text              ro code  0x08000b38    0xde  stm32f4xx_hal_cortex.o [1]
  .text              ro code  0x08000c18   0x1d8  stm32f4xx_hal_gpio.o [1]
  .text              ro code  0x08000df0    0x34  stm32f4xx_hal.o [1]
  .text              ro code  0x08000e24    0xa8  stm32f4xx_hal_tim_ex.o [1]
  .text              ro code  0x08000ecc   0x298  stm32f4xx_hal_rcc.o [1]
  .text              ro code  0x08001164   0x1a4  stm32f4xx_hal_rcc.o [1]
  .text              ro code  0x08001308    0x28  stm32f4xx_hal.o [1]
  .text              ro code  0x08001330     0xc  stm32f4xx_hal.o [1]
  .text              ro code  0x0800133c    0x60  system_stm32f4xx.o [1]
  .text              ro code  0x0800139c    0x38  packbits_init_single.o [5]
  .text              ro code  0x080013d4    0x28  stm32f4xx_it.o [1]
  .text              ro code  0x080013fc    0x10  stm32f4xx_hal.o [1]
  .text              ro code  0x0800140c    0x28  data_init.o [5]
  .text              ro code  0x08001434    0x22  fpinit_M.o [4]
  .iar.init_table    const    0x08001458    0x10  - Linker created -
  .text              ro code  0x08001468    0x1a  cmain.o [5]
  .text              ro code  0x08001482     0x4  low_level_init.o [3]
  .text              ro code  0x08001486     0x4  exit.o [3]
  .text              ro code  0x0800148c     0xa  cexit.o [5]
  .text              ro code  0x08001498    0x14  exit.o [6]
  .text              ro code  0x080014ac    0x10  startup_stm32f407xx.o [1]
  .text              ro code  0x080014bc     0xc  cstartup_M.o [5]
  .text              ro code  0x080014c8     0x4  startup_stm32f407xx.o [1]
  .text              ro code  0x080014cc     0x4  startup_stm32f407xx.o [1]
  .text              ro code  0x080014d0     0x4  startup_stm32f407xx.o [1]
  .text              ro code  0x080014d4     0x4  startup_stm32f407xx.o [1]
  .text              ro code  0x080014d8     0x4  startup_stm32f407xx.o [1]
  .text              ro code  0x080014dc     0x4  startup_stm32f407xx.o [1]
  .text              ro code  0x080014e0     0x4  startup_stm32f407xx.o [1]
  .text              ro code  0x080014e4     0x4  startup_stm32f407xx.o [1]
  .text              ro code  0x080014e8     0x4  startup_stm32f407xx.o [1]
  .text              ro code  0x080014ec     0x4  startup_stm32f407xx.o [1]
  .text              ro code  0x080014f0     0x4  startup_stm32f407xx.o [1]
  .text              ro code  0x080014f4     0x4  startup_stm32f407xx.o [1]
  .text              ro code  0x080014f8     0x4  startup_stm32f407xx.o [1]
  .text              ro code  0x080014fc     0x4  startup_stm32f407xx.o [1]
  .text              ro code  0x08001500     0x4  startup_stm32f407xx.o [1]
  .text              ro code  0x08001504     0x4  startup_stm32f407xx.o [1]
  .text              ro code  0x08001508     0x4  startup_stm32f407xx.o [1]
  .text              ro code  0x0800150c     0x4  startup_stm32f407xx.o [1]
  .text              ro code  0x08001510     0x4  startup_stm32f407xx.o [1]
  .text              ro code  0x08001514     0x4  startup_stm32f407xx.o [1]
  .text              ro code  0x08001518     0x4  startup_stm32f407xx.o [1]
  .text              ro code  0x0800151c     0x4  startup_stm32f407xx.o [1]
  .text              ro code  0x08001520     0x4  startup_stm32f407xx.o [1]
  .text              ro code  0x08001524     0x4  startup_stm32f407xx.o [1]
  .text              ro code  0x08001528     0x4  startup_stm32f407xx.o [1]
  .text              ro code  0x0800152c     0x4  startup_stm32f407xx.o [1]
  .text              ro code  0x08001530     0x4  startup_stm32f407xx.o [1]
  .text              ro code  0x08001534     0x4  startup_stm32f407xx.o [1]
  .text              ro code  0x08001538     0x4  startup_stm32f407xx.o [1]
  .text              ro code  0x0800153c     0x4  startup_stm32f407xx.o [1]
  .text              ro code  0x08001540     0x4  startup_stm32f407xx.o [1]
  .text              ro code  0x08001544     0x4  startup_stm32f407xx.o [1]
  .text              ro code  0x08001548     0x4  startup_stm32f407xx.o [1]
  .text              ro code  0x0800154c     0x4  startup_stm32f407xx.o [1]
  .text              ro code  0x08001550     0x4  startup_stm32f407xx.o [1]
  .text              ro code  0x08001554     0x4  startup_stm32f407xx.o [1]
  .text              ro code  0x08001558     0x4  startup_stm32f407xx.o [1]
  .text              ro code  0x0800155c     0x4  startup_stm32f407xx.o [1]
  .text              ro code  0x08001560     0x4  startup_stm32f407xx.o [1]
  .text              ro code  0x08001564     0x4  startup_stm32f407xx.o [1]
  .text              ro code  0x08001568     0x4  startup_stm32f407xx.o [1]
  .text              ro code  0x0800156c     0x4  startup_stm32f407xx.o [1]
  .text              ro code  0x08001570     0x4  startup_stm32f407xx.o [1]
  .text              ro code  0x08001574     0x4  startup_stm32f407xx.o [1]
  .text              ro code  0x08001578     0x4  startup_stm32f407xx.o [1]
  .text              ro code  0x0800157c     0x4  startup_stm32f407xx.o [1]
  .text              ro code  0x08001580     0x4  startup_stm32f407xx.o [1]
  .text              ro code  0x08001584     0x4  startup_stm32f407xx.o [1]
  .text              ro code  0x08001588     0x4  startup_stm32f407xx.o [1]
  .text              ro code  0x0800158c     0x4  startup_stm32f407xx.o [1]
  .text              ro code  0x08001590     0x4  startup_stm32f407xx.o [1]
  .text              ro code  0x08001594     0x4  startup_stm32f407xx.o [1]
  .text              ro code  0x08001598     0x4  startup_stm32f407xx.o [1]
  .text              ro code  0x0800159c     0x4  startup_stm32f407xx.o [1]
  .text              ro code  0x080015a0     0x4  startup_stm32f407xx.o [1]
  .text              ro code  0x080015a4     0x4  startup_stm32f407xx.o [1]
  .text              ro code  0x080015a8     0x4  startup_stm32f407xx.o [1]
  .text              ro code  0x080015ac     0x4  startup_stm32f407xx.o [1]
  .text              ro code  0x080015b0     0x4  startup_stm32f407xx.o [1]
  .text              ro code  0x080015b4     0x4  startup_stm32f407xx.o [1]
  .text              ro code  0x080015b8     0x4  startup_stm32f407xx.o [1]
  .text              ro code  0x080015bc     0x4  startup_stm32f407xx.o [1]
  .text              ro code  0x080015c0     0x4  startup_stm32f407xx.o [1]
  .text              ro code  0x080015c4     0x4  startup_stm32f407xx.o [1]
  .text              ro code  0x080015c8     0x4  startup_stm32f407xx.o [1]
  .text              ro code  0x080015cc     0x4  startup_stm32f407xx.o [1]
  .text              ro code  0x080015d0     0x4  startup_stm32f407xx.o [1]
  .text              ro code  0x080015d4     0x4  startup_stm32f407xx.o [1]
  .text              ro code  0x080015d8     0x4  startup_stm32f407xx.o [1]
  .text              ro code  0x080015dc     0x4  startup_stm32f407xx.o [1]
  .text              ro code  0x080015e0     0x4  startup_stm32f407xx.o [1]
  .text              ro code  0x080015e4     0x4  startup_stm32f407xx.o [1]
  .text              ro code  0x080015e8     0x4  startup_stm32f407xx.o [1]
  .text              ro code  0x080015ec     0x4  startup_stm32f407xx.o [1]
  .text              ro code  0x080015f0     0x4  startup_stm32f407xx.o [1]
  .text              ro code  0x080015f4     0x4  startup_stm32f407xx.o [1]
  .text              ro code  0x080015f8     0x4  startup_stm32f407xx.o [1]
  .text              ro code  0x080015fc     0x4  startup_stm32f407xx.o [1]
  .text              ro code  0x08001600     0x4  startup_stm32f407xx.o [1]
  .text              ro code  0x08001604     0x4  startup_stm32f407xx.o [1]
  .rodata            const    0x08001608     0x0  packbits_init_single.o [5]
  Initializer bytes  const    0x08001608     0xb  <for P2-1>
                            - 0x08001613  0x148b

"P2", part 1 of 2:                          0x88
  P2-1                        0x20000000    0x88  <Init block>
    .data            inited   0x20000000    0x44  main.o [1]
    .data            inited   0x20000044     0x4  system_stm32f4xx.o [1]
    .bss             inited   0x20000048    0x3c  main.o [1]
    .bss             inited   0x20000084     0x4  stm32f4xx_hal.o [1]
                            - 0x20000088    0x88

"P2", part 2 of 2:                         0x400
  CSTACK                      0x20000088   0x400  <Block>
    CSTACK           uninit   0x20000088   0x400  <Block tail>
                            - 0x20000488   0x400


*******************************************************************************
*** INIT TABLE
***

          Address     Size
          -------     ----
Copy/packbits (__iar_packbits_init_single3)
    1 source range, total size 0xb (8% of destination):
          0x08001608   0xb
    1 destination range, total size 0x88:
          0x20000000  0x88



*******************************************************************************
*** MODULE SUMMARY
***

    Module                  ro code  ro data  rw data
    ------                  -------  -------  -------
C:\Users\ASUS\Desktop\Duc Hoc ARM\DC\dc\EWARM\dc\Obj: [1]
    main.o                      640       10      128
    startup_stm32f407xx.o       728
    stm32f4xx_hal.o             120        1        4
    stm32f4xx_hal_cortex.o      222
    stm32f4xx_hal_gpio.o        472
    stm32f4xx_hal_msp.o         248
    stm32f4xx_hal_rcc.o       1 084
    stm32f4xx_hal_tim.o       1 584
    stm32f4xx_hal_tim_ex.o      172
    stm32f4xx_it.o               40
    system_stm32f4xx.o           96                 4
    -------------------------------------------------
    Total:                    5 406       11      136

command line: [2]
    -------------------------------------------------
    Total:

dl7M_tlf.a: [3]
    exit.o                        4
    low_level_init.o              4
    -------------------------------------------------
    Total:                        8

m7M_tls.a: [4]
    fpinit_M.o                   34
    -------------------------------------------------
    Total:                       34

rt7M_tl.a: [5]
    cexit.o                      10
    cmain.o                      26
    cstartup_M.o                 12
    data_init.o                  40
    packbits_init_single.o       56
    -------------------------------------------------
    Total:                      144

shb_l.a: [6]
    exit.o                       20
    -------------------------------------------------
    Total:                       20

    Gaps                         10        2
    Linker created                        16    1 024
-----------------------------------------------------
    Grand Total:              5 622       29    1 160


*******************************************************************************
*** ENTRY LIST
***

Entry                      Address   Size  Type      Object
-----                      -------   ----  ----      ------
.iar.init_table$$Base   0x08001458          --   Gb  - Linker created -
.iar.init_table$$Limit  0x08001468          --   Gb  - Linker created -
?main                   0x08001469         Code  Gb  cmain.o [5]
AHBPrescTable           0x0800138c   0x10  Data  Gb  system_stm32f4xx.o [1]
BusFault_Handler        0x080013db    0x2  Code  Gb  stm32f4xx_it.o [1]
CSTACK$$Base            0x20000088          --   Gb  - Linker created -
CSTACK$$Limit           0x20000488          --   Gb  - Linker created -
DebugMon_Handler        0x080013e1    0x2  Code  Gb  stm32f4xx_it.o [1]
HAL_GPIO_Init           0x08000c19  0x1a4  Code  Gb  stm32f4xx_hal_gpio.o [1]
HAL_GPIO_WritePin       0x08000dbd    0x8  Code  Gb  stm32f4xx_hal_gpio.o [1]
HAL_GetTick             0x08001331    0xc  Code  Wk  stm32f4xx_hal.o [1]
HAL_IncTick             0x080013fd   0x10  Code  Wk  stm32f4xx_hal.o [1]
HAL_Init                0x08000df1   0x30  Code  Gb  stm32f4xx_hal.o [1]
HAL_InitTick            0x08001309   0x28  Code  Wk  stm32f4xx_hal.o [1]
HAL_MspInit             0x080007b1   0x60  Code  Gb  stm32f4xx_hal_msp.o [1]
HAL_NVIC_EnableIRQ      0x08000ba7    0xc  Code  Gb  stm32f4xx_hal_cortex.o [1]
HAL_NVIC_SetPriority    0x08000b6d   0x3a  Code  Gb  stm32f4xx_hal_cortex.o [1]
HAL_NVIC_SetPriorityGrouping
                        0x08000b53   0x1a  Code  Gb  stm32f4xx_hal_cortex.o [1]
HAL_RCC_ClockConfig     0x08001165  0x12a  Code  Gb  stm32f4xx_hal_rcc.o [1]
HAL_RCC_GetHCLKFreq     0x0800129d    0x6  Code  Gb  stm32f4xx_hal_rcc.o [1]
HAL_RCC_GetSysClockFreq
                        0x080012b5   0x54  Code  Wk  stm32f4xx_hal_rcc.o [1]
HAL_RCC_OscConfig       0x08000ecd  0x298  Code  Wk  stm32f4xx_hal_rcc.o [1]
HAL_SYSTICK_CLKSourceConfig
                        0x08000be3   0x14  Code  Gb  stm32f4xx_hal_cortex.o [1]
HAL_SYSTICK_Callback    0x08000c15    0x2  Code  Wk  stm32f4xx_hal_cortex.o [1]
HAL_SYSTICK_Config      0x08000bbb   0x28  Code  Gb  stm32f4xx_hal_cortex.o [1]
HAL_SYSTICK_IRQHandler  0x08000c11    0x4  Code  Gb  stm32f4xx_hal_cortex.o [1]
HAL_TIMEx_BreakCallback
                        0x08000b31    0x2  Code  Wk  stm32f4xx_hal_tim_ex.o [1]
HAL_TIMEx_CommutationCallback
                        0x08000b35    0x2  Code  Wk  stm32f4xx_hal_tim_ex.o [1]
HAL_TIMEx_ConfigBreakDeadTime
                        0x08000e7b   0x52  Code  Gb  stm32f4xx_hal_tim_ex.o [1]
HAL_TIMEx_MasterConfigSynchronization
                        0x08000e31   0x4a  Code  Gb  stm32f4xx_hal_tim_ex.o [1]
HAL_TIM_Base_Init       0x08000189   0x1a  Code  Gb  stm32f4xx_hal_tim.o [1]
HAL_TIM_Base_MspInit    0x08000811   0x56  Code  Gb  stm32f4xx_hal_msp.o [1]
HAL_TIM_Base_Start_IT   0x080001a3   0x16  Code  Gb  stm32f4xx_hal_tim.o [1]
HAL_TIM_ConfigClockSource
                        0x08000451   0xa8  Code  Gb  stm32f4xx_hal_tim.o [1]
HAL_TIM_IC_CaptureCallback
                        0x080008ab    0x2  Code  Wk  stm32f4xx_hal_tim.o [1]
HAL_TIM_IRQHandler      0x08000231  0x142  Code  Gb  stm32f4xx_hal_tim.o [1]
HAL_TIM_MspPostInit     0x08000867   0x30  Code  Gb  stm32f4xx_hal_msp.o [1]
HAL_TIM_OC_DelayElapsedCallback
                        0x080008ad    0x2  Code  Wk  stm32f4xx_hal_tim.o [1]
HAL_TIM_PWM_ConfigChannel
                        0x08000379   0xb8  Code  Gb  stm32f4xx_hal_tim.o [1]
HAL_TIM_PWM_Init        0x080001e3   0x1a  Code  Gb  stm32f4xx_hal_tim.o [1]
HAL_TIM_PWM_MspInit     0x080008a9    0x2  Code  Wk  stm32f4xx_hal_tim.o [1]
HAL_TIM_PWM_PulseFinishedCallback
                        0x08000b37    0x2  Code  Wk  stm32f4xx_hal_tim.o [1]
HAL_TIM_PWM_Start       0x08000205   0x14  Code  Gb  stm32f4xx_hal_tim.o [1]
HAL_TIM_PeriodElapsedCallback
                        0x080008b1   0x28  Code  Gb  main.o [1]
HAL_TIM_TriggerCallback
                        0x08000b33    0x2  Code  Wk  stm32f4xx_hal_tim.o [1]
HardFault_Handler       0x080013d7    0x2  Code  Gb  stm32f4xx_it.o [1]
MX_TIM1_Init            0x08000a65   0xac  Code  Lc  main.o [1]
MemManage_Handler       0x080013d9    0x2  Code  Gb  stm32f4xx_it.o [1]
NMI_Handler             0x080013d5    0x2  Code  Gb  stm32f4xx_it.o [1]
NVIC_SetPriority        0x08000b39   0x1a  Code  Lc  stm32f4xx_hal_cortex.o [1]
PendSV_Handler          0x080013e3    0x2  Code  Gb  stm32f4xx_it.o [1]
Region$$Table$$Base     0x08001458          --   Gb  - Linker created -
Region$$Table$$Limit    0x08001468          --   Gb  - Linker created -
SVC_Handler             0x080013df    0x2  Code  Gb  stm32f4xx_it.o [1]
SysTick_Handler         0x080013e5    0xe  Code  Gb  stm32f4xx_it.o [1]
SystemClock_Config      0x080009b7   0xae  Code  Gb  main.o [1]
SystemCoreClock         0x20000044    0x4  Data  Gb  system_stm32f4xx.o [1]
SystemInit              0x0800133d   0x3a  Code  Gb  system_stm32f4xx.o [1]
TIM6_DAC_IRQHandler     0x080013f3    0x6  Code  Gb  stm32f4xx_it.o [1]
TIM_Base_SetConfig      0x08000521   0x90  Code  Gb  stm32f4xx_hal_tim.o [1]
TIM_CCxChannelCmd       0x08000605   0x18  Code  Gb  stm32f4xx_hal_tim.o [1]
TIM_ETR_SetConfig       0x0800079b   0x14  Code  Lc  stm32f4xx_hal_tim.o [1]
TIM_ITRx_SetConfig      0x0800078b   0x10  Code  Lc  stm32f4xx_hal_tim.o [1]
TIM_OC1_SetConfig       0x0800061d   0x4a  Code  Lc  stm32f4xx_hal_tim.o [1]
TIM_OC2_SetConfig       0x080005b3   0x52  Code  Gb  stm32f4xx_hal_tim.o [1]
TIM_OC3_SetConfig       0x08000673   0x56  Code  Lc  stm32f4xx_hal_tim.o [1]
TIM_OC4_SetConfig       0x080006cf   0x46  Code  Lc  stm32f4xx_hal_tim.o [1]
TIM_TI1_ConfigInputStage
                        0x08000745   0x22  Code  Lc  stm32f4xx_hal_tim.o [1]
TIM_TI2_ConfigInputStage
                        0x08000767   0x24  Code  Lc  stm32f4xx_hal_tim.o [1]
UsageFault_Handler      0x080013dd    0x2  Code  Gb  stm32f4xx_it.o [1]
__cmain                 0x08001469         Code  Gb  cmain.o [5]
__exit                  0x08001499   0x14  Code  Gb  exit.o [6]
__iar_data_init3        0x0800140d   0x28  Code  Gb  data_init.o [5]
__iar_init_vfp          0x08001435         Code  Gb  fpinit_M.o [4]
__iar_packbits_init_single3
                        0x0800139d   0x38  Code  Gb  packbits_init_single.o [5]
__iar_program_start     0x080014bd         Code  Gb  cstartup_M.o [5]
__low_level_init        0x08001483    0x4  Code  Gb  low_level_init.o [3]
__vector_table          0x08000000         Data  Gb  startup_stm32f407xx.o [1]
_call_main              0x08001475         Code  Gb  cmain.o [5]
_exit                   0x0800148d         Code  Gb  cexit.o [5]
_main                   0x0800147f         Code  Gb  cmain.o [5]
div                     0x20000000    0x2  Data  Gb  main.o [1]
exit                    0x08001487    0x4  Code  Gb  exit.o [3]
giatri                  0x20000002    0x2  Data  Gb  main.o [1]
giatrisau               0x20000004    0x2  Data  Gb  main.o [1]
htim1                   0x20000008   0x3c  Data  Gb  main.o [1]
htim6                   0x20000048   0x3c  Data  Gb  main.o [1]
main                    0x080008d9   0xc8  Code  Gb  main.o [1]
uwTick                  0x20000084    0x4  Data  Gb  stm32f4xx_hal.o [1]


[1] = C:\Users\ASUS\Desktop\Duc Hoc ARM\DC\dc\EWARM\dc\Obj
[2] = command line
[3] = dl7M_tlf.a
[4] = m7M_tls.a
[5] = rt7M_tl.a
[6] = shb_l.a

  5 622 bytes of readonly  code memory
     29 bytes of readonly  data memory
  1 160 bytes of readwrite data memory

Errors: none
Warnings: none
