###############################################################################
#
# IAR ELF Linker V7.80.1.11864/W32 for ARM                28/Sep/2018  00:10:29
# Copyright 2007-2016 IAR Systems AB.
#
#    Output file  =  F:\Code\test123\test123\EWARM\test123\Exe\test123.out
#    Map file     =  F:\Code\test123\test123\EWARM\test123\List\test123.map
#    Command line =  
#        F:\Code\test123\test123\EWARM\test123\Obj\main.o
#        F:\Code\test123\test123\EWARM\test123\Obj\PS2.o
#        F:\Code\test123\test123\EWARM\test123\Obj\robot_4_wheel.o
#        F:\Code\test123\test123\EWARM\test123\Obj\startup_stm32f407xx.o
#        F:\Code\test123\test123\EWARM\test123\Obj\stm32f4xx_hal.o
#        F:\Code\test123\test123\EWARM\test123\Obj\stm32f4xx_hal_cortex.o
#        F:\Code\test123\test123\EWARM\test123\Obj\stm32f4xx_hal_dma.o
#        F:\Code\test123\test123\EWARM\test123\Obj\stm32f4xx_hal_dma_ex.o
#        F:\Code\test123\test123\EWARM\test123\Obj\stm32f4xx_hal_flash.o
#        F:\Code\test123\test123\EWARM\test123\Obj\stm32f4xx_hal_flash_ex.o
#        F:\Code\test123\test123\EWARM\test123\Obj\stm32f4xx_hal_flash_ramfunc.o
#        F:\Code\test123\test123\EWARM\test123\Obj\stm32f4xx_hal_gpio.o
#        F:\Code\test123\test123\EWARM\test123\Obj\stm32f4xx_hal_msp.o
#        F:\Code\test123\test123\EWARM\test123\Obj\stm32f4xx_hal_pwr.o
#        F:\Code\test123\test123\EWARM\test123\Obj\stm32f4xx_hal_pwr_ex.o
#        F:\Code\test123\test123\EWARM\test123\Obj\stm32f4xx_hal_rcc.o
#        F:\Code\test123\test123\EWARM\test123\Obj\stm32f4xx_hal_rcc_ex.o
#        F:\Code\test123\test123\EWARM\test123\Obj\stm32f4xx_hal_tim.o
#        F:\Code\test123\test123\EWARM\test123\Obj\stm32f4xx_hal_tim_ex.o
#        F:\Code\test123\test123\EWARM\test123\Obj\stm32f4xx_hal_uart.o
#        F:\Code\test123\test123\EWARM\test123\Obj\stm32f4xx_it.o
#        F:\Code\test123\test123\EWARM\test123\Obj\system_stm32f4xx.o
#        --redirect _Printf=_PrintfFull --redirect _Scanf=_ScanfFull -o
#        F:\Code\test123\test123\EWARM\test123\Exe\test123.out --map
#        F:\Code\test123\test123\EWARM\test123\List\test123.map --config
#        F:\Code\test123\test123\EWARM/stm32f407xx_flash.icf --semihosting
#        --entry __iar_program_start --vfe
#
###############################################################################

*******************************************************************************
*** RUNTIME MODEL ATTRIBUTES
***

CppFlavor       = *
__SystemLibrary = DLib


*******************************************************************************
*** PLACEMENT SUMMARY
***

"A0":  place at 0x08000000 { ro section .intvec };
"P1":  place in [from 0x08000000 to 0x080fffff] { ro };
"P2":  place in [from 0x20000000 to 0x2001ffff] { rw, block CSTACK, block HEAP };
initialize by copy { rw };

  Section             Kind        Address    Size  Object
  -------             ----        -------    ----  ------
"A0":                                       0x188
  .intvec             ro code  0x08000000   0x188  startup_stm32f407xx.o [1]
                             - 0x08000188   0x188

"P1":                                      0x3c4c
  .text               ro code  0x08000188   0x778  stm32f4xx_hal_tim.o [1]
  .text               ro code  0x08000900   0x2d0  stm32f4xx_hal_msp.o [1]
  .text               ro code  0x08000bd0     0x2  stm32f4xx_hal_tim.o [1]
  .text               ro code  0x08000bd2     0x2  stm32f4xx_hal_tim.o [1]
  .text               ro code  0x08000bd4     0x2  stm32f4xx_hal_tim.o [1]
  .text               ro code  0x08000bd6     0x2  stm32f4xx_hal_tim.o [1]
  .text               ro code  0x08000bd8   0x674  robot_4_wheel.o [1]
  .text               ro code  0x0800124c     0x2  stm32f4xx_hal_tim_ex.o [1]
  .text               ro code  0x0800124e     0x2  stm32f4xx_hal_tim.o [1]
  .text               ro code  0x08001250     0x2  stm32f4xx_hal_tim_ex.o [1]
  .text               ro code  0x08001254   0x10a  stm32f4xx_hal_cortex.o [1]
  .text               ro code  0x08001360   0x1dc  stm32f4xx_hal_gpio.o [1]
  .text               ro code  0x0800153c   0x494  stm32f4xx_hal_dma.o [1]
  .text               ro code  0x080019d0   0x4e0  main.o [1]
  .text               ro code  0x08001eb0   0x70c  stm32f4xx_hal_uart.o [1]
  .text               ro code  0x080025bc   0x168  PS2.o [1]
  .text               ro code  0x08002724    0x2c  I32ToDbl.o [4]
  .text               ro code  0x08002750    0x4e  FltToDbl.o [4]
  .text               ro code  0x080027a0    0x2e  DblCmpGe.o [4]
  .text               ro code  0x080027d0    0x4c  DblToI32.o [4]
  .text               ro code  0x0800281c    0x12  cos.o [4]
  .text               ro code  0x08002830   0x1a2  DblMul.o [4]
  .text               ro code  0x080029d4    0xe8  DblAdd.o [4]
  .text               ro code  0x08002abc    0x90  DblToFlt.o [4]
  .text               ro code  0x08002b4c     0xc  stm32f4xx_hal.o [1]
  .text               ro code  0x08002b58    0x34  stm32f4xx_hal.o [1]
  .text               ro code  0x08002b8c   0x2c4  stm32f4xx_hal_rcc.o [1]
  .text               ro code  0x08002e50   0x1f8  stm32f4xx_hal_rcc.o [1]
  .text               ro code  0x08003048    0x4c  stm32f4xx_hal_tim_ex.o [1]
  .text               ro code  0x08003094     0x2  stm32f4xx_hal_uart.o [1]
  .text               ro code  0x08003096     0x2  stm32f4xx_hal_uart.o [1]
  .text               ro code  0x08003098     0x2  stm32f4xx_hal_uart.o [1]
  .text               ro code  0x0800309a     0x2  stm32f4xx_hal_uart.o [1]
  .text               ro code  0x0800309c   0x448  xsin.o [4]
  .text               ro code  0x080034e4   0x180  DblSub.o [4]
  .text               ro code  0x08003664    0x28  stm32f4xx_hal.o [1]
  .text               ro code  0x0800368c    0x2e  DblCmpLe.o [4]
  .text               ro code  0x080036bc     0xc  errno.o [3]
  .text               ro code  0x080036c8   0x168  xquad.o [4]
  .text               ro code  0x08003830     0x2  xtls.o [3]
  .text               ro code  0x08003832    0x7e  xdint.o [4]
  .text               ro code  0x080038b0    0x20  DblCmpEq.o [4]
  .text               ro code  0x080038d0   0x1a8  fmod.o [4]
  .text               ro code  0x08003a78     0xc  iarEdom.o [5]
  .text               ro code  0x08003a84    0x60  system_stm32f4xx.o [1]
  .text               ro code  0x08003ae4    0x50  stm32f4xx_it.o [1]
  .text               ro code  0x08003b34    0x10  stm32f4xx_hal.o [1]
  .text               ro code  0x08003b44    0x40  zero_init3.o [5]
  .text               ro code  0x08003b84    0x38  packbits_init_single.o [5]
  .text               ro code  0x08003bbc    0x28  data_init.o [5]
  .text               ro code  0x08003be4    0x22  fpinit_M.o [4]
  .iar.init_table     const    0x08003c08    0x20  - Linker created -
  .text               ro code  0x08003c28    0x1a  cmain.o [5]
  .text               ro code  0x08003c42     0x4  low_level_init.o [3]
  .text               ro code  0x08003c46     0x4  exit.o [3]
  .text               ro code  0x08003c4c     0xa  cexit.o [5]
  .text               ro code  0x08003c58    0x14  exit.o [6]
  .text               ro code  0x08003c6c    0x10  startup_stm32f407xx.o [1]
  .text               ro code  0x08003c7c     0xc  cstartup_M.o [5]
  .rodata             const    0x08003c88     0x8  system_stm32f4xx.o [1]
  .text               ro code  0x08003c90     0x4  startup_stm32f407xx.o [1]
  .text               ro code  0x08003c94     0x4  startup_stm32f407xx.o [1]
  .text               ro code  0x08003c98     0x4  startup_stm32f407xx.o [1]
  .text               ro code  0x08003c9c     0x4  startup_stm32f407xx.o [1]
  .text               ro code  0x08003ca0     0x4  startup_stm32f407xx.o [1]
  .text               ro code  0x08003ca4     0x4  startup_stm32f407xx.o [1]
  .text               ro code  0x08003ca8     0x4  startup_stm32f407xx.o [1]
  .text               ro code  0x08003cac     0x4  startup_stm32f407xx.o [1]
  .text               ro code  0x08003cb0     0x4  startup_stm32f407xx.o [1]
  .text               ro code  0x08003cb4     0x4  startup_stm32f407xx.o [1]
  .text               ro code  0x08003cb8     0x4  startup_stm32f407xx.o [1]
  .text               ro code  0x08003cbc     0x4  startup_stm32f407xx.o [1]
  .text               ro code  0x08003cc0     0x4  startup_stm32f407xx.o [1]
  .text               ro code  0x08003cc4     0x4  startup_stm32f407xx.o [1]
  .text               ro code  0x08003cc8     0x4  startup_stm32f407xx.o [1]
  .text               ro code  0x08003ccc     0x4  startup_stm32f407xx.o [1]
  .text               ro code  0x08003cd0     0x4  startup_stm32f407xx.o [1]
  .text               ro code  0x08003cd4     0x4  startup_stm32f407xx.o [1]
  .text               ro code  0x08003cd8     0x4  startup_stm32f407xx.o [1]
  .text               ro code  0x08003cdc     0x4  startup_stm32f407xx.o [1]
  .text               ro code  0x08003ce0     0x4  startup_stm32f407xx.o [1]
  .text               ro code  0x08003ce4     0x4  startup_stm32f407xx.o [1]
  .text               ro code  0x08003ce8     0x4  startup_stm32f407xx.o [1]
  .text               ro code  0x08003cec     0x4  startup_stm32f407xx.o [1]
  .text               ro code  0x08003cf0     0x4  startup_stm32f407xx.o [1]
  .text               ro code  0x08003cf4     0x4  startup_stm32f407xx.o [1]
  .text               ro code  0x08003cf8     0x4  startup_stm32f407xx.o [1]
  .text               ro code  0x08003cfc     0x4  startup_stm32f407xx.o [1]
  .text               ro code  0x08003d00     0x4  startup_stm32f407xx.o [1]
  .text               ro code  0x08003d04     0x4  startup_stm32f407xx.o [1]
  .text               ro code  0x08003d08     0x4  startup_stm32f407xx.o [1]
  .text               ro code  0x08003d0c     0x4  startup_stm32f407xx.o [1]
  .text               ro code  0x08003d10     0x4  startup_stm32f407xx.o [1]
  .text               ro code  0x08003d14     0x4  startup_stm32f407xx.o [1]
  .text               ro code  0x08003d18     0x4  startup_stm32f407xx.o [1]
  .text               ro code  0x08003d1c     0x4  startup_stm32f407xx.o [1]
  .text               ro code  0x08003d20     0x4  startup_stm32f407xx.o [1]
  .text               ro code  0x08003d24     0x4  startup_stm32f407xx.o [1]
  .text               ro code  0x08003d28     0x4  startup_stm32f407xx.o [1]
  .text               ro code  0x08003d2c     0x4  startup_stm32f407xx.o [1]
  .text               ro code  0x08003d30     0x4  startup_stm32f407xx.o [1]
  .text               ro code  0x08003d34     0x4  startup_stm32f407xx.o [1]
  .text               ro code  0x08003d38     0x4  startup_stm32f407xx.o [1]
  .text               ro code  0x08003d3c     0x4  startup_stm32f407xx.o [1]
  .text               ro code  0x08003d40     0x4  startup_stm32f407xx.o [1]
  .text               ro code  0x08003d44     0x4  startup_stm32f407xx.o [1]
  .text               ro code  0x08003d48     0x4  startup_stm32f407xx.o [1]
  .text               ro code  0x08003d4c     0x4  startup_stm32f407xx.o [1]
  .text               ro code  0x08003d50     0x4  startup_stm32f407xx.o [1]
  .text               ro code  0x08003d54     0x4  startup_stm32f407xx.o [1]
  .text               ro code  0x08003d58     0x4  startup_stm32f407xx.o [1]
  .text               ro code  0x08003d5c     0x4  startup_stm32f407xx.o [1]
  .text               ro code  0x08003d60     0x4  startup_stm32f407xx.o [1]
  .text               ro code  0x08003d64     0x4  startup_stm32f407xx.o [1]
  .text               ro code  0x08003d68     0x4  startup_stm32f407xx.o [1]
  .text               ro code  0x08003d6c     0x4  startup_stm32f407xx.o [1]
  .text               ro code  0x08003d70     0x4  startup_stm32f407xx.o [1]
  .text               ro code  0x08003d74     0x4  startup_stm32f407xx.o [1]
  .text               ro code  0x08003d78     0x4  startup_stm32f407xx.o [1]
  .text               ro code  0x08003d7c     0x4  startup_stm32f407xx.o [1]
  .text               ro code  0x08003d80     0x4  startup_stm32f407xx.o [1]
  .text               ro code  0x08003d84     0x4  startup_stm32f407xx.o [1]
  .text               ro code  0x08003d88     0x4  startup_stm32f407xx.o [1]
  .text               ro code  0x08003d8c     0x4  startup_stm32f407xx.o [1]
  .text               ro code  0x08003d90     0x4  startup_stm32f407xx.o [1]
  .text               ro code  0x08003d94     0x4  startup_stm32f407xx.o [1]
  .text               ro code  0x08003d98     0x4  startup_stm32f407xx.o [1]
  .text               ro code  0x08003d9c     0x4  startup_stm32f407xx.o [1]
  .text               ro code  0x08003da0     0x4  startup_stm32f407xx.o [1]
  .text               ro code  0x08003da4     0x4  startup_stm32f407xx.o [1]
  .text               ro code  0x08003da8     0x4  startup_stm32f407xx.o [1]
  .text               ro code  0x08003dac     0x4  startup_stm32f407xx.o [1]
  .text               ro code  0x08003db0     0x4  startup_stm32f407xx.o [1]
  .text               ro code  0x08003db4     0x4  startup_stm32f407xx.o [1]
  .text               ro code  0x08003db8     0x4  startup_stm32f407xx.o [1]
  .text               ro code  0x08003dbc     0x4  startup_stm32f407xx.o [1]
  .rodata             const    0x08003dc0     0x0  zero_init3.o [5]
  .rodata             const    0x08003dc0     0x0  packbits_init_single.o [5]
  Initializer bytes   const    0x08003dc0    0x14  <for P2-1>
                             - 0x08003dd4  0x3c4c

"P2", part 1 of 3:                           0x84
  P2-1                         0x20000000    0x84  <Init block>
    .data             inited   0x20000000    0x7c  robot_4_wheel.o [1]
    .data             inited   0x2000007c     0x4  system_stm32f4xx.o [1]
    __DLIB_PERTHREAD  inited   0x20000080     0x4  errno.o [3]
                             - 0x20000084    0x84

"P2", part 2 of 3:                          0x400
  CSTACK                       0x20000088   0x400  <Block>
    CSTACK            uninit   0x20000088   0x400  <Block tail>
                             - 0x20000488   0x400

"P2", part 3 of 3:                          0x208
  .bss                zero     0x20000488    0x60  main.o [1]
  .bss                zero     0x200004e8    0x60  main.o [1]
  .bss                zero     0x20000548    0x40  main.o [1]
  .bss                zero     0x20000588    0x40  main.o [1]
  .bss                zero     0x200005c8    0x3c  main.o [1]
  .bss                zero     0x20000604    0x3c  main.o [1]
  .bss                zero     0x20000640    0x3c  main.o [1]
  .bss                zero     0x2000067c     0x8  PS2.o [1]
  .bss                zero     0x20000684     0x8  robot_4_wheel.o [1]
  .bss                zero     0x2000068c     0x4  stm32f4xx_hal.o [1]
                             - 0x20000690   0x208


*******************************************************************************
*** INIT TABLE
***

          Address     Size
          -------     ----
Zero (__iar_zero_init3)
    1 destination range, total size 0x208:
          0x20000488  0x208

Copy/packbits (__iar_packbits_init_single3)
    1 source range, total size 0x14 (15% of destination):
          0x08003dc0   0x14
    1 destination range, total size 0x84:
          0x20000000   0x84



*******************************************************************************
*** MODULE SUMMARY
***

    Module                  ro code  ro data  rw data
    ------                  -------  -------  -------
F:\Code\test123\test123\EWARM\test123\Obj: [1]
    PS2.o                       360                 8
    main.o                    1 248               500
    robot_4_wheel.o           1 652       18      132
    startup_stm32f407xx.o       712
    stm32f4xx_hal.o             120                 4
    stm32f4xx_hal_cortex.o      266
    stm32f4xx_hal_dma.o       1 172
    stm32f4xx_hal_gpio.o        476
    stm32f4xx_hal_msp.o         720
    stm32f4xx_hal_rcc.o       1 212
    stm32f4xx_hal_tim.o       1 922
    stm32f4xx_hal_tim_ex.o       80
    stm32f4xx_hal_uart.o      1 812
    stm32f4xx_it.o               80
    system_stm32f4xx.o           96        9        4
    -------------------------------------------------
    Total:                   11 928       27      648

command line: [2]
    -------------------------------------------------
    Total:

dl7M_tlf.a: [3]
    errno.o                      12        1        4
    exit.o                        4
    low_level_init.o              4
    xtls.o                        2
    -------------------------------------------------
    Total:                       22        1        4

m7M_tls.a: [4]
    DblAdd.o                    232
    DblCmpEq.o                   32
    DblCmpGe.o                   46
    DblCmpLe.o                   46
    DblMul.o                    418
    DblSub.o                    384
    DblToFlt.o                  144
    DblToI32.o                   76
    FltToDbl.o                   78
    I32ToDbl.o                   44
    cos.o                        18
    fmod.o                      424
    fpinit_M.o                   34
    xdint.o                     126
    xquad.o                     360
    xsin.o                    1 096
    -------------------------------------------------
    Total:                    3 558

rt7M_tl.a: [5]
    cexit.o                      10
    cmain.o                      26
    cstartup_M.o                 12
    data_init.o                  40
    iarEdom.o                    12
    packbits_init_single.o       56
    zero_init3.o                 64
    -------------------------------------------------
    Total:                      220

shb_l.a: [6]
    exit.o                       20
    -------------------------------------------------
    Total:                       20

    Gaps                         18        2
    Linker created                        32    1 024
-----------------------------------------------------
    Grand Total:             15 766       62    1 676


*******************************************************************************
*** ENTRY LIST
***

Entry                      Address   Size  Type      Object
-----                      -------   ----  ----      ------
.iar.init_table$$Base   0x08003c08          --   Gb  - Linker created -
.iar.init_table$$Limit  0x08003c28          --   Gb  - Linker created -
?main                   0x08003c29         Code  Gb  cmain.o [5]
AHBPrescTable           0x08003ad4   0x10  Data  Gb  system_stm32f4xx.o [1]
APBPrescTable           0x08003c88    0x8  Data  Gb  system_stm32f4xx.o [1]
Acc                     0x080010b5   0x34  Code  Gb  robot_4_wheel.o [1]
BusFault_Handler        0x08003aeb    0x2  Code  Gb  stm32f4xx_it.o [1]
CSTACK$$Base            0x20000088          --   Gb  - Linker created -
CSTACK$$Limit           0x20000488          --   Gb  - Linker created -
DMA1_Stream1_IRQHandler
                        0x08003b03    0x6  Code  Gb  stm32f4xx_it.o [1]
DMA1_Stream5_IRQHandler
                        0x08003b09    0x6  Code  Gb  stm32f4xx_it.o [1]
DMA_CalcBaseAndBitshift
                        0x0800192b   0x28  Code  Lc  stm32f4xx_hal_dma.o [1]
DMA_CalcBaseAndBitshift::flagBitshiftOffset
                        0x080019c8    0x8  Data  Lc  stm32f4xx_hal_dma.o [1]
DMA_CheckFifoParam      0x08001955   0x72  Code  Lc  stm32f4xx_hal_dma.o [1]
DMA_SetConfig           0x08001901   0x2a  Code  Lc  stm32f4xx_hal_dma.o [1]
Dcc                     0x080010e9   0x1a  Code  Gb  robot_4_wheel.o [1]
DebugMon_Handler        0x08003af1    0x2  Code  Gb  stm32f4xx_it.o [1]
E                       0x20000070    0x4  Data  Gb  robot_4_wheel.o [1]
E1                      0x20000074    0x4  Data  Gb  robot_4_wheel.o [1]
HAL_DMA_Abort           0x08001675   0x8a  Code  Gb  stm32f4xx_hal_dma.o [1]
HAL_DMA_Abort_IT        0x080016ff   0x24  Code  Gb  stm32f4xx_hal_dma.o [1]
HAL_DMA_IRQHandler      0x08001723  0x1ca  Code  Gb  stm32f4xx_hal_dma.o [1]
HAL_DMA_Init            0x0800153d   0xc8  Code  Gb  stm32f4xx_hal_dma.o [1]
HAL_DMA_Start_IT        0x08001605   0x70  Code  Gb  stm32f4xx_hal_dma.o [1]
HAL_GPIO_Init           0x08001361  0x1a2  Code  Gb  stm32f4xx_hal_gpio.o [1]
HAL_GPIO_WritePin       0x08001503    0xe  Code  Gb  stm32f4xx_hal_gpio.o [1]
HAL_GetTick             0x08002b4d    0xc  Code  Wk  stm32f4xx_hal.o [1]
HAL_IncTick             0x08003b35   0x10  Code  Wk  stm32f4xx_hal.o [1]
HAL_Init                0x08002b59   0x30  Code  Gb  stm32f4xx_hal.o [1]
HAL_InitTick            0x08003665   0x28  Code  Wk  stm32f4xx_hal.o [1]
HAL_MspInit             0x08000901   0x60  Code  Gb  stm32f4xx_hal_msp.o [1]
HAL_NVIC_EnableIRQ      0x08001323    0x2  Code  Gb  stm32f4xx_hal_cortex.o [1]
HAL_NVIC_SetPriority    0x08001305   0x1e  Code  Gb  stm32f4xx_hal_cortex.o [1]
HAL_NVIC_SetPriorityGrouping
                        0x08001303    0x2  Code  Gb  stm32f4xx_hal_cortex.o [1]
HAL_RCC_ClockConfig     0x08002e51  0x14c  Code  Gb  stm32f4xx_hal_rcc.o [1]
HAL_RCC_GetHCLKFreq     0x08002f9d    0x6  Code  Gb  stm32f4xx_hal_rcc.o [1]
HAL_RCC_GetPCLK1Freq    0x08002fa3   0x16  Code  Gb  stm32f4xx_hal_rcc.o [1]
HAL_RCC_GetPCLK2Freq    0x08002fb9   0x16  Code  Gb  stm32f4xx_hal_rcc.o [1]
HAL_RCC_GetSysClockFreq
                        0x08002fe9   0x60  Code  Wk  stm32f4xx_hal_rcc.o [1]
HAL_RCC_OscConfig       0x08002b8d  0x2c4  Code  Wk  stm32f4xx_hal_rcc.o [1]
HAL_SYSTICK_CLKSourceConfig
                        0x08001327   0x18  Code  Gb  stm32f4xx_hal_cortex.o [1]
HAL_SYSTICK_Callback    0x0800135d    0x2  Code  Wk  stm32f4xx_hal_cortex.o [1]
HAL_SYSTICK_Config      0x08001325    0x2  Code  Gb  stm32f4xx_hal_cortex.o [1]
HAL_SYSTICK_IRQHandler  0x08001359    0x4  Code  Gb  stm32f4xx_hal_cortex.o [1]
HAL_TIMEx_BreakCallback
                        0x0800124d    0x2  Code  Wk  stm32f4xx_hal_tim_ex.o [1]
HAL_TIMEx_CommutationCallback
                        0x08001251    0x2  Code  Wk  stm32f4xx_hal_tim_ex.o [1]
HAL_TIMEx_MasterConfigSynchronization
                        0x08003049   0x4c  Code  Gb  stm32f4xx_hal_tim_ex.o [1]
HAL_TIM_Base_Init       0x08000189   0x32  Code  Gb  stm32f4xx_hal_tim.o [1]
HAL_TIM_Base_MspInit    0x080009a7   0x58  Code  Gb  stm32f4xx_hal_msp.o [1]
HAL_TIM_Base_Start_IT   0x080001bb   0x18  Code  Gb  stm32f4xx_hal_tim.o [1]
HAL_TIM_ConfigClockSource
                        0x08000501   0xfe  Code  Gb  stm32f4xx_hal_tim.o [1]
HAL_TIM_Encoder_Init    0x08000249   0x90  Code  Gb  stm32f4xx_hal_tim.o [1]
HAL_TIM_Encoder_MspInit
                        0x08000961   0x46  Code  Gb  stm32f4xx_hal_msp.o [1]
HAL_TIM_IC_CaptureCallback
                        0x08000bd3    0x2  Code  Wk  stm32f4xx_hal_tim.o [1]
HAL_TIM_IRQHandler      0x080002dd  0x152  Code  Gb  stm32f4xx_hal_tim.o [1]
HAL_TIM_MspPostInit     0x080009ff   0x2e  Code  Gb  stm32f4xx_hal_msp.o [1]
HAL_TIM_OC_DelayElapsedCallback
                        0x08000bd5    0x2  Code  Wk  stm32f4xx_hal_tim.o [1]
HAL_TIM_PWM_ConfigChannel
                        0x0800042f   0xd2  Code  Gb  stm32f4xx_hal_tim.o [1]
HAL_TIM_PWM_Init        0x080001d3   0x32  Code  Gb  stm32f4xx_hal_tim.o [1]
HAL_TIM_PWM_MspInit     0x08000bd1    0x2  Code  Wk  stm32f4xx_hal_tim.o [1]
HAL_TIM_PWM_PulseFinishedCallback
                        0x08000bd7    0x2  Code  Wk  stm32f4xx_hal_tim.o [1]
HAL_TIM_PWM_Start       0x08000205   0x3e  Code  Gb  stm32f4xx_hal_tim.o [1]
HAL_TIM_PeriodElapsedCallback
                        0x08000bd9   0x8a  Code  Gb  robot_4_wheel.o [1]
HAL_TIM_TriggerCallback
                        0x0800124f    0x2  Code  Wk  stm32f4xx_hal_tim.o [1]
HAL_UART_DMAStop        0x08001ff5   0x64  Code  Gb  stm32f4xx_hal_uart.o [1]
HAL_UART_ErrorCallback  0x08003095    0x2  Code  Wk  stm32f4xx_hal_uart.o [1]
HAL_UART_IRQHandler     0x08002059  0x10c  Code  Gb  stm32f4xx_hal_uart.o [1]
HAL_UART_Init           0x08001eb1   0x5e  Code  Gb  stm32f4xx_hal_uart.o [1]
HAL_UART_MspInit        0x08000a2d  0x146  Code  Gb  stm32f4xx_hal_msp.o [1]
HAL_UART_Receive_DMA    0x08001f5b   0x9a  Code  Gb  stm32f4xx_hal_uart.o [1]
HAL_UART_RxCpltCallback
                        0x08003097    0x2  Code  Wk  stm32f4xx_hal_uart.o [1]
HAL_UART_RxHalfCpltCallback
                        0x08003099    0x2  Code  Wk  stm32f4xx_hal_uart.o [1]
HAL_UART_Transmit_IT    0x08001f0f   0x4c  Code  Gb  stm32f4xx_hal_uart.o [1]
HAL_UART_TxCpltCallback
                        0x0800309b    0x2  Code  Wk  stm32f4xx_hal_uart.o [1]
HardFault_Handler       0x08003ae7    0x2  Code  Gb  stm32f4xx_it.o [1]
MX_DMA_Init             0x08001d5d   0x3e  Code  Lc  main.o [1]
MX_GPIO_Init            0x08001d9b   0xb2  Code  Lc  main.o [1]
MX_TIM2_Init            0x08001b2f   0x76  Code  Lc  main.o [1]
MX_TIM4_Init            0x08001ba5   0xf6  Code  Lc  main.o [1]
MX_TIM6_Init            0x08001c9b   0x4c  Code  Lc  main.o [1]
MX_USART2_UART_Init     0x08001ce7   0x38  Code  Lc  main.o [1]
MX_USART3_UART_Init     0x08001d1f   0x38  Code  Lc  main.o [1]
MemManage_Handler       0x08003ae9    0x2  Code  Gb  stm32f4xx_it.o [1]
NMI_Handler             0x08003ae5    0x2  Code  Gb  stm32f4xx_it.o [1]
NVIC_EnableIRQ          0x08001279   0x12  Code  Lc  stm32f4xx_hal_cortex.o [1]
NVIC_EncodePriority     0x080012a5   0x36  Code  Lc  stm32f4xx_hal_cortex.o [1]
NVIC_GetPriorityGrouping
                        0x0800126f    0xa  Code  Lc  stm32f4xx_hal_cortex.o [1]
NVIC_SetPriority        0x0800128b   0x1a  Code  Lc  stm32f4xx_hal_cortex.o [1]
NVIC_SetPriorityGrouping
                        0x08001255   0x1a  Code  Lc  stm32f4xx_hal_cortex.o [1]
PendSV_Handler          0x08003af3    0x2  Code  Gb  stm32f4xx_it.o [1]
Region$$Table$$Base     0x08003c08          --   Gb  - Linker created -
Region$$Table$$Limit    0x08003c28          --   Gb  - Linker created -
SVC_Handler             0x08003aef    0x2  Code  Gb  stm32f4xx_it.o [1]
SysTick_Config          0x080012db   0x28  Code  Lc  stm32f4xx_hal_cortex.o [1]
SysTick_Handler         0x08003af5    0xe  Code  Gb  stm32f4xx_it.o [1]
SystemClock_Config      0x08001a6f   0xc0  Code  Gb  main.o [1]
SystemCoreClock         0x2000007c    0x4  Data  Gb  system_stm32f4xx.o [1]
SystemInit              0x08003a85   0x3a  Code  Gb  system_stm32f4xx.o [1]
T                       0x20000688    0x4  Data  Gb  robot_4_wheel.o [1]
TIM6_DAC_IRQHandler     0x08003b1b    0x6  Code  Gb  stm32f4xx_it.o [1]
TIM_Base_SetConfig      0x08000609   0xc8  Code  Gb  stm32f4xx_hal_tim.o [1]
TIM_CCxChannelCmd       0x08000735   0x1a  Code  Gb  stm32f4xx_hal_tim.o [1]
TIM_ETR_SetConfig       0x080008eb   0x16  Code  Lc  stm32f4xx_hal_tim.o [1]
TIM_ITRx_SetConfig      0x080008db   0x10  Code  Lc  stm32f4xx_hal_tim.o [1]
TIM_OC1_SetConfig       0x08000751   0x5c  Code  Lc  stm32f4xx_hal_tim.o [1]
TIM_OC2_SetConfig       0x080006d1   0x64  Code  Gb  stm32f4xx_hal_tim.o [1]
TIM_OC3_SetConfig       0x080007ad   0x62  Code  Lc  stm32f4xx_hal_tim.o [1]
TIM_OC4_SetConfig       0x0800080f   0x52  Code  Lc  stm32f4xx_hal_tim.o [1]
TIM_TI1_ConfigInputStage
                        0x08000891   0x24  Code  Lc  stm32f4xx_hal_tim.o [1]
TIM_TI2_ConfigInputStage
                        0x080008b5   0x26  Code  Lc  stm32f4xx_hal_tim.o [1]
UART_DMAAbortOnError    0x0800222d    0xc  Code  Lc  stm32f4xx_hal_uart.o [1]
UART_DMAError           0x080021a5   0x56  Code  Lc  stm32f4xx_hal_uart.o [1]
UART_DMAReceiveCplt     0x08002165   0x38  Code  Lc  stm32f4xx_hal_uart.o [1]
UART_DMARxHalfCplt      0x0800219d    0x6  Code  Lc  stm32f4xx_hal_uart.o [1]
UART_EndRxTransfer      0x0800220d   0x1c  Code  Lc  stm32f4xx_hal_uart.o [1]
UART_EndTransmit_IT     0x0800229b   0x1a  Code  Lc  stm32f4xx_hal_uart.o [1]
UART_EndTxTransfer      0x080021fb   0x12  Code  Lc  stm32f4xx_hal_uart.o [1]
UART_Receive_IT         0x080022b5   0x8e  Code  Lc  stm32f4xx_hal_uart.o [1]
UART_SetConfig          0x08002343  0x26c  Code  Lc  stm32f4xx_hal_uart.o [1]
UART_Transmit_IT        0x08002239   0x62  Code  Lc  stm32f4xx_hal_uart.o [1]
USART2_IRQHandler       0x08003b0f    0x6  Code  Gb  stm32f4xx_it.o [1]
USART3_IRQHandler       0x08003b15    0x6  Code  Gb  stm32f4xx_it.o [1]
UsageFault_Handler      0x08003aed    0x2  Code  Gb  stm32f4xx_it.o [1]
_Error_Handler          0x08001e89    0x2  Code  Gb  main.o [1]
__aeabi_cdcmpeq         0x080038b1         Code  Gb  DblCmpEq.o [4]
__aeabi_cdcmple         0x0800368d         Code  Gb  DblCmpLe.o [4]
__aeabi_cdrcmple        0x080027a1         Code  Gb  DblCmpGe.o [4]
__aeabi_d2f             0x08002abd         Code  Gb  DblToFlt.o [4]
__aeabi_d2iz            0x080027d1         Code  Gb  DblToI32.o [4]
__aeabi_dadd            0x080029d5         Code  Gb  DblAdd.o [4]
__aeabi_dmul            0x08002831         Code  Gb  DblMul.o [4]
__aeabi_dsub            0x080034e5         Code  Gb  DblSub.o [4]
__aeabi_errno_addr      0x080036bd    0x6  Code  Gb  errno.o [3]
__aeabi_f2d             0x08002751         Code  Gb  FltToDbl.o [4]
__aeabi_i2d             0x08002725         Code  Gb  I32ToDbl.o [4]
__cmain                 0x08003c29         Code  Gb  cmain.o [5]
__exit                  0x08003c59   0x14  Code  Gb  exit.o [6]
__iar_Dint              0x08003833   0x7e  Code  Gb  xdint.o [4]
__iar_Errno             0x20000080    0x4  Data  Gb  errno.o [3]
__iar_Quad              0x080036c9  0x12c  Code  Gb  xquad.o [4]
__iar_Sin               0x0800309d  0x442  Code  Gb  xsin.o [4]
__iar_d2uiz             0x080027fd         Code  Gb  DblToI32.o [4]
__iar_dadd              0x080029e9         Code  Gb  DblAdd.o [4]
__iar_data_init3        0x08003bbd   0x28  Code  Gb  data_init.o [5]
__iar_dlib_perthread_access
                        0x08003831    0x2  Code  Gb  xtls.o [3]
__iar_dsub              0x080034f9         Code  Gb  DblSub.o [4]
__iar_dsubStart         0x0800350b         Code  Gb  DblSub.o [4]
__iar_edom              0x08003a79         Code  Gb  iarEdom.o [5]
__iar_fmod              0x080038d1         Code  Gb  fmod.o [4]
__iar_fmodl             0x080038d1         Code  Gb  fmod.o [4]
__iar_init_vfp          0x08003be5         Code  Gb  fpinit_M.o [4]
__iar_packbits_init_single3
                        0x08003b85   0x38  Code  Gb  packbits_init_single.o [5]
__iar_program_start     0x08003c7d         Code  Gb  cstartup_M.o [5]
__iar_ui2d              0x08002739         Code  Gb  I32ToDbl.o [4]
__iar_vfp_cos           0x0800281d   0x12  Code  Gb  cos.o [4]
__iar_zero_init3        0x08003b45   0x40  Code  Gb  zero_init3.o [5]
__low_level_init        0x08003c43    0x4  Code  Gb  low_level_init.o [3]
__vector_table          0x08000000         Data  Gb  startup_stm32f407xx.o [1]
_call_main              0x08003c35         Code  Gb  cmain.o [5]
_exit                   0x08003c4d         Code  Gb  cexit.o [5]
_main                   0x08003c3f         Code  Gb  cmain.o [5]
angleFix                0x08001105   0xd6  Code  Gb  robot_4_wheel.o [1]
chay                    0x20000078    0x4  Data  Gb  robot_4_wheel.o [1]
exit                    0x08003c47    0x4  Code  Gb  exit.o [3]
fmod                    0x080038d1         Code  Gb  fmod.o [4]
fmodl                   0x080038d1         Code  Gb  fmod.o [4]
hdma_usart2_rx          0x20000488   0x60  Data  Gb  main.o [1]
hdma_usart3_rx          0x200004e8   0x60  Data  Gb  main.o [1]
htim2                   0x200005c8   0x3c  Data  Gb  main.o [1]
htim4                   0x20000604   0x3c  Data  Gb  main.o [1]
htim6                   0x20000640   0x3c  Data  Gb  main.o [1]
huart2                  0x20000548   0x40  Data  Gb  main.o [1]
huart3                  0x20000588   0x40  Data  Gb  main.o [1]
ki                      0x2000006c    0x4  Data  Gb  robot_4_wheel.o [1]
kp                      0x20000068    0x4  Data  Gb  robot_4_wheel.o [1]
main                    0x080019d1   0x9e  Code  Gb  main.o [1]
maxSpeed                0x20000064    0x2  Data  Gb  robot_4_wheel.o [1]
ps2                     0x2000067c    0x8  Data  Gb  PS2.o [1]
ps2_read                0x080025bd  0x168  Code  Gb  PS2.o [1]
pwm                     0x08000ccf  0x1be  Code  Gb  robot_4_wheel.o [1]
resetEn                 0x08000cbf   0x10  Code  Gb  robot_4_wheel.o [1]
robot                   0x20000000   0x64  Data  Gb  robot_4_wheel.o [1]
robotIsRotate           0x20000685    0x1  Data  Gb  robot_4_wheel.o [1]
robotIsRun              0x20000684    0x1  Data  Gb  robot_4_wheel.o [1]
robotLock               0x080011fb    0xe  Code  Gb  robot_4_wheel.o [1]
robotRun                0x080011db   0x20  Code  Gb  robot_4_wheel.o [1]
run                     0x08000e8d  0x228  Code  Gb  robot_4_wheel.o [1]
setUpDe                 0x08000c63   0x5c  Code  Gb  robot_4_wheel.o [1]
uwTick                  0x2000068c    0x4  Data  Gb  stm32f4xx_hal.o [1]


[1] = F:\Code\test123\test123\EWARM\test123\Obj
[2] = command line
[3] = dl7M_tlf.a
[4] = m7M_tls.a
[5] = rt7M_tl.a
[6] = shb_l.a

  15 766 bytes of readonly  code memory
      62 bytes of readonly  data memory
   1 676 bytes of readwrite data memory

Errors: none
Warnings: none
