###############################################################################
#
# IAR ELF Linker V7.80.1.11864/W32 for ARM                13/Oct/2018  15:07:24
# Copyright 2007-2016 IAR Systems AB.
#
#    Output file  =  
#        C:\Users\ASUS\Desktop\Duc Hoc ARM\PWM\PWM led\EWARM\PWM led\Exe\PWM
#        led.out
#    Map file     =  
#        C:\Users\ASUS\Desktop\Duc Hoc ARM\PWM\PWM led\EWARM\PWM led\List\PWM
#        led.map
#    Command line =  
#        "C:\Users\ASUS\Desktop\Duc Hoc ARM\PWM\PWM led\EWARM\PWM
#        led\Obj\main.o" "C:\Users\ASUS\Desktop\Duc Hoc ARM\PWM\PWM
#        led\EWARM\PWM led\Obj\startup_stm32f407xx.o"
#        "C:\Users\ASUS\Desktop\Duc Hoc ARM\PWM\PWM led\EWARM\PWM
#        led\Obj\stm32f4xx_hal.o" "C:\Users\ASUS\Desktop\Duc Hoc ARM\PWM\PWM
#        led\EWARM\PWM led\Obj\stm32f4xx_hal_cortex.o"
#        "C:\Users\ASUS\Desktop\Duc Hoc ARM\PWM\PWM led\EWARM\PWM
#        led\Obj\stm32f4xx_hal_dma.o" "C:\Users\ASUS\Desktop\Duc Hoc
#        ARM\PWM\PWM led\EWARM\PWM led\Obj\stm32f4xx_hal_dma_ex.o"
#        "C:\Users\ASUS\Desktop\Duc Hoc ARM\PWM\PWM led\EWARM\PWM
#        led\Obj\stm32f4xx_hal_flash.o" "C:\Users\ASUS\Desktop\Duc Hoc
#        ARM\PWM\PWM led\EWARM\PWM led\Obj\stm32f4xx_hal_flash_ex.o"
#        "C:\Users\ASUS\Desktop\Duc Hoc ARM\PWM\PWM led\EWARM\PWM
#        led\Obj\stm32f4xx_hal_flash_ramfunc.o" "C:\Users\ASUS\Desktop\Duc Hoc
#        ARM\PWM\PWM led\EWARM\PWM led\Obj\stm32f4xx_hal_gpio.o"
#        "C:\Users\ASUS\Desktop\Duc Hoc ARM\PWM\PWM led\EWARM\PWM
#        led\Obj\stm32f4xx_hal_msp.o" "C:\Users\ASUS\Desktop\Duc Hoc
#        ARM\PWM\PWM led\EWARM\PWM led\Obj\stm32f4xx_hal_pwr.o"
#        "C:\Users\ASUS\Desktop\Duc Hoc ARM\PWM\PWM led\EWARM\PWM
#        led\Obj\stm32f4xx_hal_pwr_ex.o" "C:\Users\ASUS\Desktop\Duc Hoc
#        ARM\PWM\PWM led\EWARM\PWM led\Obj\stm32f4xx_hal_rcc.o"
#        "C:\Users\ASUS\Desktop\Duc Hoc ARM\PWM\PWM led\EWARM\PWM
#        led\Obj\stm32f4xx_hal_rcc_ex.o" "C:\Users\ASUS\Desktop\Duc Hoc
#        ARM\PWM\PWM led\EWARM\PWM led\Obj\stm32f4xx_hal_tim.o"
#        "C:\Users\ASUS\Desktop\Duc Hoc ARM\PWM\PWM led\EWARM\PWM
#        led\Obj\stm32f4xx_hal_tim_ex.o" "C:\Users\ASUS\Desktop\Duc Hoc
#        ARM\PWM\PWM led\EWARM\PWM led\Obj\stm32f4xx_it.o"
#        "C:\Users\ASUS\Desktop\Duc Hoc ARM\PWM\PWM led\EWARM\PWM
#        led\Obj\system_stm32f4xx.o" --redirect _Printf=_PrintfFull --redirect
#        _Scanf=_ScanfFull -o "C:\Users\ASUS\Desktop\Duc Hoc ARM\PWM\PWM
#        led\EWARM\PWM led\Exe\PWM led.out" --map "C:\Users\ASUS\Desktop\Duc
#        Hoc ARM\PWM\PWM led\EWARM\PWM led\List\PWM led.map" --config
#        "C:\Users\ASUS\Desktop\Duc Hoc ARM\PWM\PWM
#        led\EWARM/stm32f407xx_flash.icf" --semihosting --entry
#        __iar_program_start --vfe
#
###############################################################################

*******************************************************************************
*** RUNTIME MODEL ATTRIBUTES
***

CppFlavor       = *
__SystemLibrary = DLib


*******************************************************************************
*** PLACEMENT SUMMARY
***

"A0":  place at 0x08000000 { ro section .intvec };
"P1":  place in [from 0x08000000 to 0x080fffff] { ro };
"P2":  place in [from 0x20000000 to 0x2001ffff] { rw, block CSTACK, block HEAP };
initialize by copy { rw };

  Section            Kind        Address    Size  Object
  -------            ----        -------    ----  ------
"A0":                                      0x188
  .intvec            ro code  0x08000000   0x188  startup_stm32f407xx.o [1]
                            - 0x08000188   0x188

"P1":                                     0x102f
  .text              ro code  0x08000188   0x354  stm32f4xx_hal_tim.o [1]
  .text              ro code  0x080004dc    0xc0  stm32f4xx_hal_msp.o [1]
  .text              ro code  0x0800059c    0xc6  stm32f4xx_hal_cortex.o [1]
  .text              ro code  0x08000664   0x1d0  stm32f4xx_hal_gpio.o [1]
  .text              ro code  0x08000834   0x298  stm32f4xx_hal_rcc.o [1]
  .text              ro code  0x08000acc     0xc  stm32f4xx_hal.o [1]
  .text              ro code  0x08000ad8   0x1a4  stm32f4xx_hal_rcc.o [1]
  .text              ro code  0x08000c7c    0x28  stm32f4xx_hal.o [1]
  .text              ro code  0x08000ca4   0x1a0  main.o [1]
  .text              ro code  0x08000e44    0x34  stm32f4xx_hal.o [1]
  .text              ro code  0x08000e78    0x1e  stm32f4xx_hal.o [1]
  .text              ro code  0x08000e98    0x4a  stm32f4xx_hal_tim_ex.o [1]
  .text              ro code  0x08000ee4    0x60  system_stm32f4xx.o [1]
  .text              ro code  0x08000f44    0x38  packbits_init_single.o [5]
  .text              ro code  0x08000f7c    0x28  data_init.o [5]
  .text              ro code  0x08000fa4    0x22  fpinit_M.o [4]
  .iar.init_table    const    0x08000fc8    0x10  - Linker created -
  .text              ro code  0x08000fd8    0x1e  stm32f4xx_it.o [1]
  .text              ro code  0x08000ff8    0x10  stm32f4xx_hal.o [1]
  .text              ro code  0x08001008    0x1a  cmain.o [5]
  .text              ro code  0x08001022     0x4  low_level_init.o [3]
  .text              ro code  0x08001026     0x4  exit.o [3]
  .text              ro code  0x0800102c     0xa  cexit.o [5]
  .text              ro code  0x08001038    0x14  exit.o [6]
  .text              ro code  0x0800104c    0x10  startup_stm32f407xx.o [1]
  .text              ro code  0x0800105c     0xc  cstartup_M.o [5]
  .text              ro code  0x08001068     0x4  startup_stm32f407xx.o [1]
  .text              ro code  0x0800106c     0x4  startup_stm32f407xx.o [1]
  .text              ro code  0x08001070     0x4  startup_stm32f407xx.o [1]
  .text              ro code  0x08001074     0x4  startup_stm32f407xx.o [1]
  .text              ro code  0x08001078     0x4  startup_stm32f407xx.o [1]
  .text              ro code  0x0800107c     0x4  startup_stm32f407xx.o [1]
  .text              ro code  0x08001080     0x4  startup_stm32f407xx.o [1]
  .text              ro code  0x08001084     0x4  startup_stm32f407xx.o [1]
  .text              ro code  0x08001088     0x4  startup_stm32f407xx.o [1]
  .text              ro code  0x0800108c     0x4  startup_stm32f407xx.o [1]
  .text              ro code  0x08001090     0x4  startup_stm32f407xx.o [1]
  .text              ro code  0x08001094     0x4  startup_stm32f407xx.o [1]
  .text              ro code  0x08001098     0x4  startup_stm32f407xx.o [1]
  .text              ro code  0x0800109c     0x4  startup_stm32f407xx.o [1]
  .text              ro code  0x080010a0     0x4  startup_stm32f407xx.o [1]
  .text              ro code  0x080010a4     0x4  startup_stm32f407xx.o [1]
  .text              ro code  0x080010a8     0x4  startup_stm32f407xx.o [1]
  .text              ro code  0x080010ac     0x4  startup_stm32f407xx.o [1]
  .text              ro code  0x080010b0     0x4  startup_stm32f407xx.o [1]
  .text              ro code  0x080010b4     0x4  startup_stm32f407xx.o [1]
  .text              ro code  0x080010b8     0x4  startup_stm32f407xx.o [1]
  .text              ro code  0x080010bc     0x4  startup_stm32f407xx.o [1]
  .text              ro code  0x080010c0     0x4  startup_stm32f407xx.o [1]
  .text              ro code  0x080010c4     0x4  startup_stm32f407xx.o [1]
  .text              ro code  0x080010c8     0x4  startup_stm32f407xx.o [1]
  .text              ro code  0x080010cc     0x4  startup_stm32f407xx.o [1]
  .text              ro code  0x080010d0     0x4  startup_stm32f407xx.o [1]
  .text              ro code  0x080010d4     0x4  startup_stm32f407xx.o [1]
  .text              ro code  0x080010d8     0x4  startup_stm32f407xx.o [1]
  .text              ro code  0x080010dc     0x4  startup_stm32f407xx.o [1]
  .text              ro code  0x080010e0     0x4  startup_stm32f407xx.o [1]
  .text              ro code  0x080010e4     0x4  startup_stm32f407xx.o [1]
  .text              ro code  0x080010e8     0x4  startup_stm32f407xx.o [1]
  .text              ro code  0x080010ec     0x4  startup_stm32f407xx.o [1]
  .text              ro code  0x080010f0     0x4  startup_stm32f407xx.o [1]
  .text              ro code  0x080010f4     0x4  startup_stm32f407xx.o [1]
  .text              ro code  0x080010f8     0x4  startup_stm32f407xx.o [1]
  .text              ro code  0x080010fc     0x4  startup_stm32f407xx.o [1]
  .text              ro code  0x08001100     0x4  startup_stm32f407xx.o [1]
  .text              ro code  0x08001104     0x4  startup_stm32f407xx.o [1]
  .text              ro code  0x08001108     0x4  startup_stm32f407xx.o [1]
  .text              ro code  0x0800110c     0x4  startup_stm32f407xx.o [1]
  .text              ro code  0x08001110     0x4  startup_stm32f407xx.o [1]
  .text              ro code  0x08001114     0x4  startup_stm32f407xx.o [1]
  .text              ro code  0x08001118     0x4  startup_stm32f407xx.o [1]
  .text              ro code  0x0800111c     0x4  startup_stm32f407xx.o [1]
  .text              ro code  0x08001120     0x4  startup_stm32f407xx.o [1]
  .text              ro code  0x08001124     0x4  startup_stm32f407xx.o [1]
  .text              ro code  0x08001128     0x4  startup_stm32f407xx.o [1]
  .text              ro code  0x0800112c     0x4  startup_stm32f407xx.o [1]
  .text              ro code  0x08001130     0x4  startup_stm32f407xx.o [1]
  .text              ro code  0x08001134     0x4  startup_stm32f407xx.o [1]
  .text              ro code  0x08001138     0x4  startup_stm32f407xx.o [1]
  .text              ro code  0x0800113c     0x4  startup_stm32f407xx.o [1]
  .text              ro code  0x08001140     0x4  startup_stm32f407xx.o [1]
  .text              ro code  0x08001144     0x4  startup_stm32f407xx.o [1]
  .text              ro code  0x08001148     0x4  startup_stm32f407xx.o [1]
  .text              ro code  0x0800114c     0x4  startup_stm32f407xx.o [1]
  .text              ro code  0x08001150     0x4  startup_stm32f407xx.o [1]
  .text              ro code  0x08001154     0x4  startup_stm32f407xx.o [1]
  .text              ro code  0x08001158     0x4  startup_stm32f407xx.o [1]
  .text              ro code  0x0800115c     0x4  startup_stm32f407xx.o [1]
  .text              ro code  0x08001160     0x4  startup_stm32f407xx.o [1]
  .text              ro code  0x08001164     0x4  startup_stm32f407xx.o [1]
  .text              ro code  0x08001168     0x4  startup_stm32f407xx.o [1]
  .text              ro code  0x0800116c     0x4  startup_stm32f407xx.o [1]
  .text              ro code  0x08001170     0x4  startup_stm32f407xx.o [1]
  .text              ro code  0x08001174     0x4  startup_stm32f407xx.o [1]
  .text              ro code  0x08001178     0x4  startup_stm32f407xx.o [1]
  .text              ro code  0x0800117c     0x4  startup_stm32f407xx.o [1]
  .text              ro code  0x08001180     0x4  startup_stm32f407xx.o [1]
  .text              ro code  0x08001184     0x4  startup_stm32f407xx.o [1]
  .text              ro code  0x08001188     0x4  startup_stm32f407xx.o [1]
  .text              ro code  0x0800118c     0x4  startup_stm32f407xx.o [1]
  .text              ro code  0x08001190     0x4  startup_stm32f407xx.o [1]
  .text              ro code  0x08001194     0x4  startup_stm32f407xx.o [1]
  .text              ro code  0x08001198     0x4  startup_stm32f407xx.o [1]
  .text              ro code  0x0800119c     0x4  startup_stm32f407xx.o [1]
  .text              ro code  0x080011a0     0x4  startup_stm32f407xx.o [1]
  .text              ro code  0x080011a4     0x4  startup_stm32f407xx.o [1]
  .text              ro code  0x080011a8     0x4  startup_stm32f407xx.o [1]
  .rodata            const    0x080011ac     0x0  packbits_init_single.o [5]
  Initializer bytes  const    0x080011ac     0xb  <for P2-1>
                            - 0x080011b7  0x102f

"P2", part 1 of 2:                          0x48
  P2-1                        0x20000000    0x48  <Init block>
    .data            inited   0x20000000    0x40  main.o [1]
    .data            inited   0x20000040     0x4  system_stm32f4xx.o [1]
    .bss             inited   0x20000044     0x4  stm32f4xx_hal.o [1]
                            - 0x20000048    0x48

"P2", part 2 of 2:                         0x400
  CSTACK                      0x20000048   0x400  <Block>
    CSTACK           uninit   0x20000048   0x400  <Block tail>
                            - 0x20000448   0x400


*******************************************************************************
*** INIT TABLE
***

          Address     Size
          -------     ----
Copy/packbits (__iar_packbits_init_single3)
    1 source range, total size 0xb (15% of destination):
          0x080011ac   0xb
    1 destination range, total size 0x48:
          0x20000000  0x48



*******************************************************************************
*** MODULE SUMMARY
***

    Module                  ro code  ro data  rw data
    ------                  -------  -------  -------
C:\Users\ASUS\Desktop\Duc Hoc ARM\PWM\PWM led\EWARM\PWM led\Obj: [1]
    main.o                      416        9       64
    startup_stm32f407xx.o       732
    stm32f4xx_hal.o             150        1        4
    stm32f4xx_hal_cortex.o      198
    stm32f4xx_hal_gpio.o        464
    stm32f4xx_hal_msp.o         192
    stm32f4xx_hal_rcc.o       1 084
    stm32f4xx_hal_tim.o         852
    stm32f4xx_hal_tim_ex.o       74
    stm32f4xx_it.o               30
    system_stm32f4xx.o           96        1        4
    -------------------------------------------------
    Total:                    4 288       11       72

command line: [2]
    -------------------------------------------------
    Total:

dl7M_tlf.a: [3]
    exit.o                        4
    low_level_init.o              4
    -------------------------------------------------
    Total:                        8

m7M_tls.a: [4]
    fpinit_M.o                   34
    -------------------------------------------------
    Total:                       34

rt7M_tl.a: [5]
    cexit.o                      10
    cmain.o                      26
    cstartup_M.o                 12
    data_init.o                  40
    packbits_init_single.o       56
    -------------------------------------------------
    Total:                      144

shb_l.a: [6]
    exit.o                       20
    -------------------------------------------------
    Total:                       20

    Gaps                         12        2
    Linker created                        16    1 024
-----------------------------------------------------
    Grand Total:              4 506       29    1 096


*******************************************************************************
*** ENTRY LIST
***

Entry                      Address   Size  Type      Object
-----                      -------   ----  ----      ------
.iar.init_table$$Base   0x08000fc8          --   Gb  - Linker created -
.iar.init_table$$Limit  0x08000fd8          --   Gb  - Linker created -
?main                   0x08001009         Code  Gb  cmain.o [5]
AHBPrescTable           0x08000f34   0x10  Data  Gb  system_stm32f4xx.o [1]
BusFault_Handler        0x08000fdf    0x2  Code  Gb  stm32f4xx_it.o [1]
CSTACK$$Base            0x20000048          --   Gb  - Linker created -
CSTACK$$Limit           0x20000448          --   Gb  - Linker created -
DebugMon_Handler        0x08000fe5    0x2  Code  Gb  stm32f4xx_it.o [1]
HAL_Delay               0x08000e79   0x1e  Code  Wk  stm32f4xx_hal.o [1]
HAL_GPIO_Init           0x08000665  0x1a4  Code  Gb  stm32f4xx_hal_gpio.o [1]
HAL_GetTick             0x08000acd    0xc  Code  Wk  stm32f4xx_hal.o [1]
HAL_IncTick             0x08000ff9   0x10  Code  Wk  stm32f4xx_hal.o [1]
HAL_Init                0x08000e45   0x30  Code  Gb  stm32f4xx_hal.o [1]
HAL_InitTick            0x08000c7d   0x28  Code  Wk  stm32f4xx_hal.o [1]
HAL_MspInit             0x080004dd   0x60  Code  Gb  stm32f4xx_hal_msp.o [1]
HAL_NVIC_SetPriority    0x080005d1   0x3a  Code  Gb  stm32f4xx_hal_cortex.o [1]
HAL_NVIC_SetPriorityGrouping
                        0x080005b7   0x1a  Code  Gb  stm32f4xx_hal_cortex.o [1]
HAL_RCC_ClockConfig     0x08000ad9  0x12a  Code  Gb  stm32f4xx_hal_rcc.o [1]
HAL_RCC_GetHCLKFreq     0x08000c11    0x6  Code  Gb  stm32f4xx_hal_rcc.o [1]
HAL_RCC_GetSysClockFreq
                        0x08000c29   0x54  Code  Wk  stm32f4xx_hal_rcc.o [1]
HAL_RCC_OscConfig       0x08000835  0x298  Code  Wk  stm32f4xx_hal_rcc.o [1]
HAL_SYSTICK_CLKSourceConfig
                        0x08000633   0x14  Code  Gb  stm32f4xx_hal_cortex.o [1]
HAL_SYSTICK_Callback    0x08000661    0x2  Code  Wk  stm32f4xx_hal_cortex.o [1]
HAL_SYSTICK_Config      0x0800060b   0x28  Code  Gb  stm32f4xx_hal_cortex.o [1]
HAL_SYSTICK_IRQHandler  0x0800065d    0x4  Code  Gb  stm32f4xx_hal_cortex.o [1]
HAL_TIMEx_MasterConfigSynchronization
                        0x08000e99   0x4a  Code  Gb  stm32f4xx_hal_tim_ex.o [1]
HAL_TIM_IC_Start        0x080001df    0xa  Code  Gb  stm32f4xx_hal_tim.o [1]
HAL_TIM_MspPostInit     0x08000563   0x2c  Code  Gb  stm32f4xx_hal_msp.o [1]
HAL_TIM_PWM_ConfigChannel
                        0x080001e9   0xb8  Code  Gb  stm32f4xx_hal_tim.o [1]
HAL_TIM_PWM_Init        0x080001b3   0x1a  Code  Gb  stm32f4xx_hal_tim.o [1]
HAL_TIM_PWM_MspInit     0x0800053d   0x26  Code  Gb  stm32f4xx_hal_msp.o [1]
HardFault_Handler       0x08000fdb    0x2  Code  Gb  stm32f4xx_it.o [1]
MX_TIM3_Init            0x08000dc7   0x68  Code  Lc  main.o [1]
MemManage_Handler       0x08000fdd    0x2  Code  Gb  stm32f4xx_it.o [1]
NMI_Handler             0x08000fd9    0x2  Code  Gb  stm32f4xx_it.o [1]
NVIC_SetPriority        0x0800059d   0x1a  Code  Lc  stm32f4xx_hal_cortex.o [1]
PendSV_Handler          0x08000fe7    0x2  Code  Gb  stm32f4xx_it.o [1]
Region$$Table$$Base     0x08000fc8          --   Gb  - Linker created -
Region$$Table$$Limit    0x08000fd8          --   Gb  - Linker created -
SVC_Handler             0x08000fe3    0x2  Code  Gb  stm32f4xx_it.o [1]
SysTick_Handler         0x08000fe9    0xe  Code  Gb  stm32f4xx_it.o [1]
SystemClock_Config      0x08000d19   0xae  Code  Gb  main.o [1]
SystemCoreClock         0x20000040    0x4  Data  Gb  system_stm32f4xx.o [1]
SystemInit              0x08000ee5   0x3a  Code  Gb  system_stm32f4xx.o [1]
TIM_Base_SetConfig      0x080002bb   0x90  Code  Gb  stm32f4xx_hal_tim.o [1]
TIM_CCxChannelCmd       0x0800039f   0x18  Code  Gb  stm32f4xx_hal_tim.o [1]
TIM_OC1_SetConfig       0x080003b7   0x4a  Code  Lc  stm32f4xx_hal_tim.o [1]
TIM_OC2_SetConfig       0x0800034d   0x52  Code  Gb  stm32f4xx_hal_tim.o [1]
TIM_OC3_SetConfig       0x0800040d   0x56  Code  Lc  stm32f4xx_hal_tim.o [1]
TIM_OC4_SetConfig       0x08000469   0x46  Code  Lc  stm32f4xx_hal_tim.o [1]
UsageFault_Handler      0x08000fe1    0x2  Code  Gb  stm32f4xx_it.o [1]
__cmain                 0x08001009         Code  Gb  cmain.o [5]
__exit                  0x08001039   0x14  Code  Gb  exit.o [6]
__iar_data_init3        0x08000f7d   0x28  Code  Gb  data_init.o [5]
__iar_init_vfp          0x08000fa5         Code  Gb  fpinit_M.o [4]
__iar_packbits_init_single3
                        0x08000f45   0x38  Code  Gb  packbits_init_single.o [5]
__iar_program_start     0x0800105d         Code  Gb  cstartup_M.o [5]
__low_level_init        0x08001023    0x4  Code  Gb  low_level_init.o [3]
__vector_table          0x08000000         Data  Gb  startup_stm32f407xx.o [1]
_call_main              0x08001015         Code  Gb  cmain.o [5]
_exit                   0x0800102d         Code  Gb  cexit.o [5]
_main                   0x0800101f         Code  Gb  cmain.o [5]
exit                    0x08001027    0x4  Code  Gb  exit.o [3]
giatri                  0x20000000    0x2  Data  Gb  main.o [1]
giatritang              0x20000002    0x2  Data  Gb  main.o [1]
htim3                   0x20000004   0x3c  Data  Gb  main.o [1]
main                    0x08000ca5   0x74  Code  Gb  main.o [1]
uwTick                  0x20000044    0x4  Data  Gb  stm32f4xx_hal.o [1]


[1] = C:\Users\ASUS\Desktop\Duc Hoc ARM\PWM\PWM led\EWARM\PWM led\Obj
[2] = command line
[3] = dl7M_tlf.a
[4] = m7M_tls.a
[5] = rt7M_tl.a
[6] = shb_l.a

  4 506 bytes of readonly  code memory
     29 bytes of readonly  data memory
  1 096 bytes of readwrite data memory

Errors: none
Warnings: none
